Archive member included to satisfy reference by file (symbol)

obj_cooja/mtype539.a(simEnvChange.o)
                              obj_cooja/mtype539.o (simDontFallAsleep)
obj_cooja/mtype539.a(cooja_mt.o)
                              obj_cooja/mtype539.o (cooja_mt_start)
obj_cooja/mtype539.a(cooja_mtarch.o)
                              obj_cooja/mtype539.a(cooja_mt.o) (cooja_mtarch_init)
obj_cooja/mtype539.a(rtimer-arch.o)
                              obj_cooja/mtype539.o (rtimer_arch_check)
obj_cooja/mtype539.a(beep.o)  obj_cooja/mtype539.o (beep_interface)
obj_cooja/mtype539.a(button-sensor.o)
                              obj_cooja/mtype539.o (button_interface)
obj_cooja/mtype539.a(leds-arch.o)
                              obj_cooja/mtype539.o (leds_interface)
obj_cooja/mtype539.a(moteid.o)
                              obj_cooja/mtype539.o (moteid_interface)
obj_cooja/mtype539.a(pir-sensor.o)
                              obj_cooja/mtype539.o (pir_interface)
obj_cooja/mtype539.a(rs232.o)
                              obj_cooja/mtype539.o (rs232_interface)
obj_cooja/mtype539.a(vib-sensor.o)
                              obj_cooja/mtype539.o (vib_interface)
obj_cooja/mtype539.a(clock.o)
                              obj_cooja/mtype539.o (clock_interface)
obj_cooja/mtype539.a(log.o)   obj_cooja/mtype539.o (simlog_interface)
obj_cooja/mtype539.a(cfs-cooja.o)
                              obj_cooja/mtype539.o (cfs_interface)
obj_cooja/mtype539.a(cooja-radio.o)
                              obj_cooja/mtype539.o (radio_interface)
obj_cooja/mtype539.a(eeprom.o)
                              obj_cooja/mtype539.o (eeprom_interface)
obj_cooja/mtype539.a(random.o)
                              obj_cooja/mtype539.a(moteid.o) (random_init)
obj_cooja/mtype539.a(sensors.o)
                              obj_cooja/mtype539.o (sensors_process)
obj_cooja/mtype539.a(autostart.o)
                              obj_cooja/mtype539.o (autostart_start)
obj_cooja/mtype539.a(ctimer.o)
                              obj_cooja/mtype539.o (ctimer_init)
obj_cooja/mtype539.a(etimer.o)
                              obj_cooja/mtype539.o (etimer_process)
obj_cooja/mtype539.a(process.o)
                              obj_cooja/mtype539.a(ctimer.o) (process_current)
obj_cooja/mtype539.a(rtimer.o)
                              obj_cooja/mtype539.a(rtimer-arch.o) (rtimer_run_next)
obj_cooja/mtype539.a(timer.o)
                              obj_cooja/mtype539.a(button-sensor.o) (timer_set)
obj_cooja/mtype539.a(serial-line.o)
                              obj_cooja/mtype539.a(rs232.o) (serial_line_input_byte)
obj_cooja/mtype539.a(list.o)  obj_cooja/mtype539.a(ctimer.o) (list_init)
obj_cooja/mtype539.a(memb.o)  example-neighbors.co (memb_alloc)
obj_cooja/mtype539.a(ringbuf.o)
                              obj_cooja/mtype539.a(serial-line.o) (ringbuf_init)
obj_cooja/mtype539.a(unicast.o)
                              example-neighbors.co (unicast_open)
obj_cooja/mtype539.a(broadcast.o)
                              example-neighbors.co (broadcast_open)
obj_cooja/mtype539.a(rime.o)  obj_cooja/mtype539.o (rime_driver)
obj_cooja/mtype539.a(abc.o)   obj_cooja/mtype539.a(broadcast.o) (abc_open)
obj_cooja/mtype539.a(announcement.o)
                              obj_cooja/mtype539.a(rime.o) (announcement_init)
obj_cooja/mtype539.a(queuebuf.o)
                              obj_cooja/mtype539.o (queuebuf_init)
obj_cooja/mtype539.a(packetbuf.o)
                              example-neighbors.co (packetbuf_attrs)
obj_cooja/mtype539.a(netstack.o)
                              obj_cooja/mtype539.o (netstack_init)
obj_cooja/mtype539.a(linkaddr.o)
                              obj_cooja/mtype539.o (linkaddr_node_addr)
obj_cooja/mtype539.a(csma.o)  obj_cooja/mtype539.o (csma_driver)
obj_cooja/mtype539.a(mac.o)   obj_cooja/mtype539.a(csma.o) (mac_call_sent_callback)
obj_cooja/mtype539.a(nullrdc.o)
                              obj_cooja/mtype539.o (nullrdc_driver)
obj_cooja/mtype539.a(nullsec.o)
                              obj_cooja/mtype539.a(rime.o) (nullsec_driver)
obj_cooja/mtype539.a(rimestats.o)
                              obj_cooja/mtype539.a(cooja-radio.o) (rimestats)
obj_cooja/mtype539.a(broadcast-annou)
                              obj_cooja/mtype539.a(rime.o) (broadcast_announcement_init)
obj_cooja/mtype539.a(chameleon.o)
                              obj_cooja/mtype539.a(rime.o) (chameleon_init)
obj_cooja/mtype539.a(channel.o)
                              obj_cooja/mtype539.a(chameleon.o) (channel_init)
obj_cooja/mtype539.a(framer-nullmac.)
                              obj_cooja/mtype539.a(nullrdc.o) (framer_nullmac)
obj_cooja/mtype539.a(chameleon-bitop)
                              obj_cooja/mtype539.a(chameleon.o) (chameleon_bitopt)

Allocating common symbols
Common symbol       size              file

simButtonIsActive   0x1               obj_cooja/mtype539.a(button-sensor.o)
simButtonIsDown     0x1               obj_cooja/mtype539.a(button-sensor.o)
simOutDataBuffer    0x80              obj_cooja/mtype539.a(cooja-radio.o)
linkaddr_node_addr  0x2               obj_cooja/mtype539.a(linkaddr.o)
simSerialReceivingFlag
                    0x1               obj_cooja/mtype539.a(rs232.o)
simEEPROMData       0x400             obj_cooja/mtype539.a(eeprom.o)
simLoggedLength     0x4               obj_cooja/mtype539.a(log.o)
simSerialReceivingLength
                    0x4               obj_cooja/mtype539.a(rs232.o)
simEtimerPending    0x4               obj_cooja/mtype539.a(simEnvChange.o)
simVibChanged       0x1               obj_cooja/mtype539.a(vib-sensor.o)
rimestats           0x48              obj_cooja/mtype539.a(rimestats.o)
simRtimerPending    0x4               obj_cooja/mtype539.a(rtimer-arch.o)
simProcessRunValue  0x4               obj_cooja/mtype539.a(simEnvChange.o)
serial_line_event_message
                    0x1               obj_cooja/mtype539.a(serial-line.o)
referenceVar        0x4               obj_cooja/mtype539.o
simCurrentTime      0x4               obj_cooja/mtype539.a(clock.o)
simVibIsActive      0x1               obj_cooja/mtype539.a(vib-sensor.o)
simSerialReceivingData
                    0x800             obj_cooja/mtype539.a(rs232.o)
simLoggedFlag       0x1               obj_cooja/mtype539.a(log.o)
packetbuf_attrs     0x34              obj_cooja/mtype539.a(packetbuf.o)
simRtimerCurrentTicks
                    0x8               obj_cooja/mtype539.a(rtimer-arch.o)
simRandomSeed       0x4               obj_cooja/mtype539.a(moteid.o)
simLoggedData       0x400             obj_cooja/mtype539.a(log.o)
simLedsValue        0x1               obj_cooja/mtype539.a(leds-arch.o)
simEtimerNextExpirationTime
                    0x4               obj_cooja/mtype539.a(simEnvChange.o)
simButtonChanged    0x1               obj_cooja/mtype539.a(button-sensor.o)
simRtimerNextExpirationTime
                    0x8               obj_cooja/mtype539.a(rtimer-arch.o)
simPirIsActive      0x1               obj_cooja/mtype539.a(pir-sensor.o)
simInDataBuffer     0x80              obj_cooja/mtype539.a(cooja-radio.o)
simPirChanged       0x1               obj_cooja/mtype539.a(pir-sensor.o)
simBeeped           0x1               obj_cooja/mtype539.a(beep.o)
sensors_event       0x1               obj_cooja/mtype539.a(sensors.o)
packetbuf_addrs     0x8               obj_cooja/mtype539.a(packetbuf.o)
simMoteIDChanged    0x1               obj_cooja/mtype539.a(moteid.o)
sensors_flags       0x4               obj_cooja/mtype539.o
simMoteID           0x4               obj_cooja/mtype539.a(moteid.o)

Discarded input sections

 .note.GNU-stack
                0x0000000000000000        0x0 /usr/lib/gcc/i686-linux-gnu/5/../../../i386-linux-gnu/crti.o
 .group         0x0000000000000000        0x8 /usr/lib/gcc/i686-linux-gnu/5/crtbeginS.o
 .group         0x0000000000000000        0x8 /usr/lib/gcc/i686-linux-gnu/5/crtbeginS.o
 .text.__x86.get_pc_thunk.bx
                0x0000000000000000        0x4 /usr/lib/gcc/i686-linux-gnu/5/crtbeginS.o
 .note.GNU-stack
                0x0000000000000000        0x0 /usr/lib/gcc/i686-linux-gnu/5/crtbeginS.o
 .note.GNU-stack
                0x0000000000000000        0x0 example-neighbors.co
 .note.GNU-stack
                0x0000000000000000        0x0 obj_cooja/mtype539.o
 .note.GNU-stack
                0x0000000000000000        0x0 obj_cooja/mtype539.a(simEnvChange.o)
 .note.GNU-stack
                0x0000000000000000        0x0 obj_cooja/mtype539.a(cooja_mt.o)
 .note.GNU-stack
                0x0000000000000000        0x0 obj_cooja/mtype539.a(cooja_mtarch.o)
 .note.GNU-stack
                0x0000000000000000        0x0 obj_cooja/mtype539.a(rtimer-arch.o)
 .note.GNU-stack
                0x0000000000000000        0x0 obj_cooja/mtype539.a(beep.o)
 .note.GNU-stack
                0x0000000000000000        0x0 obj_cooja/mtype539.a(button-sensor.o)
 .note.GNU-stack
                0x0000000000000000        0x0 obj_cooja/mtype539.a(leds-arch.o)
 .note.GNU-stack
                0x0000000000000000        0x0 obj_cooja/mtype539.a(moteid.o)
 .note.GNU-stack
                0x0000000000000000        0x0 obj_cooja/mtype539.a(pir-sensor.o)
 .note.GNU-stack
                0x0000000000000000        0x0 obj_cooja/mtype539.a(rs232.o)
 .note.GNU-stack
                0x0000000000000000        0x0 obj_cooja/mtype539.a(vib-sensor.o)
 .note.GNU-stack
                0x0000000000000000        0x0 obj_cooja/mtype539.a(clock.o)
 .note.GNU-stack
                0x0000000000000000        0x0 obj_cooja/mtype539.a(log.o)
 .note.GNU-stack
                0x0000000000000000        0x0 obj_cooja/mtype539.a(cfs-cooja.o)
 .note.GNU-stack
                0x0000000000000000        0x0 obj_cooja/mtype539.a(cooja-radio.o)
 .note.GNU-stack
                0x0000000000000000        0x0 obj_cooja/mtype539.a(eeprom.o)
 .note.GNU-stack
                0x0000000000000000        0x0 obj_cooja/mtype539.a(random.o)
 .note.GNU-stack
                0x0000000000000000        0x0 obj_cooja/mtype539.a(sensors.o)
 .note.GNU-stack
                0x0000000000000000        0x0 obj_cooja/mtype539.a(autostart.o)
 .note.GNU-stack
                0x0000000000000000        0x0 obj_cooja/mtype539.a(ctimer.o)
 .note.GNU-stack
                0x0000000000000000        0x0 obj_cooja/mtype539.a(etimer.o)
 .note.GNU-stack
                0x0000000000000000        0x0 obj_cooja/mtype539.a(process.o)
 .note.GNU-stack
                0x0000000000000000        0x0 obj_cooja/mtype539.a(rtimer.o)
 .note.GNU-stack
                0x0000000000000000        0x0 obj_cooja/mtype539.a(timer.o)
 .note.GNU-stack
                0x0000000000000000        0x0 obj_cooja/mtype539.a(serial-line.o)
 .note.GNU-stack
                0x0000000000000000        0x0 obj_cooja/mtype539.a(list.o)
 .note.GNU-stack
                0x0000000000000000        0x0 obj_cooja/mtype539.a(memb.o)
 .note.GNU-stack
                0x0000000000000000        0x0 obj_cooja/mtype539.a(ringbuf.o)
 .note.GNU-stack
                0x0000000000000000        0x0 obj_cooja/mtype539.a(unicast.o)
 .note.GNU-stack
                0x0000000000000000        0x0 obj_cooja/mtype539.a(broadcast.o)
 .note.GNU-stack
                0x0000000000000000        0x0 obj_cooja/mtype539.a(rime.o)
 .note.GNU-stack
                0x0000000000000000        0x0 obj_cooja/mtype539.a(abc.o)
 .note.GNU-stack
                0x0000000000000000        0x0 obj_cooja/mtype539.a(announcement.o)
 .note.GNU-stack
                0x0000000000000000        0x0 obj_cooja/mtype539.a(queuebuf.o)
 .note.GNU-stack
                0x0000000000000000        0x0 obj_cooja/mtype539.a(packetbuf.o)
 .note.GNU-stack
                0x0000000000000000        0x0 obj_cooja/mtype539.a(netstack.o)
 .note.GNU-stack
                0x0000000000000000        0x0 obj_cooja/mtype539.a(linkaddr.o)
 .note.GNU-stack
                0x0000000000000000        0x0 obj_cooja/mtype539.a(csma.o)
 .note.GNU-stack
                0x0000000000000000        0x0 obj_cooja/mtype539.a(mac.o)
 .note.GNU-stack
                0x0000000000000000        0x0 obj_cooja/mtype539.a(nullrdc.o)
 .note.GNU-stack
                0x0000000000000000        0x0 obj_cooja/mtype539.a(nullsec.o)
 .note.GNU-stack
                0x0000000000000000        0x0 obj_cooja/mtype539.a(rimestats.o)
 .note.GNU-stack
                0x0000000000000000        0x0 obj_cooja/mtype539.a(broadcast-annou)
 .note.GNU-stack
                0x0000000000000000        0x0 obj_cooja/mtype539.a(chameleon.o)
 .note.GNU-stack
                0x0000000000000000        0x0 obj_cooja/mtype539.a(channel.o)
 .note.GNU-stack
                0x0000000000000000        0x0 obj_cooja/mtype539.a(framer-nullmac.)
 .note.GNU-stack
                0x0000000000000000        0x0 obj_cooja/mtype539.a(chameleon-bitop)
 .note.GNU-stack
                0x0000000000000000        0x0 /usr/lib/gcc/i686-linux-gnu/5/crtendS.o
 .note.GNU-stack
                0x0000000000000000        0x0 /usr/lib/gcc/i686-linux-gnu/5/../../../i386-linux-gnu/crtn.o

Memory Configuration

Name             Origin             Length             Attributes
*default*        0x0000000000000000 0xffffffffffffffff

Linker script and memory map

LOAD /usr/lib/gcc/i686-linux-gnu/5/../../../i386-linux-gnu/crti.o
LOAD /usr/lib/gcc/i686-linux-gnu/5/crtbeginS.o
LOAD example-neighbors.co
LOAD obj_cooja/mtype539.o
LOAD obj_cooja/mtype539.a
LOAD /usr/lib/gcc/i686-linux-gnu/5/libgcc.a
LOAD /usr/lib/gcc/i686-linux-gnu/5/libgcc_s.so
LOAD /usr/lib/gcc/i686-linux-gnu/5/../../../i386-linux-gnu/libc.so
START GROUP
LOAD /lib/i386-linux-gnu/libc.so.6
LOAD /usr/lib/i386-linux-gnu/libc_nonshared.a
LOAD /lib/i386-linux-gnu/ld-linux.so.2
END GROUP
LOAD /usr/lib/gcc/i686-linux-gnu/5/libgcc.a
LOAD /usr/lib/gcc/i686-linux-gnu/5/libgcc_s.so
LOAD /usr/lib/gcc/i686-linux-gnu/5/crtendS.o
LOAD /usr/lib/gcc/i686-linux-gnu/5/../../../i386-linux-gnu/crtn.o
                0x0000000000000114                . = (0x0 + SIZEOF_HEADERS)

.note.gnu.build-id
                0x0000000000000114       0x24
 *(.note.gnu.build-id)
 .note.gnu.build-id
                0x0000000000000114       0x24 /usr/lib/gcc/i686-linux-gnu/5/../../../i386-linux-gnu/crti.o

.hash
 *(.hash)

.gnu.hash       0x0000000000000138      0xa14
 *(.gnu.hash)
 .gnu.hash      0x0000000000000138      0xa14 /usr/lib/gcc/i686-linux-gnu/5/../../../i386-linux-gnu/crti.o

.dynsym         0x0000000000000b4c     0x1490
 *(.dynsym)
 .dynsym        0x0000000000000b4c     0x1490 /usr/lib/gcc/i686-linux-gnu/5/../../../i386-linux-gnu/crti.o

.dynstr         0x0000000000001fdc     0x144e
 *(.dynstr)
 .dynstr        0x0000000000001fdc     0x144e /usr/lib/gcc/i686-linux-gnu/5/../../../i386-linux-gnu/crti.o

.gnu.version    0x000000000000342a      0x292
 *(.gnu.version)
 .gnu.version   0x000000000000342a      0x292 /usr/lib/gcc/i686-linux-gnu/5/../../../i386-linux-gnu/crti.o

.gnu.version_d  0x00000000000036bc        0x0
 *(.gnu.version_d)
 .gnu.version_d
                0x00000000000036bc        0x0 /usr/lib/gcc/i686-linux-gnu/5/../../../i386-linux-gnu/crti.o

.gnu.version_r  0x00000000000036bc       0x40
 *(.gnu.version_r)
 .gnu.version_r
                0x00000000000036bc       0x40 /usr/lib/gcc/i686-linux-gnu/5/../../../i386-linux-gnu/crti.o

.rel.dyn        0x00000000000036fc     0x2558
 *(.rel.init)
 .rel.init      0x00000000000036fc        0x0 /usr/lib/gcc/i686-linux-gnu/5/../../../i386-linux-gnu/crti.o
 *(.rel.text .rel.text.* .rel.gnu.linkonce.t.*)
 .rel.text      0x00000000000036fc     0x20d8 /usr/lib/gcc/i686-linux-gnu/5/../../../i386-linux-gnu/crti.o
 *(.rel.fini)
 .rel.fini      0x00000000000057d4        0x0 /usr/lib/gcc/i686-linux-gnu/5/../../../i386-linux-gnu/crti.o
 *(.rel.rodata .rel.rodata.* .rel.gnu.linkonce.r.*)
 .rel.rodata    0x00000000000057d4      0x2c0 /usr/lib/gcc/i686-linux-gnu/5/../../../i386-linux-gnu/crti.o
 *(.rel.data.rel.ro .rel.data.rel.ro.* .rel.gnu.linkonce.d.rel.ro.*)
 *(.rel.data .rel.data.* .rel.gnu.linkonce.d.*)
 .rel.data.rel.local
                0x0000000000005a94        0x8 /usr/lib/gcc/i686-linux-gnu/5/../../../i386-linux-gnu/crti.o
 .rel.data      0x0000000000005a9c      0x180 /usr/lib/gcc/i686-linux-gnu/5/../../../i386-linux-gnu/crti.o
 *(.rel.tdata .rel.tdata.* .rel.gnu.linkonce.td.*)
 *(.rel.tbss .rel.tbss.* .rel.gnu.linkonce.tb.*)
 *(.rel.ctors)
 *(.rel.dtors)
 *(.rel.got)
 .rel.got       0x0000000000005c1c       0x28 /usr/lib/gcc/i686-linux-gnu/5/../../../i386-linux-gnu/crti.o
 *(.rel.bss .rel.bss.* .rel.gnu.linkonce.b.*)
 *(.rel.ifunc)
 .rel.ifunc     0x0000000000005c44        0x0 /usr/lib/gcc/i686-linux-gnu/5/../../../i386-linux-gnu/crti.o
 .rel.fini_array
                0x0000000000005c44        0x8 /usr/lib/gcc/i686-linux-gnu/5/../../../i386-linux-gnu/crti.o
 .rel.init_array
                0x0000000000005c4c        0x8 /usr/lib/gcc/i686-linux-gnu/5/../../../i386-linux-gnu/crti.o

.rel.plt        0x0000000000005c54        0x0
 *(.rel.plt)
 .rel.plt       0x0000000000005c54        0x0 /usr/lib/gcc/i686-linux-gnu/5/../../../i386-linux-gnu/crti.o
 *(.rel.iplt)

.init           0x0000000000005c54       0x23
 *(SORT(.init))
 .init          0x0000000000005c54       0x1e /usr/lib/gcc/i686-linux-gnu/5/../../../i386-linux-gnu/crti.o
                0x0000000000005c54                _init
 .init          0x0000000000005c72        0x5 /usr/lib/gcc/i686-linux-gnu/5/../../../i386-linux-gnu/crtn.o

.plt            0x0000000000005c80       0x10
 *(.plt)
 .plt           0x0000000000005c80       0x10 /usr/lib/gcc/i686-linux-gnu/5/../../../i386-linux-gnu/crti.o
 *(.iplt)

.plt.got        0x0000000000005c90       0x10
 *(.plt.got)
 .plt.got       0x0000000000005c90       0x10 /usr/lib/gcc/i686-linux-gnu/5/../../../i386-linux-gnu/crti.o

.text           0x0000000000005ca0     0x5e9a
 *(.text.unlikely .text.*_unlikely .text.unlikely.*)
 .text.unlikely
                0x0000000000005ca0        0x0 /usr/lib/gcc/i686-linux-gnu/5/crtbeginS.o
 *(.text.exit .text.exit.*)
 *(.text.startup .text.startup.*)
 *(.text.hot .text.hot.*)
 *(.text .stub .text.* .gnu.linkonce.t.*)
 .text          0x0000000000005ca0        0x0 /usr/lib/gcc/i686-linux-gnu/5/../../../i386-linux-gnu/crti.o
 .gnu.linkonce.t.__x86.get_pc_thunk.bx
                0x0000000000005ca0        0x4 /usr/lib/gcc/i686-linux-gnu/5/../../../i386-linux-gnu/crti.o
                0x0000000000005ca0                __x86.get_pc_thunk.bx
 *fill*         0x0000000000005ca4        0xc 
 .text          0x0000000000005cb0      0x11c /usr/lib/gcc/i686-linux-gnu/5/crtbeginS.o
 .text.__x86.get_pc_thunk.dx
                0x0000000000005dcc        0x4 /usr/lib/gcc/i686-linux-gnu/5/crtbeginS.o
                0x0000000000005dcc                __x86.get_pc_thunk.dx
 .text          0x0000000000005dd0      0x54e example-neighbors.co
 .text          0x000000000000631e      0x46d obj_cooja/mtype539.o
                0x0000000000006439                contiki_init
                0x0000000000006646                Java_org_contikios_cooja_corecomm_Lib1_init
                0x000000000000667d                Java_org_contikios_cooja_corecomm_Lib1_getMemory
                0x00000000000066b0                Java_org_contikios_cooja_corecomm_Lib1_setMemory
                0x0000000000006710                Java_org_contikios_cooja_corecomm_Lib1_tick
                0x0000000000006778                Java_org_contikios_cooja_corecomm_Lib1_setReferenceAddress
 .text          0x000000000000678b       0x65 obj_cooja/mtype539.a(simEnvChange.o)
                0x000000000000678b                doActionsBeforeTick
                0x00000000000067bd                doActionsAfterTick
 .text          0x00000000000067f0       0xc2 obj_cooja/mtype539.a(cooja_mt.o)
                0x00000000000067f0                cooja_mt_init
                0x00000000000067fe                cooja_mt_remove
                0x000000000000680c                cooja_mt_start
                0x0000000000006836                cooja_mt_exec
                0x000000000000686c                cooja_mt_exit
                0x000000000000688f                cooja_mt_yield
 .text          0x00000000000068b2      0x114 obj_cooja/mtype539.a(cooja_mtarch.o)
                0x00000000000068b2                cooja_mtarch_init
                0x00000000000068b8                cooja_mtarch_start
                0x000000000000692b                cooja_sw
                0x000000000000694e                cooja_mtarch_exec
                0x000000000000696b                cooja_mtarch_remove
                0x0000000000006971                cooja_mtarch_yield
                0x000000000000697c                cooja_mtarch_pstop
                0x0000000000006982                cooja_mtarch_pstart
                0x0000000000006988                cooja_mtarch_stack_usage
 .text          0x00000000000069c6       0xc5 obj_cooja/mtype539.a(rtimer-arch.o)
                0x00000000000069c6                rtimer_arch_init
                0x00000000000069ea                rtimer_arch_schedule
                0x0000000000006a1a                rtimer_arch_next
                0x0000000000006a2a                rtimer_arch_pending
                0x0000000000006a34                rtimer_arch_check
                0x0000000000006a7b                rtimer_arch_now
 .text          0x0000000000006a8b       0x81 obj_cooja/mtype539.a(beep.o)
                0x0000000000006a8b                beep_alarm
                0x0000000000006a98                beep_beep
                0x0000000000006aa5                beep
                0x0000000000006ab2                beep_down
                0x0000000000006abf                beep_on
                0x0000000000006acc                beep_off
                0x0000000000006ad9                beep_spinup
                0x0000000000006ae6                beep_quick
                0x0000000000006af3                beep_long
 .text          0x0000000000006b0c      0x10d obj_cooja/mtype539.a(button-sensor.o)
 .text          0x0000000000006c19       0x49 obj_cooja/mtype539.a(leds-arch.o)
                0x0000000000006c19                leds_arch_init
                0x0000000000006c26                leds_arch_get
                0x0000000000006c32                leds_arch_set
 .text          0x0000000000006c62       0x35 obj_cooja/mtype539.a(moteid.o)
 .text          0x0000000000006c97       0xb7 obj_cooja/mtype539.a(pir-sensor.o)
 .text          0x0000000000006d4e      0x148 obj_cooja/mtype539.a(rs232.o)
                0x0000000000006d4e                rs232_init
                0x0000000000006d54                rs232_set_speed
                0x0000000000006d63                rs232_set_input
                0x0000000000006d71                rs232_send
                0x0000000000006d95                rs232_print
                0x0000000000006db1                slip_arch_writeb
 .text          0x0000000000006e96       0xb7 obj_cooja/mtype539.a(vib-sensor.o)
 .text          0x0000000000006f4d       0x38 obj_cooja/mtype539.a(clock.o)
                0x0000000000006f4d                clock_init
                0x0000000000006f53                clock_time
                0x0000000000006f5d                clock_seconds
                0x0000000000006f73                clock_delay
 .text          0x0000000000006f85      0x219 obj_cooja/mtype539.a(log.o)
                0x0000000000006f85                simlog_char
                0x0000000000006fc8                simlog
                0x000000000000703e                log_message
                0x000000000000706f                log_set_putchar_with_slip
                0x000000000000707d                log_putchar
                0x00000000000070f8                log_puts
                0x0000000000007120                log_printf
 .text          0x000000000000719e      0x2b9 obj_cooja/mtype539.a(cfs-cooja.o)
                0x000000000000719e                cfs_open
                0x0000000000007207                cfs_close
                0x0000000000007214                cfs_read
                0x00000000000072a9                cfs_write
                0x0000000000007385                cfs_seek
                0x000000000000740d                cfs_remove
                0x0000000000007431                cfs_opendir
                0x000000000000743b                cfs_readdir
                0x0000000000007445                cfs_closedir
 .text          0x0000000000007457      0x63f obj_cooja/mtype539.a(cooja-radio.o)
                0x00000000000074c3                radio_set_channel
                0x00000000000074d1                radio_set_txpower
                0x00000000000074e9                radio_signal_strength_last
                0x00000000000074f3                radio_signal_strength_current
                0x00000000000074fd                radio_LQI
 .text          0x0000000000007a96       0xee obj_cooja/mtype539.a(eeprom.o)
                0x0000000000007a96                eeprom_init
                0x0000000000007a9c                eeprom_read
                0x0000000000007b0a                eeprom_write
 .text          0x0000000000007b84       0x2d obj_cooja/mtype539.a(random.o)
                0x0000000000007b84                random_init
                0x0000000000007ba4                random_rand
 .text          0x0000000000007bb1      0x29c obj_cooja/mtype539.a(sensors.o)
                0x0000000000007bec                sensors_first
                0x0000000000007bf6                sensors_next
                0x0000000000007c10                sensors_changed
                0x0000000000007c44                sensors_find
 .text          0x0000000000007e4d       0x92 obj_cooja/mtype539.a(autostart.o)
                0x0000000000007e4d                autostart_start
                0x0000000000007e97                autostart_exit
 .text          0x0000000000007edf      0x355 obj_cooja/mtype539.a(ctimer.o)
                0x0000000000008007                ctimer_init
                0x000000000000803a                ctimer_set
                0x0000000000008060                ctimer_set_with_process
                0x00000000000080dd                ctimer_reset
                0x0000000000008131                ctimer_restart
                0x0000000000008185                ctimer_stop
                0x00000000000081d5                ctimer_expired
 .text          0x0000000000008234      0x43f obj_cooja/mtype539.a(etimer.o)
                0x0000000000008458                etimer_request_poll
                0x00000000000084e1                etimer_set
                0x000000000000850a                etimer_reset_with_new_interval
                0x0000000000008539                etimer_reset
                0x000000000000855f                etimer_restart
                0x0000000000008585                etimer_adjust
                0x00000000000085a2                etimer_expired
                0x00000000000085b5                etimer_expiration_time
                0x00000000000085c7                etimer_start_time
                0x00000000000085d1                etimer_pending
                0x00000000000085e3                etimer_next_expiration_time
                0x00000000000085fd                etimer_stop
 .text          0x0000000000008673      0x4fb obj_cooja/mtype539.a(process.o)
                0x0000000000008673                process_alloc_event
                0x0000000000008688                process_start
                0x0000000000008862                process_exit
                0x000000000000887f                process_init
                0x0000000000008a14                process_run
                0x0000000000008a47                process_nevents
                0x0000000000008a62                process_post
                0x0000000000008af5                process_post_synch
                0x0000000000008b2a                process_poll
                0x0000000000008b5a                process_is_running
 .text          0x0000000000008b6e       0xeb obj_cooja/mtype539.a(rtimer.o)
                0x0000000000008b6e                rtimer_init
                0x0000000000008b7c                rtimer_set
                0x0000000000008bf7                rtimer_run_next
 .text          0x0000000000008c59       0x9c obj_cooja/mtype539.a(timer.o)
                0x0000000000008c59                timer_set
                0x0000000000008c77                timer_reset
                0x0000000000008c8f                timer_restart
                0x0000000000008ca4                timer_expired
                0x0000000000008cd1                timer_remaining
 .text          0x0000000000008cf5      0x1eb obj_cooja/mtype539.a(serial-line.o)
                0x0000000000008cf5                serial_line_input_byte
                0x0000000000008eab                serial_line_init
 .text          0x0000000000008ee0      0x24a obj_cooja/mtype539.a(list.o)
                0x0000000000008ee0                list_init
                0x0000000000008eef                list_head
                0x0000000000008ef9                list_copy
                0x0000000000008f09                list_tail
                0x0000000000008f3f                list_add
                0x0000000000008f8b                list_push
                0x0000000000008fb7                list_chop
                0x0000000000009021                list_pop
                0x0000000000009049                list_remove
                0x00000000000090b1                list_length
                0x00000000000090df                list_insert
                0x0000000000009113                list_item_next
 .text          0x000000000000912a      0x1b8 obj_cooja/mtype539.a(memb.o)
                0x000000000000912a                memb_init
                0x000000000000917f                memb_alloc
                0x00000000000091e4                memb_free
                0x000000000000925f                memb_inmemb
                0x000000000000929e                memb_numfree
 .text          0x00000000000092e2      0x156 obj_cooja/mtype539.a(ringbuf.o)
                0x00000000000092e2                ringbuf_init
                0x0000000000009314                ringbuf_put
                0x0000000000009392                ringbuf_get
                0x00000000000093ff                ringbuf_size
                0x0000000000009411                ringbuf_elements
 .text          0x0000000000009438      0x158 obj_cooja/mtype539.a(unicast.o)
                0x000000000000950a                unicast_open
                0x0000000000009551                unicast_close
                0x0000000000009569                unicast_send
 .text          0x0000000000009590      0x178 obj_cooja/mtype539.a(broadcast.o)
                0x0000000000009680                broadcast_open
                0x00000000000096c7                broadcast_close
                0x00000000000096df                broadcast_send
 .text          0x0000000000009708      0x1ae obj_cooja/mtype539.a(rime.o)
                0x0000000000009708                rime_sniffer_add
                0x0000000000009725                rime_sniffer_remove
                0x0000000000009869                rime_output
 .text          0x00000000000098b6       0xd5 obj_cooja/mtype539.a(abc.o)
                0x00000000000098b6                abc_open
                0x00000000000098f8                abc_close
                0x0000000000009910                abc_send
                0x0000000000009927                abc_input
                0x0000000000009955                abc_sent
 .text          0x000000000000998b      0x27c obj_cooja/mtype539.a(announcement.o)
                0x000000000000998b                announcement_init
                0x00000000000099a5                announcement_register
                0x0000000000009a23                announcement_remove
                0x0000000000009a40                announcement_remove_value
                0x0000000000009a79                announcement_set_value
                0x0000000000009ae5                announcement_bump
                0x0000000000009b36                announcement_listen
                0x0000000000009b58                announcement_register_listen_callback
                0x0000000000009b66                announcement_register_observer_callback
                0x0000000000009b74                announcement_list
                0x0000000000009b8d                announcement_heard
 .text          0x0000000000009c07      0x2e3 obj_cooja/mtype539.a(queuebuf.o)
                0x0000000000009c11                queuebuf_init
                0x0000000000009c3a                queuebuf_numfree
                0x0000000000009c52                queuebuf_new_from_packetbuf
                0x0000000000009cf1                queuebuf_update_attr_from_packetbuf
                0x0000000000009d26                queuebuf_update_from_packetbuf
                0x0000000000009d76                queuebuf_free
                0x0000000000009dbf                queuebuf_to_packetbuf
                0x0000000000009e2b                queuebuf_dataptr
                0x0000000000009e65                queuebuf_datalen
                0x0000000000009e88                queuebuf_addr
                0x0000000000009eb9                queuebuf_attr
                0x0000000000009ee4                queuebuf_debug_print
 .text          0x0000000000009eea      0x3a3 obj_cooja/mtype539.a(packetbuf.o)
                0x0000000000009eea                packetbuf_clear
                0x0000000000009f15                packetbuf_copyfrom
                0x0000000000009f64                packetbuf_compact
                0x0000000000009fe1                packetbuf_copyto
                0x000000000000a074                packetbuf_hdralloc
                0x000000000000a0f0                packetbuf_hdrreduce
                0x000000000000a136                packetbuf_set_datalen
                0x000000000000a150                packetbuf_dataptr
                0x000000000000a16d                packetbuf_hdrptr
                0x000000000000a177                packetbuf_datalen
                0x000000000000a183                packetbuf_hdrlen
                0x000000000000a19a                packetbuf_totlen
                0x000000000000a1b0                packetbuf_remaininglen
                0x000000000000a1c3                packetbuf_attr_clear
                0x000000000000a20e                packetbuf_attr_copyto
                0x000000000000a23f                packetbuf_attr_copyfrom
                0x000000000000a270                packetbuf_holds_broadcast
 .text          0x000000000000a28d       0x2c obj_cooja/mtype539.a(netstack.o)
                0x000000000000a28d                netstack_init
 .text          0x000000000000a2b9       0x4b obj_cooja/mtype539.a(linkaddr.o)
                0x000000000000a2b9                linkaddr_copy
                0x000000000000a2cb                linkaddr_cmp
                0x000000000000a2ee                linkaddr_set_node_addr
 .text          0x000000000000a304      0x86b obj_cooja/mtype539.a(csma.o)
 .text          0x000000000000ab6f       0x38 obj_cooja/mtype539.a(mac.o)
                0x000000000000ab6f                mac_call_sent_callback
 .text          0x000000000000aba7      0x1fa obj_cooja/mtype539.a(nullrdc.o)
 .text          0x000000000000ada1       0x68 obj_cooja/mtype539.a(nullsec.o)
 .text          0x000000000000ae09        0x0 obj_cooja/mtype539.a(rimestats.o)
 .text          0x000000000000ae09      0x2ca obj_cooja/mtype539.a(broadcast-annou)
                0x000000000000b03e                broadcast_announcement_init
                0x000000000000b090                broadcast_announcement_stop
                0x000000000000b0c9                broadcast_announcement_beacon_interval
 .text          0x000000000000b0d3       0xcf obj_cooja/mtype539.a(chameleon.o)
                0x000000000000b0fd                chameleon_init
                0x000000000000b10b                chameleon_parse
                0x000000000000b145                chameleon_create
                0x000000000000b18a                chameleon_hdrsize
 .text          0x000000000000b1a2      0x101 obj_cooja/mtype539.a(channel.o)
                0x000000000000b1a2                channel_init
                0x000000000000b1bc                channel_set_attributes
                0x000000000000b204                channel_open
                0x000000000000b233                channel_close
                0x000000000000b250                channel_lookup
 .text          0x000000000000b2a3      0x10b obj_cooja/mtype539.a(framer-nullmac.)
 .text          0x000000000000b3ae      0x78c obj_cooja/mtype539.a(chameleon-bitop)
                0x000000000000b4f1                get_bits
                0x000000000000b68f                set_bits
 .text          0x000000000000bb3a        0x0 /usr/lib/gcc/i686-linux-gnu/5/crtendS.o
 .text          0x000000000000bb3a        0x0 /usr/lib/gcc/i686-linux-gnu/5/../../../i386-linux-gnu/crtn.o
 *(.gnu.warning)

.fini           0x000000000000bb3c       0x14
 *(SORT(.fini))
 .fini          0x000000000000bb3c        0xf /usr/lib/gcc/i686-linux-gnu/5/../../../i386-linux-gnu/crti.o
                0x000000000000bb3c                _fini
 .fini          0x000000000000bb4b        0x5 /usr/lib/gcc/i686-linux-gnu/5/../../../i386-linux-gnu/crtn.o
                [!provide]                        PROVIDE (__etext, .)
                [!provide]                        PROVIDE (_etext, .)
                [!provide]                        PROVIDE (etext, .)

.rodata         0x000000000000bb60      0x404
 *(.rodata .rodata.* .gnu.linkonce.r.*)
 .rodata        0x000000000000bb60       0xde example-neighbors.co
                0x000000000000bb84                autostart_processes
 *fill*         0x000000000000bc3e        0x2 
 .rodata        0x000000000000bc40       0xcd obj_cooja/mtype539.o
 *fill*         0x000000000000bd0d        0x3 
 .rodata        0x000000000000bd10        0x8 obj_cooja/mtype539.a(beep.o)
                0x000000000000bd10                beep_interface
 .rodata        0x000000000000bd18       0x20 obj_cooja/mtype539.a(button-sensor.o)
                0x000000000000bd18                button_interface
                0x000000000000bd28                button_sensor
 .rodata        0x000000000000bd38        0x8 obj_cooja/mtype539.a(leds-arch.o)
                0x000000000000bd38                leds_interface
 .rodata        0x000000000000bd40        0x8 obj_cooja/mtype539.a(moteid.o)
                0x000000000000bd40                moteid_interface
 .rodata        0x000000000000bd48       0x1c obj_cooja/mtype539.a(pir-sensor.o)
                0x000000000000bd48                pir_interface
                0x000000000000bd54                pir_sensor
 .rodata        0x000000000000bd64        0xe obj_cooja/mtype539.a(rs232.o)
                0x000000000000bd64                rs232_interface
 *fill*         0x000000000000bd72        0x2 
 .rodata        0x000000000000bd74       0x24 obj_cooja/mtype539.a(vib-sensor.o)
                0x000000000000bd74                vib_interface
                0x000000000000bd88                vib_sensor
 .rodata        0x000000000000bd98        0x8 obj_cooja/mtype539.a(clock.o)
                0x000000000000bd98                clock_interface
 .rodata        0x000000000000bda0        0x8 obj_cooja/mtype539.a(log.o)
                0x000000000000bda0                simlog_interface
 .rodata        0x000000000000bda8       0x2f obj_cooja/mtype539.a(cfs-cooja.o)
                0x000000000000bda8                cfs_interface
 *fill*         0x000000000000bdd7        0x9 
 .rodata        0x000000000000bde0       0x58 obj_cooja/mtype539.a(cooja-radio.o)
                0x000000000000bde0                radio_interface
                0x000000000000be00                cooja_radio_driver
 .rodata        0x000000000000be38        0x8 obj_cooja/mtype539.a(eeprom.o)
                0x000000000000be38                eeprom_interface
 .rodata        0x000000000000be40        0x8 obj_cooja/mtype539.a(sensors.o)
 .rodata        0x000000000000be48        0xf obj_cooja/mtype539.a(ctimer.o)
 .rodata        0x000000000000be57        0xc obj_cooja/mtype539.a(etimer.o)
 .rodata        0x000000000000be63        0xe obj_cooja/mtype539.a(serial-line.o)
 *fill*         0x000000000000be71        0x3 
 .rodata        0x000000000000be74       0x10 obj_cooja/mtype539.a(unicast.o)
 .rodata        0x000000000000be84        0xc obj_cooja/mtype539.a(broadcast.o)
 .rodata        0x000000000000be90       0x14 obj_cooja/mtype539.a(rime.o)
                0x000000000000be98                rime_driver
 .rodata        0x000000000000bea4        0x2 obj_cooja/mtype539.a(abc.o)
 .rodata        0x000000000000bea6        0x2 obj_cooja/mtype539.a(linkaddr.o)
                0x000000000000bea6                linkaddr_null
 .rodata        0x000000000000bea8       0x24 obj_cooja/mtype539.a(csma.o)
                0x000000000000beb0                csma_driver
 *fill*         0x000000000000becc       0x14 
 .rodata        0x000000000000bee0       0x40 obj_cooja/mtype539.a(nullrdc.o)
                0x000000000000bf00                nullrdc_driver
 .rodata        0x000000000000bf20       0x18 obj_cooja/mtype539.a(nullsec.o)
                0x000000000000bf28                nullsec_driver
 .rodata        0x000000000000bf38        0x8 obj_cooja/mtype539.a(broadcast-annou)
 .rodata        0x000000000000bf40        0xc obj_cooja/mtype539.a(framer-nullmac.)
                0x000000000000bf40                framer_nullmac
 .rodata        0x000000000000bf4c       0x18 obj_cooja/mtype539.a(chameleon-bitop)
                0x000000000000bf58                chameleon_bitopt

.rodata1
 *(.rodata1)

.eh_frame_hdr   0x000000000000bf64      0xb4c
 *(.eh_frame_hdr)
 .eh_frame_hdr  0x000000000000bf64      0xb4c example-neighbors.co
                0x000000000000bf64                __GNU_EH_FRAME_HDR
 *(.eh_frame_entry .eh_frame_entry.*)

.eh_frame       0x000000000000cab0     0x2d98
 *(.eh_frame)
 .eh_frame      0x000000000000cab0       0x3c /usr/lib/gcc/i686-linux-gnu/5/../../../i386-linux-gnu/crti.o
                                         0x40 (size before relaxing)
 .eh_frame      0x000000000000caec       0xb4 example-neighbors.co
                                         0xcc (size before relaxing)
 .eh_frame      0x000000000000cba0      0x148 obj_cooja/mtype539.o
                                        0x160 (size before relaxing)
 .eh_frame      0x000000000000cce8       0x40 obj_cooja/mtype539.a(simEnvChange.o)
                                         0x58 (size before relaxing)
 .eh_frame      0x000000000000cd28       0xc0 obj_cooja/mtype539.a(cooja_mt.o)
                                         0xd8 (size before relaxing)
 .eh_frame      0x000000000000cde8      0x120 obj_cooja/mtype539.a(cooja_mtarch.o)
                                        0x138 (size before relaxing)
 .eh_frame      0x000000000000cf08       0xc8 obj_cooja/mtype539.a(rtimer-arch.o)
                                         0xe0 (size before relaxing)
 .eh_frame      0x000000000000cfd0      0x160 obj_cooja/mtype539.a(beep.o)
                                        0x178 (size before relaxing)
 .eh_frame      0x000000000000d130       0xa0 obj_cooja/mtype539.a(button-sensor.o)
                                         0xb8 (size before relaxing)
 .eh_frame      0x000000000000d1d0       0xa0 obj_cooja/mtype539.a(leds-arch.o)
                                         0xb8 (size before relaxing)
 .eh_frame      0x000000000000d270       0x40 obj_cooja/mtype539.a(moteid.o)
                                         0x58 (size before relaxing)
 .eh_frame      0x000000000000d2b0       0xa0 obj_cooja/mtype539.a(pir-sensor.o)
                                         0xb8 (size before relaxing)
 .eh_frame      0x000000000000d350      0x100 obj_cooja/mtype539.a(rs232.o)
                                        0x118 (size before relaxing)
 .eh_frame      0x000000000000d450       0xa0 obj_cooja/mtype539.a(vib-sensor.o)
                                         0xb8 (size before relaxing)
 .eh_frame      0x000000000000d4f0       0xc0 obj_cooja/mtype539.a(clock.o)
                                         0xd8 (size before relaxing)
 .eh_frame      0x000000000000d5b0      0x120 obj_cooja/mtype539.a(log.o)
                                        0x138 (size before relaxing)
 .eh_frame      0x000000000000d6d0      0x160 obj_cooja/mtype539.a(cfs-cooja.o)
                                        0x178 (size before relaxing)
 .eh_frame      0x000000000000d830      0x360 obj_cooja/mtype539.a(cooja-radio.o)
                                        0x378 (size before relaxing)
 .eh_frame      0x000000000000db90       0xa0 obj_cooja/mtype539.a(eeprom.o)
                                         0xb8 (size before relaxing)
 .eh_frame      0x000000000000dc30       0x40 obj_cooja/mtype539.a(random.o)
                                         0x58 (size before relaxing)
 .eh_frame      0x000000000000dc70       0xc0 obj_cooja/mtype539.a(sensors.o)
                                         0xd8 (size before relaxing)
 .eh_frame      0x000000000000dd30       0x40 obj_cooja/mtype539.a(autostart.o)
                                         0x58 (size before relaxing)
 .eh_frame      0x000000000000dd70      0x100 obj_cooja/mtype539.a(ctimer.o)
                                        0x118 (size before relaxing)
 .eh_frame      0x000000000000de70      0x1e0 obj_cooja/mtype539.a(etimer.o)
                                        0x1f8 (size before relaxing)
 .eh_frame      0x000000000000e050      0x1c4 obj_cooja/mtype539.a(process.o)
                                        0x1dc (size before relaxing)
 .eh_frame      0x000000000000e214       0x60 obj_cooja/mtype539.a(rtimer.o)
                                         0x78 (size before relaxing)
 .eh_frame      0x000000000000e274       0xa4 obj_cooja/mtype539.a(timer.o)
                                         0xbc (size before relaxing)
 .eh_frame      0x000000000000e318       0x60 obj_cooja/mtype539.a(serial-line.o)
                                         0x78 (size before relaxing)
 .eh_frame      0x000000000000e378      0x180 obj_cooja/mtype539.a(list.o)
                                        0x198 (size before relaxing)
 .eh_frame      0x000000000000e4f8       0xa0 obj_cooja/mtype539.a(memb.o)
                                         0xb8 (size before relaxing)
 .eh_frame      0x000000000000e598       0xa0 obj_cooja/mtype539.a(ringbuf.o)
                                         0xb8 (size before relaxing)
 .eh_frame      0x000000000000e638       0xe0 obj_cooja/mtype539.a(unicast.o)
                                         0xf8 (size before relaxing)
 .eh_frame      0x000000000000e718       0xe0 obj_cooja/mtype539.a(broadcast.o)
                                         0xf8 (size before relaxing)
 .eh_frame      0x000000000000e7f8       0xc0 obj_cooja/mtype539.a(rime.o)
                                         0xd8 (size before relaxing)
 .eh_frame      0x000000000000e8b8       0xa0 obj_cooja/mtype539.a(abc.o)
                                         0xb8 (size before relaxing)
 .eh_frame      0x000000000000e958      0x174 obj_cooja/mtype539.a(announcement.o)
                                        0x18c (size before relaxing)
 .eh_frame      0x000000000000eacc      0x1a0 obj_cooja/mtype539.a(queuebuf.o)
                                        0x1b8 (size before relaxing)
 .eh_frame      0x000000000000ec6c      0x234 obj_cooja/mtype539.a(packetbuf.o)
                                        0x24c (size before relaxing)
 .eh_frame      0x000000000000eea0       0x20 obj_cooja/mtype539.a(netstack.o)
                                         0x38 (size before relaxing)
 .eh_frame      0x000000000000eec0       0x60 obj_cooja/mtype539.a(linkaddr.o)
                                         0x78 (size before relaxing)
 .eh_frame      0x000000000000ef20      0x288 obj_cooja/mtype539.a(csma.o)
                                        0x2a0 (size before relaxing)
 .eh_frame      0x000000000000f1a8       0x20 obj_cooja/mtype539.a(mac.o)
                                         0x38 (size before relaxing)
 .eh_frame      0x000000000000f1c8      0x148 obj_cooja/mtype539.a(nullrdc.o)
                                        0x160 (size before relaxing)
 .eh_frame      0x000000000000f310       0x80 obj_cooja/mtype539.a(nullsec.o)
                                         0x98 (size before relaxing)
 .eh_frame      0x000000000000f390      0x12c obj_cooja/mtype539.a(broadcast-annou)
                                        0x144 (size before relaxing)
 .eh_frame      0x000000000000f4bc       0xa0 obj_cooja/mtype539.a(chameleon.o)
                                         0xb8 (size before relaxing)
 .eh_frame      0x000000000000f55c       0xa0 obj_cooja/mtype539.a(channel.o)
                                         0xb8 (size before relaxing)
 .eh_frame      0x000000000000f5fc       0xa0 obj_cooja/mtype539.a(framer-nullmac.)
                                         0xb8 (size before relaxing)
 .eh_frame      0x000000000000f69c      0x1a8 obj_cooja/mtype539.a(chameleon-bitop)
                                        0x1c0 (size before relaxing)
 .eh_frame      0x000000000000f844        0x4 /usr/lib/gcc/i686-linux-gnu/5/crtendS.o
 *(.eh_frame.*)

.gcc_except_table
 *(.gcc_except_table .gcc_except_table.*)

.gnu_extab
 *(.gnu_extab*)

.exception_ranges
 *(.exception_ranges .exception_ranges*)
                0x0000000000010f10                . = DATA_SEGMENT_ALIGN (0x1000, 0x1000)

.eh_frame
 *(.eh_frame)
 *(.eh_frame.*)

.gnu_extab
 *(.gnu_extab)

.gcc_except_table
 *(.gcc_except_table .gcc_except_table.*)

.exception_ranges
 *(.exception_ranges .exception_ranges*)

.tdata
 *(.tdata .tdata.* .gnu.linkonce.td.*)

.tbss
 *(.tbss .tbss.* .gnu.linkonce.tb.*)
 *(.tcommon)

.preinit_array
 *(.preinit_array)

.init_array     0x0000000000010f10        0x4
 *(SORT(.init_array.*) SORT(.ctors.*))
 *(.init_array EXCLUDE_FILE(*crtend?.o *crtend.o *crtbegin?.o *crtbegin.o) .ctors)
 .init_array    0x0000000000010f10        0x4 /usr/lib/gcc/i686-linux-gnu/5/crtbeginS.o

.fini_array     0x0000000000010f14        0x4
 *(SORT(.fini_array.*) SORT(.dtors.*))
 *(.fini_array EXCLUDE_FILE(*crtend?.o *crtend.o *crtbegin?.o *crtbegin.o) .dtors)
 .fini_array    0x0000000000010f14        0x4 /usr/lib/gcc/i686-linux-gnu/5/crtbeginS.o

.ctors
 *crtbegin.o(.ctors)
 *crtbegin?.o(.ctors)
 *(EXCLUDE_FILE(*crtend?.o *crtend.o) .ctors)
 *(SORT(.ctors.*))
 *(.ctors)

.dtors
 *crtbegin.o(.dtors)
 *crtbegin?.o(.dtors)
 *(EXCLUDE_FILE(*crtend?.o *crtend.o) .dtors)
 *(SORT(.dtors.*))
 *(.dtors)

.jcr            0x0000000000010f18        0x4
 *(.jcr)
 .jcr           0x0000000000010f18        0x0 /usr/lib/gcc/i686-linux-gnu/5/crtbeginS.o
 .jcr           0x0000000000010f18        0x4 /usr/lib/gcc/i686-linux-gnu/5/crtendS.o

.data.rel.ro
 *(.data.rel.ro.local* .gnu.linkonce.d.rel.ro.local.*)
 *(.data.rel.ro .data.rel.ro.* .gnu.linkonce.d.rel.ro.*)

.dynamic        0x0000000000010f1c       0xd0
 *(.dynamic)
 .dynamic       0x0000000000010f1c       0xd0 /usr/lib/gcc/i686-linux-gnu/5/../../../i386-linux-gnu/crti.o
                0x0000000000010f1c                _DYNAMIC

.got            0x0000000000010fec       0x14
 *(.got)
 .got           0x0000000000010fec       0x14 /usr/lib/gcc/i686-linux-gnu/5/../../../i386-linux-gnu/crti.o
 *(.igot)
                0x0000000000011ff4                . = DATA_SEGMENT_RELRO_END (., (SIZEOF (.got.plt) >= 0xc)?0xc:0x0)

.got.plt        0x0000000000011000        0xc
 *(.got.plt)
 .got.plt       0x0000000000011000        0xc /usr/lib/gcc/i686-linux-gnu/5/../../../i386-linux-gnu/crti.o
                0x0000000000011000                _GLOBAL_OFFSET_TABLE_
 *(.igot.plt)

.data           0x0000000000011020      0x144
 *(.data .data.* .gnu.linkonce.d.*)
 .data          0x0000000000011020        0x0 /usr/lib/gcc/i686-linux-gnu/5/../../../i386-linux-gnu/crti.o
 .data          0x0000000000011020        0x0 /usr/lib/gcc/i686-linux-gnu/5/crtbeginS.o
 .data.rel.local
                0x0000000000011020        0x4 /usr/lib/gcc/i686-linux-gnu/5/crtbeginS.o
                0x0000000000011020                __dso_handle
 .data          0x0000000000011024       0x30 example-neighbors.co
                0x0000000000011034                broadcast_process
                0x0000000000011044                unicast_process
 *fill*         0x0000000000011054        0xc 
 .data          0x0000000000011060       0x44 obj_cooja/mtype539.o
                0x0000000000011060                simInterfaces
                0x0000000000011094                sensors
 .data          0x00000000000110a4        0x0 obj_cooja/mtype539.a(simEnvChange.o)
 .data          0x00000000000110a4        0x0 obj_cooja/mtype539.a(cooja_mt.o)
 .data          0x00000000000110a4        0x0 obj_cooja/mtype539.a(cooja_mtarch.o)
 .data          0x00000000000110a4        0x0 obj_cooja/mtype539.a(rtimer-arch.o)
 .data          0x00000000000110a4        0x0 obj_cooja/mtype539.a(beep.o)
 .data          0x00000000000110a4        0x0 obj_cooja/mtype539.a(button-sensor.o)
 .data          0x00000000000110a4        0x0 obj_cooja/mtype539.a(leds-arch.o)
 .data          0x00000000000110a4        0x0 obj_cooja/mtype539.a(moteid.o)
 .data          0x00000000000110a4        0x0 obj_cooja/mtype539.a(pir-sensor.o)
 .data          0x00000000000110a4        0x0 obj_cooja/mtype539.a(rs232.o)
 .data          0x00000000000110a4        0x0 obj_cooja/mtype539.a(vib-sensor.o)
 .data          0x00000000000110a4        0x0 obj_cooja/mtype539.a(clock.o)
 .data          0x00000000000110a4        0x0 obj_cooja/mtype539.a(log.o)
 .data          0x00000000000110a4        0x0 obj_cooja/mtype539.a(cfs-cooja.o)
 .data          0x00000000000110a4       0x2c obj_cooja/mtype539.a(cooja-radio.o)
                0x00000000000110a4                simRadioHWOn
                0x00000000000110a8                simSignalStrength
                0x00000000000110ac                simLastSignalStrength
                0x00000000000110b0                simPower
                0x00000000000110b4                simRadioChannel
                0x00000000000110b8                simLQI
                0x00000000000110c0                cooja_radio_process
 .data          0x00000000000110d0        0x0 obj_cooja/mtype539.a(eeprom.o)
 .data          0x00000000000110d0        0x0 obj_cooja/mtype539.a(random.o)
 .data          0x00000000000110d0       0x10 obj_cooja/mtype539.a(sensors.o)
                0x00000000000110d0                sensors_process
 .data          0x00000000000110e0        0x0 obj_cooja/mtype539.a(autostart.o)
 .data          0x00000000000110e0       0x14 obj_cooja/mtype539.a(ctimer.o)
                0x00000000000110e4                ctimer_process
 .data          0x00000000000110f4       0x10 obj_cooja/mtype539.a(etimer.o)
                0x00000000000110f4                etimer_process
 .data          0x0000000000011104        0x0 obj_cooja/mtype539.a(process.o)
 .data          0x0000000000011104        0x0 obj_cooja/mtype539.a(rtimer.o)
 .data          0x0000000000011104        0x0 obj_cooja/mtype539.a(timer.o)
 .data          0x0000000000011104       0x10 obj_cooja/mtype539.a(serial-line.o)
                0x0000000000011104                serial_line_process
 .data          0x0000000000011114        0x0 obj_cooja/mtype539.a(list.o)
 .data          0x0000000000011114        0x0 obj_cooja/mtype539.a(memb.o)
 .data          0x0000000000011114        0x0 obj_cooja/mtype539.a(ringbuf.o)
 .data          0x0000000000011114        0x0 obj_cooja/mtype539.a(unicast.o)
 .data          0x0000000000011114        0x0 obj_cooja/mtype539.a(broadcast.o)
 .data          0x0000000000011114        0x4 obj_cooja/mtype539.a(rime.o)
 .data          0x0000000000011118        0x0 obj_cooja/mtype539.a(abc.o)
 .data          0x0000000000011118        0x4 obj_cooja/mtype539.a(announcement.o)
 .data          0x000000000001111c       0x18 obj_cooja/mtype539.a(queuebuf.o)
 .data          0x0000000000011134        0x4 obj_cooja/mtype539.a(packetbuf.o)
 .data          0x0000000000011138        0x0 obj_cooja/mtype539.a(netstack.o)
 .data          0x0000000000011138        0x0 obj_cooja/mtype539.a(linkaddr.o)
 .data          0x0000000000011138       0x28 obj_cooja/mtype539.a(csma.o)
 .data          0x0000000000011160        0x0 obj_cooja/mtype539.a(mac.o)
 .data          0x0000000000011160        0x0 obj_cooja/mtype539.a(nullrdc.o)
 .data          0x0000000000011160        0x0 obj_cooja/mtype539.a(nullsec.o)
 .data          0x0000000000011160        0x0 obj_cooja/mtype539.a(rimestats.o)
 .data          0x0000000000011160        0x0 obj_cooja/mtype539.a(broadcast-annou)
 .data          0x0000000000011160        0x0 obj_cooja/mtype539.a(chameleon.o)
 .data          0x0000000000011160        0x4 obj_cooja/mtype539.a(channel.o)
 .data          0x0000000000011164        0x0 obj_cooja/mtype539.a(framer-nullmac.)
 .data          0x0000000000011164        0x0 obj_cooja/mtype539.a(chameleon-bitop)
 .data          0x0000000000011164        0x0 /usr/lib/gcc/i686-linux-gnu/5/crtendS.o
 .data          0x0000000000011164        0x0 /usr/lib/gcc/i686-linux-gnu/5/../../../i386-linux-gnu/crtn.o

.tm_clone_table
                0x0000000000011164        0x0
 .tm_clone_table
                0x0000000000011164        0x0 /usr/lib/gcc/i686-linux-gnu/5/crtbeginS.o
 .tm_clone_table
                0x0000000000011164        0x0 /usr/lib/gcc/i686-linux-gnu/5/crtendS.o

.data1
 *(.data1)
                0x0000000000011164                _edata = .
                [!provide]                        PROVIDE (edata, .)
                0x0000000000011164                . = .
                0x0000000000011164                __bss_start = .

.bss            0x0000000000011180     0x5b88
 *(.dynbss)
 .dynbss        0x0000000000011180        0x0 /usr/lib/gcc/i686-linux-gnu/5/../../../i386-linux-gnu/crti.o
 *(.bss .bss.* .gnu.linkonce.b.*)
 .bss           0x0000000000011180        0x0 /usr/lib/gcc/i686-linux-gnu/5/../../../i386-linux-gnu/crti.o
 .bss           0x0000000000011180        0x1 /usr/lib/gcc/i686-linux-gnu/5/crtbeginS.o
 *fill*         0x0000000000011181       0x1f 
 .bss           0x00000000000111a0      0x17c example-neighbors.co
 *fill*         0x000000000001131c        0x4 
 .bss           0x0000000000011320     0x2030 obj_cooja/mtype539.o
 .bss           0x0000000000013350        0x1 obj_cooja/mtype539.a(simEnvChange.o)
                0x0000000000013350                simDontFallAsleep
 *fill*         0x0000000000013351        0x3 
 .bss           0x0000000000013354        0x4 obj_cooja/mtype539.a(cooja_mt.o)
 .bss           0x0000000000013358        0x4 obj_cooja/mtype539.a(cooja_mtarch.o)
 .bss           0x000000000001335c        0x0 obj_cooja/mtype539.a(rtimer-arch.o)
 .bss           0x000000000001335c        0x0 obj_cooja/mtype539.a(beep.o)
 .bss           0x000000000001335c        0x8 obj_cooja/mtype539.a(button-sensor.o)
 .bss           0x0000000000013364        0x0 obj_cooja/mtype539.a(leds-arch.o)
 .bss           0x0000000000013364        0x0 obj_cooja/mtype539.a(moteid.o)
 .bss           0x0000000000013364        0x1 obj_cooja/mtype539.a(pir-sensor.o)
                0x0000000000013364                simPirValue
 *fill*         0x0000000000013365        0x3 
 .bss           0x0000000000013368        0x4 obj_cooja/mtype539.a(rs232.o)
 .bss           0x000000000001336c        0x1 obj_cooja/mtype539.a(vib-sensor.o)
                0x000000000001336c                simVibValue
 .bss           0x000000000001336d        0x0 obj_cooja/mtype539.a(clock.o)
 *fill*         0x000000000001336d       0x13 
 .bss           0x0000000000013380      0x420 obj_cooja/mtype539.a(log.o)
 .bss           0x00000000000137a0      0xfc0 obj_cooja/mtype539.a(cfs-cooja.o)
                0x00000000000137a0                simCFSData
                0x0000000000014740                simCFSSize
                0x0000000000014744                simCFSChanged
                0x0000000000014748                simCFSRead
                0x000000000001474c                simCFSWritten
 .bss           0x0000000000014760       0x24 obj_cooja/mtype539.a(cooja-radio.o)
                0x0000000000014760                simReceiving
                0x0000000000014764                simInSize
                0x0000000000014768                simLastPacketTimestamp
                0x0000000000014770                simOutSize
 .bss           0x0000000000014784        0xc obj_cooja/mtype539.a(eeprom.o)
                0x0000000000014784                simEEPROMChanged
                0x0000000000014788                simEEPROMRead
                0x000000000001478c                simEEPROMWritten
 .bss           0x0000000000014790        0x0 obj_cooja/mtype539.a(random.o)
 .bss           0x0000000000014790        0xc obj_cooja/mtype539.a(sensors.o)
 .bss           0x000000000001479c        0x0 obj_cooja/mtype539.a(autostart.o)
 .bss           0x000000000001479c        0x5 obj_cooja/mtype539.a(ctimer.o)
 *fill*         0x00000000000147a1        0x3 
 .bss           0x00000000000147a4        0x8 obj_cooja/mtype539.a(etimer.o)
 *fill*         0x00000000000147ac       0x14 
 .bss           0x00000000000147c0      0x1a1 obj_cooja/mtype539.a(process.o)
                0x00000000000147c0                process_list
                0x00000000000147c4                process_current
 *fill*         0x0000000000014961        0x3 
 .bss           0x0000000000014964        0x4 obj_cooja/mtype539.a(rtimer.o)
 .bss           0x0000000000014968        0x0 obj_cooja/mtype539.a(timer.o)
 *fill*         0x0000000000014968       0x18 
 .bss           0x0000000000014980      0x140 obj_cooja/mtype539.a(serial-line.o)
 .bss           0x0000000000014ac0        0x0 obj_cooja/mtype539.a(list.o)
 .bss           0x0000000000014ac0        0x0 obj_cooja/mtype539.a(memb.o)
 .bss           0x0000000000014ac0        0x0 obj_cooja/mtype539.a(ringbuf.o)
 .bss           0x0000000000014ac0        0x0 obj_cooja/mtype539.a(unicast.o)
 .bss           0x0000000000014ac0        0x0 obj_cooja/mtype539.a(broadcast.o)
 .bss           0x0000000000014ac0        0x4 obj_cooja/mtype539.a(rime.o)
 .bss           0x0000000000014ac4        0x0 obj_cooja/mtype539.a(abc.o)
 .bss           0x0000000000014ac4        0xc obj_cooja/mtype539.a(announcement.o)
 *fill*         0x0000000000014ad0       0x10 
 .bss           0x0000000000014ae0      0xc60 obj_cooja/mtype539.a(queuebuf.o)
 .bss           0x0000000000015740       0xa0 obj_cooja/mtype539.a(packetbuf.o)
 .bss           0x00000000000157e0        0x0 obj_cooja/mtype539.a(netstack.o)
 .bss           0x00000000000157e0        0x0 obj_cooja/mtype539.a(linkaddr.o)
 .bss           0x00000000000157e0      0x248 obj_cooja/mtype539.a(csma.o)
 .bss           0x0000000000015a28        0x0 obj_cooja/mtype539.a(mac.o)
 .bss           0x0000000000015a28        0x0 obj_cooja/mtype539.a(nullrdc.o)
 .bss           0x0000000000015a28        0x0 obj_cooja/mtype539.a(nullsec.o)
 .bss           0x0000000000015a28        0x0 obj_cooja/mtype539.a(rimestats.o)
 *fill*         0x0000000000015a28       0x18 
 .bss           0x0000000000015a40       0x6c obj_cooja/mtype539.a(broadcast-annou)
 .bss           0x0000000000015aac        0x0 obj_cooja/mtype539.a(chameleon.o)
 .bss           0x0000000000015aac        0x4 obj_cooja/mtype539.a(channel.o)
 .bss           0x0000000000015ab0        0x0 obj_cooja/mtype539.a(framer-nullmac.)
 .bss           0x0000000000015ab0        0x0 obj_cooja/mtype539.a(chameleon-bitop)
 .bss           0x0000000000015ab0        0x0 /usr/lib/gcc/i686-linux-gnu/5/crtendS.o
 .bss           0x0000000000015ab0        0x0 /usr/lib/gcc/i686-linux-gnu/5/../../../i386-linux-gnu/crtn.o
 *(COMMON)
 COMMON         0x0000000000015ab0        0x8 obj_cooja/mtype539.o
                0x0000000000015ab0                referenceVar
                0x0000000000015ab4                sensors_flags
 COMMON         0x0000000000015ab8        0xc obj_cooja/mtype539.a(simEnvChange.o)
                0x0000000000015ab8                simEtimerPending
                0x0000000000015abc                simProcessRunValue
                0x0000000000015ac0                simEtimerNextExpirationTime
 *fill*         0x0000000000015ac4        0x4 
 COMMON         0x0000000000015ac8       0x18 obj_cooja/mtype539.a(rtimer-arch.o)
                0x0000000000015ac8                simRtimerPending
                0x0000000000015ad0                simRtimerCurrentTicks
                0x0000000000015ad8                simRtimerNextExpirationTime
 COMMON         0x0000000000015ae0        0x1 obj_cooja/mtype539.a(beep.o)
                0x0000000000015ae0                simBeeped
 COMMON         0x0000000000015ae1        0x3 obj_cooja/mtype539.a(button-sensor.o)
                0x0000000000015ae1                simButtonIsActive
                0x0000000000015ae2                simButtonIsDown
                0x0000000000015ae3                simButtonChanged
 COMMON         0x0000000000015ae4        0x1 obj_cooja/mtype539.a(leds-arch.o)
                0x0000000000015ae4                simLedsValue
 *fill*         0x0000000000015ae5        0x3 
 COMMON         0x0000000000015ae8        0xc obj_cooja/mtype539.a(moteid.o)
                0x0000000000015ae8                simRandomSeed
                0x0000000000015aec                simMoteIDChanged
                0x0000000000015af0                simMoteID
 COMMON         0x0000000000015af4        0x2 obj_cooja/mtype539.a(pir-sensor.o)
                0x0000000000015af4                simPirIsActive
                0x0000000000015af5                simPirChanged
 *fill*         0x0000000000015af6        0xa 
 COMMON         0x0000000000015b00      0x820 obj_cooja/mtype539.a(rs232.o)
                0x0000000000015b00                simSerialReceivingFlag
                0x0000000000015b04                simSerialReceivingLength
                0x0000000000015b20                simSerialReceivingData
 COMMON         0x0000000000016320        0x2 obj_cooja/mtype539.a(vib-sensor.o)
                0x0000000000016320                simVibChanged
                0x0000000000016321                simVibIsActive
 *fill*         0x0000000000016322        0x2 
 COMMON         0x0000000000016324        0x4 obj_cooja/mtype539.a(clock.o)
                0x0000000000016324                simCurrentTime
 *fill*         0x0000000000016328       0x18 
 COMMON         0x0000000000016340      0x420 obj_cooja/mtype539.a(log.o)
                0x0000000000016340                simLoggedLength
                0x0000000000016344                simLoggedFlag
                0x0000000000016360                simLoggedData
 COMMON         0x0000000000016760      0x100 obj_cooja/mtype539.a(cooja-radio.o)
                0x0000000000016760                simOutDataBuffer
                0x00000000000167e0                simInDataBuffer
 COMMON         0x0000000000016860      0x400 obj_cooja/mtype539.a(eeprom.o)
                0x0000000000016860                simEEPROMData
 COMMON         0x0000000000016c60        0x1 obj_cooja/mtype539.a(sensors.o)
                0x0000000000016c60                sensors_event
 COMMON         0x0000000000016c61        0x1 obj_cooja/mtype539.a(serial-line.o)
                0x0000000000016c61                serial_line_event_message
 *fill*         0x0000000000016c62       0x1e 
 COMMON         0x0000000000016c80       0x3c obj_cooja/mtype539.a(packetbuf.o)
                0x0000000000016c80                packetbuf_attrs
                0x0000000000016cb4                packetbuf_addrs
 COMMON         0x0000000000016cbc        0x2 obj_cooja/mtype539.a(linkaddr.o)
                0x0000000000016cbc                linkaddr_node_addr
 *fill*         0x0000000000016cbe        0x2 
 COMMON         0x0000000000016cc0       0x48 obj_cooja/mtype539.a(rimestats.o)
                0x0000000000016cc0                rimestats
                0x0000000000016d08                . = ALIGN ((. != 0x0)?0x4:0x1)
                0x0000000000016d08                . = ALIGN (0x4)
                0x0000000000016d08                . = SEGMENT_START ("ldata-segment", .)
                0x0000000000016d08                . = ALIGN (0x4)
                0x0000000000016d08                _end = .
                [!provide]                        PROVIDE (end, .)
                0x0000000000016d08                . = DATA_SEGMENT_END (.)

.stab
 *(.stab)

.stabstr
 *(.stabstr)

.stab.excl
 *(.stab.excl)

.stab.exclstr
 *(.stab.exclstr)

.stab.index
 *(.stab.index)

.stab.indexstr
 *(.stab.indexstr)

.comment        0x0000000000000000       0x35
 *(.comment)
 .comment       0x0000000000000000       0x35 /usr/lib/gcc/i686-linux-gnu/5/crtbeginS.o
                                         0x36 (size before relaxing)
 .comment       0x0000000000000035       0x36 example-neighbors.co
 .comment       0x0000000000000035       0x36 obj_cooja/mtype539.o
 .comment       0x0000000000000035       0x36 obj_cooja/mtype539.a(simEnvChange.o)
 .comment       0x0000000000000035       0x36 obj_cooja/mtype539.a(cooja_mt.o)
 .comment       0x0000000000000035       0x36 obj_cooja/mtype539.a(cooja_mtarch.o)
 .comment       0x0000000000000035       0x36 obj_cooja/mtype539.a(rtimer-arch.o)
 .comment       0x0000000000000035       0x36 obj_cooja/mtype539.a(beep.o)
 .comment       0x0000000000000035       0x36 obj_cooja/mtype539.a(button-sensor.o)
 .comment       0x0000000000000035       0x36 obj_cooja/mtype539.a(leds-arch.o)
 .comment       0x0000000000000035       0x36 obj_cooja/mtype539.a(moteid.o)
 .comment       0x0000000000000035       0x36 obj_cooja/mtype539.a(pir-sensor.o)
 .comment       0x0000000000000035       0x36 obj_cooja/mtype539.a(rs232.o)
 .comment       0x0000000000000035       0x36 obj_cooja/mtype539.a(vib-sensor.o)
 .comment       0x0000000000000035       0x36 obj_cooja/mtype539.a(clock.o)
 .comment       0x0000000000000035       0x36 obj_cooja/mtype539.a(log.o)
 .comment       0x0000000000000035       0x36 obj_cooja/mtype539.a(cfs-cooja.o)
 .comment       0x0000000000000035       0x36 obj_cooja/mtype539.a(cooja-radio.o)
 .comment       0x0000000000000035       0x36 obj_cooja/mtype539.a(eeprom.o)
 .comment       0x0000000000000035       0x36 obj_cooja/mtype539.a(random.o)
 .comment       0x0000000000000035       0x36 obj_cooja/mtype539.a(sensors.o)
 .comment       0x0000000000000035       0x36 obj_cooja/mtype539.a(autostart.o)
 .comment       0x0000000000000035       0x36 obj_cooja/mtype539.a(ctimer.o)
 .comment       0x0000000000000035       0x36 obj_cooja/mtype539.a(etimer.o)
 .comment       0x0000000000000035       0x36 obj_cooja/mtype539.a(process.o)
 .comment       0x0000000000000035       0x36 obj_cooja/mtype539.a(rtimer.o)
 .comment       0x0000000000000035       0x36 obj_cooja/mtype539.a(timer.o)
 .comment       0x0000000000000035       0x36 obj_cooja/mtype539.a(serial-line.o)
 .comment       0x0000000000000035       0x36 obj_cooja/mtype539.a(list.o)
 .comment       0x0000000000000035       0x36 obj_cooja/mtype539.a(memb.o)
 .comment       0x0000000000000035       0x36 obj_cooja/mtype539.a(ringbuf.o)
 .comment       0x0000000000000035       0x36 obj_cooja/mtype539.a(unicast.o)
 .comment       0x0000000000000035       0x36 obj_cooja/mtype539.a(broadcast.o)
 .comment       0x0000000000000035       0x36 obj_cooja/mtype539.a(rime.o)
 .comment       0x0000000000000035       0x36 obj_cooja/mtype539.a(abc.o)
 .comment       0x0000000000000035       0x36 obj_cooja/mtype539.a(announcement.o)
 .comment       0x0000000000000035       0x36 obj_cooja/mtype539.a(queuebuf.o)
 .comment       0x0000000000000035       0x36 obj_cooja/mtype539.a(packetbuf.o)
 .comment       0x0000000000000035       0x36 obj_cooja/mtype539.a(netstack.o)
 .comment       0x0000000000000035       0x36 obj_cooja/mtype539.a(linkaddr.o)
 .comment       0x0000000000000035       0x36 obj_cooja/mtype539.a(csma.o)
 .comment       0x0000000000000035       0x36 obj_cooja/mtype539.a(mac.o)
 .comment       0x0000000000000035       0x36 obj_cooja/mtype539.a(nullrdc.o)
 .comment       0x0000000000000035       0x36 obj_cooja/mtype539.a(nullsec.o)
 .comment       0x0000000000000035       0x36 obj_cooja/mtype539.a(rimestats.o)
 .comment       0x0000000000000035       0x36 obj_cooja/mtype539.a(broadcast-annou)
 .comment       0x0000000000000035       0x36 obj_cooja/mtype539.a(chameleon.o)
 .comment       0x0000000000000035       0x36 obj_cooja/mtype539.a(channel.o)
 .comment       0x0000000000000035       0x36 obj_cooja/mtype539.a(framer-nullmac.)
 .comment       0x0000000000000035       0x36 obj_cooja/mtype539.a(chameleon-bitop)
 .comment       0x0000000000000035       0x36 /usr/lib/gcc/i686-linux-gnu/5/crtendS.o

.debug
 *(.debug)

.line
 *(.line)

.debug_srcinfo
 *(.debug_srcinfo)

.debug_sfnames
 *(.debug_sfnames)

.debug_aranges  0x0000000000000000      0x618
 *(.debug_aranges)
 .debug_aranges
                0x0000000000000000       0x20 example-neighbors.co
 .debug_aranges
                0x0000000000000020       0x20 obj_cooja/mtype539.o
 .debug_aranges
                0x0000000000000040       0x20 obj_cooja/mtype539.a(simEnvChange.o)
 .debug_aranges
                0x0000000000000060       0x20 obj_cooja/mtype539.a(cooja_mt.o)
 .debug_aranges
                0x0000000000000080       0x20 obj_cooja/mtype539.a(cooja_mtarch.o)
 .debug_aranges
                0x00000000000000a0       0x20 obj_cooja/mtype539.a(rtimer-arch.o)
 .debug_aranges
                0x00000000000000c0       0x20 obj_cooja/mtype539.a(beep.o)
 .debug_aranges
                0x00000000000000e0       0x20 obj_cooja/mtype539.a(button-sensor.o)
 .debug_aranges
                0x0000000000000100       0x20 obj_cooja/mtype539.a(leds-arch.o)
 .debug_aranges
                0x0000000000000120       0x20 obj_cooja/mtype539.a(moteid.o)
 .debug_aranges
                0x0000000000000140       0x20 obj_cooja/mtype539.a(pir-sensor.o)
 .debug_aranges
                0x0000000000000160       0x20 obj_cooja/mtype539.a(rs232.o)
 .debug_aranges
                0x0000000000000180       0x20 obj_cooja/mtype539.a(vib-sensor.o)
 .debug_aranges
                0x00000000000001a0       0x20 obj_cooja/mtype539.a(clock.o)
 .debug_aranges
                0x00000000000001c0       0x20 obj_cooja/mtype539.a(log.o)
 .debug_aranges
                0x00000000000001e0       0x20 obj_cooja/mtype539.a(cfs-cooja.o)
 .debug_aranges
                0x0000000000000200       0x20 obj_cooja/mtype539.a(cooja-radio.o)
 .debug_aranges
                0x0000000000000220       0x20 obj_cooja/mtype539.a(eeprom.o)
 .debug_aranges
                0x0000000000000240       0x20 obj_cooja/mtype539.a(random.o)
 .debug_aranges
                0x0000000000000260       0x20 obj_cooja/mtype539.a(sensors.o)
 .debug_aranges
                0x0000000000000280       0x20 obj_cooja/mtype539.a(autostart.o)
 .debug_aranges
                0x00000000000002a0       0x20 obj_cooja/mtype539.a(ctimer.o)
 .debug_aranges
                0x00000000000002c0       0x20 obj_cooja/mtype539.a(etimer.o)
 .debug_aranges
                0x00000000000002e0       0x20 obj_cooja/mtype539.a(process.o)
 .debug_aranges
                0x0000000000000300       0x20 obj_cooja/mtype539.a(rtimer.o)
 .debug_aranges
                0x0000000000000320       0x20 obj_cooja/mtype539.a(timer.o)
 .debug_aranges
                0x0000000000000340       0x20 obj_cooja/mtype539.a(serial-line.o)
 .debug_aranges
                0x0000000000000360       0x20 obj_cooja/mtype539.a(list.o)
 .debug_aranges
                0x0000000000000380       0x20 obj_cooja/mtype539.a(memb.o)
 .debug_aranges
                0x00000000000003a0       0x20 obj_cooja/mtype539.a(ringbuf.o)
 .debug_aranges
                0x00000000000003c0       0x20 obj_cooja/mtype539.a(unicast.o)
 .debug_aranges
                0x00000000000003e0       0x20 obj_cooja/mtype539.a(broadcast.o)
 .debug_aranges
                0x0000000000000400       0x20 obj_cooja/mtype539.a(rime.o)
 .debug_aranges
                0x0000000000000420       0x20 obj_cooja/mtype539.a(abc.o)
 .debug_aranges
                0x0000000000000440       0x20 obj_cooja/mtype539.a(announcement.o)
 .debug_aranges
                0x0000000000000460       0x20 obj_cooja/mtype539.a(queuebuf.o)
 .debug_aranges
                0x0000000000000480       0x20 obj_cooja/mtype539.a(packetbuf.o)
 .debug_aranges
                0x00000000000004a0       0x20 obj_cooja/mtype539.a(netstack.o)
 .debug_aranges
                0x00000000000004c0       0x20 obj_cooja/mtype539.a(linkaddr.o)
 .debug_aranges
                0x00000000000004e0       0x20 obj_cooja/mtype539.a(csma.o)
 .debug_aranges
                0x0000000000000500       0x20 obj_cooja/mtype539.a(mac.o)
 .debug_aranges
                0x0000000000000520       0x20 obj_cooja/mtype539.a(nullrdc.o)
 .debug_aranges
                0x0000000000000540       0x20 obj_cooja/mtype539.a(nullsec.o)
 .debug_aranges
                0x0000000000000560       0x18 obj_cooja/mtype539.a(rimestats.o)
 .debug_aranges
                0x0000000000000578       0x20 obj_cooja/mtype539.a(broadcast-annou)
 .debug_aranges
                0x0000000000000598       0x20 obj_cooja/mtype539.a(chameleon.o)
 .debug_aranges
                0x00000000000005b8       0x20 obj_cooja/mtype539.a(channel.o)
 .debug_aranges
                0x00000000000005d8       0x20 obj_cooja/mtype539.a(framer-nullmac.)
 .debug_aranges
                0x00000000000005f8       0x20 obj_cooja/mtype539.a(chameleon-bitop)

.debug_pubnames
 *(.debug_pubnames)

.debug_info     0x0000000000000000     0xe7ea
 *(.debug_info .gnu.linkonce.wi.*)
 .debug_info    0x0000000000000000      0x95a example-neighbors.co
 .debug_info    0x000000000000095a     0x3547 obj_cooja/mtype539.o
 .debug_info    0x0000000000003ea1      0x15a obj_cooja/mtype539.a(simEnvChange.o)
 .debug_info    0x0000000000003ffb      0x1e2 obj_cooja/mtype539.a(cooja_mt.o)
 .debug_info    0x00000000000041dd      0x2ee obj_cooja/mtype539.a(cooja_mtarch.o)
 .debug_info    0x00000000000044cb      0x181 obj_cooja/mtype539.a(rtimer-arch.o)
 .debug_info    0x000000000000464c      0x1f3 obj_cooja/mtype539.a(beep.o)
 .debug_info    0x000000000000483f      0x257 obj_cooja/mtype539.a(button-sensor.o)
 .debug_info    0x0000000000004a96      0x132 obj_cooja/mtype539.a(leds-arch.o)
 .debug_info    0x0000000000004bc8      0x10a obj_cooja/mtype539.a(moteid.o)
 .debug_info    0x0000000000004cd2      0x216 obj_cooja/mtype539.a(pir-sensor.o)
 .debug_info    0x0000000000004ee8      0x21e obj_cooja/mtype539.a(rs232.o)
 .debug_info    0x0000000000005106      0x216 obj_cooja/mtype539.a(vib-sensor.o)
 .debug_info    0x000000000000531c      0x152 obj_cooja/mtype539.a(clock.o)
 .debug_info    0x000000000000546e      0x2bb obj_cooja/mtype539.a(log.o)
 .debug_info    0x0000000000005729      0x3cf obj_cooja/mtype539.a(cfs-cooja.o)
 .debug_info    0x0000000000005af8      0xd8b obj_cooja/mtype539.a(cooja-radio.o)
 .debug_info    0x0000000000006883      0x1d5 obj_cooja/mtype539.a(eeprom.o)
 .debug_info    0x0000000000006a58       0xb3 obj_cooja/mtype539.a(random.o)
 .debug_info    0x0000000000006b0b      0x36d obj_cooja/mtype539.a(sensors.o)
 .debug_info    0x0000000000006e78      0x1a5 obj_cooja/mtype539.a(autostart.o)
 .debug_info    0x000000000000701d      0x46c obj_cooja/mtype539.a(ctimer.o)
 .debug_info    0x0000000000007489      0x498 obj_cooja/mtype539.a(etimer.o)
 .debug_info    0x0000000000007921      0x4ab obj_cooja/mtype539.a(process.o)
 .debug_info    0x0000000000007dcc      0x1ba obj_cooja/mtype539.a(rtimer.o)
 .debug_info    0x0000000000007f86      0x16c obj_cooja/mtype539.a(timer.o)
 .debug_info    0x00000000000080f2      0x2da obj_cooja/mtype539.a(serial-line.o)
 .debug_info    0x00000000000083cc      0x2ed obj_cooja/mtype539.a(list.o)
 .debug_info    0x00000000000086b9      0x1d7 obj_cooja/mtype539.a(memb.o)
 .debug_info    0x0000000000008890      0x1aa obj_cooja/mtype539.a(ringbuf.o)
 .debug_info    0x0000000000008a3a      0x5d8 obj_cooja/mtype539.a(unicast.o)
 .debug_info    0x0000000000009012      0x541 obj_cooja/mtype539.a(broadcast.o)
 .debug_info    0x0000000000009553      0x52b obj_cooja/mtype539.a(rime.o)
 .debug_info    0x0000000000009a7e      0x425 obj_cooja/mtype539.a(abc.o)
 .debug_info    0x0000000000009ea3      0x3b5 obj_cooja/mtype539.a(announcement.o)
 .debug_info    0x000000000000a258      0x5e1 obj_cooja/mtype539.a(queuebuf.o)
 .debug_info    0x000000000000a839      0x4f1 obj_cooja/mtype539.a(packetbuf.o)
 .debug_info    0x000000000000ad2a      0x4c4 obj_cooja/mtype539.a(netstack.o)
 .debug_info    0x000000000000b1ee      0x17b obj_cooja/mtype539.a(linkaddr.o)
 .debug_info    0x000000000000b369      0xc71 obj_cooja/mtype539.a(csma.o)
 .debug_info    0x000000000000bfda      0x11d obj_cooja/mtype539.a(mac.o)
 .debug_info    0x000000000000c0f7      0x83a obj_cooja/mtype539.a(nullrdc.o)
 .debug_info    0x000000000000c931      0x40e obj_cooja/mtype539.a(nullsec.o)
 .debug_info    0x000000000000cd3f      0x119 obj_cooja/mtype539.a(rimestats.o)
 .debug_info    0x000000000000ce58      0x7cd obj_cooja/mtype539.a(broadcast-annou)
 .debug_info    0x000000000000d625      0x3bf obj_cooja/mtype539.a(chameleon.o)
 .debug_info    0x000000000000d9e4      0x2bb obj_cooja/mtype539.a(channel.o)
 .debug_info    0x000000000000dc9f      0x356 obj_cooja/mtype539.a(framer-nullmac.)
 .debug_info    0x000000000000dff5      0x7f5 obj_cooja/mtype539.a(chameleon-bitop)

.debug_abbrev   0x0000000000000000     0x4596
 *(.debug_abbrev)
 .debug_abbrev  0x0000000000000000      0x224 example-neighbors.co
 .debug_abbrev  0x0000000000000224      0x29b obj_cooja/mtype539.o
 .debug_abbrev  0x00000000000004bf       0xc3 obj_cooja/mtype539.a(simEnvChange.o)
 .debug_abbrev  0x0000000000000582       0xe6 obj_cooja/mtype539.a(cooja_mt.o)
 .debug_abbrev  0x0000000000000668      0x147 obj_cooja/mtype539.a(cooja_mtarch.o)
 .debug_abbrev  0x00000000000007af       0xeb obj_cooja/mtype539.a(rtimer-arch.o)
 .debug_abbrev  0x000000000000089a       0xe3 obj_cooja/mtype539.a(beep.o)
 .debug_abbrev  0x000000000000097d      0x11c obj_cooja/mtype539.a(button-sensor.o)
 .debug_abbrev  0x0000000000000a99       0xe1 obj_cooja/mtype539.a(leds-arch.o)
 .debug_abbrev  0x0000000000000b7a       0x9c obj_cooja/mtype539.a(moteid.o)
 .debug_abbrev  0x0000000000000c16       0xe6 obj_cooja/mtype539.a(pir-sensor.o)
 .debug_abbrev  0x0000000000000cfc      0x14a obj_cooja/mtype539.a(rs232.o)
 .debug_abbrev  0x0000000000000e46       0xe6 obj_cooja/mtype539.a(vib-sensor.o)
 .debug_abbrev  0x0000000000000f2c       0xee obj_cooja/mtype539.a(clock.o)
 .debug_abbrev  0x000000000000101a      0x141 obj_cooja/mtype539.a(log.o)
 .debug_abbrev  0x000000000000115b      0x139 obj_cooja/mtype539.a(cfs-cooja.o)
 .debug_abbrev  0x0000000000001294      0x326 obj_cooja/mtype539.a(cooja-radio.o)
 .debug_abbrev  0x00000000000015ba       0xf5 obj_cooja/mtype539.a(eeprom.o)
 .debug_abbrev  0x00000000000016af       0x6d obj_cooja/mtype539.a(random.o)
 .debug_abbrev  0x000000000000171c      0x1c2 obj_cooja/mtype539.a(sensors.o)
 .debug_abbrev  0x00000000000018de       0xfb obj_cooja/mtype539.a(autostart.o)
 .debug_abbrev  0x00000000000019d9      0x1a1 obj_cooja/mtype539.a(ctimer.o)
 .debug_abbrev  0x0000000000001b7a      0x1f8 obj_cooja/mtype539.a(etimer.o)
 .debug_abbrev  0x0000000000001d72      0x244 obj_cooja/mtype539.a(process.o)
 .debug_abbrev  0x0000000000001fb6      0x126 obj_cooja/mtype539.a(rtimer.o)
 .debug_abbrev  0x00000000000020dc       0xf5 obj_cooja/mtype539.a(timer.o)
 .debug_abbrev  0x00000000000021d1      0x197 obj_cooja/mtype539.a(serial-line.o)
 .debug_abbrev  0x0000000000002368      0x145 obj_cooja/mtype539.a(list.o)
 .debug_abbrev  0x00000000000024ad       0xe4 obj_cooja/mtype539.a(memb.o)
 .debug_abbrev  0x0000000000002591       0xdb obj_cooja/mtype539.a(ringbuf.o)
 .debug_abbrev  0x000000000000266c      0x1e9 obj_cooja/mtype539.a(unicast.o)
 .debug_abbrev  0x0000000000002855      0x1e9 obj_cooja/mtype539.a(broadcast.o)
 .debug_abbrev  0x0000000000002a3e      0x1db obj_cooja/mtype539.a(rime.o)
 .debug_abbrev  0x0000000000002c19      0x17d obj_cooja/mtype539.a(abc.o)
 .debug_abbrev  0x0000000000002d96      0x171 obj_cooja/mtype539.a(announcement.o)
 .debug_abbrev  0x0000000000002f07      0x1bc obj_cooja/mtype539.a(queuebuf.o)
 .debug_abbrev  0x00000000000030c3      0x1da obj_cooja/mtype539.a(packetbuf.o)
 .debug_abbrev  0x000000000000329d      0x113 obj_cooja/mtype539.a(netstack.o)
 .debug_abbrev  0x00000000000033b0       0xf2 obj_cooja/mtype539.a(linkaddr.o)
 .debug_abbrev  0x00000000000034a2      0x2b3 obj_cooja/mtype539.a(csma.o)
 .debug_abbrev  0x0000000000003755       0xa5 obj_cooja/mtype539.a(mac.o)
 .debug_abbrev  0x00000000000037fa      0x296 obj_cooja/mtype539.a(nullrdc.o)
 .debug_abbrev  0x0000000000003a90      0x1bc obj_cooja/mtype539.a(nullsec.o)
 .debug_abbrev  0x0000000000003c4c       0x59 obj_cooja/mtype539.a(rimestats.o)
 .debug_abbrev  0x0000000000003ca5      0x201 obj_cooja/mtype539.a(broadcast-annou)
 .debug_abbrev  0x0000000000003ea6      0x1c0 obj_cooja/mtype539.a(chameleon.o)
 .debug_abbrev  0x0000000000004066      0x174 obj_cooja/mtype539.a(channel.o)
 .debug_abbrev  0x00000000000041da      0x17d obj_cooja/mtype539.a(framer-nullmac.)
 .debug_abbrev  0x0000000000004357      0x23f obj_cooja/mtype539.a(chameleon-bitop)

.debug_line     0x0000000000000000     0x371c
 *(.debug_line .debug_line.* .debug_line_end)
 .debug_line    0x0000000000000000      0x25d example-neighbors.co
 .debug_line    0x000000000000025d      0x3a6 obj_cooja/mtype539.o
 .debug_line    0x0000000000000603       0xd4 obj_cooja/mtype539.a(simEnvChange.o)
 .debug_line    0x00000000000006d7       0xc7 obj_cooja/mtype539.a(cooja_mt.o)
 .debug_line    0x000000000000079e       0xfc obj_cooja/mtype539.a(cooja_mtarch.o)
 .debug_line    0x000000000000089a       0xc5 obj_cooja/mtype539.a(rtimer-arch.o)
 .debug_line    0x000000000000095f       0xc3 obj_cooja/mtype539.a(beep.o)
 .debug_line    0x0000000000000a22      0x135 obj_cooja/mtype539.a(button-sensor.o)
 .debug_line    0x0000000000000b57       0x8e obj_cooja/mtype539.a(leds-arch.o)
 .debug_line    0x0000000000000be5       0x85 obj_cooja/mtype539.a(moteid.o)
 .debug_line    0x0000000000000c6a       0xbf obj_cooja/mtype539.a(pir-sensor.o)
 .debug_line    0x0000000000000d29       0xc6 obj_cooja/mtype539.a(rs232.o)
 .debug_line    0x0000000000000def       0xbf obj_cooja/mtype539.a(vib-sensor.o)
 .debug_line    0x0000000000000eae       0xb4 obj_cooja/mtype539.a(clock.o)
 .debug_line    0x0000000000000f62      0x10f obj_cooja/mtype539.a(log.o)
 .debug_line    0x0000000000001071      0x104 obj_cooja/mtype539.a(cfs-cooja.o)
 .debug_line    0x0000000000001175      0x2eb obj_cooja/mtype539.a(cooja-radio.o)
 .debug_line    0x0000000000001460       0xbe obj_cooja/mtype539.a(eeprom.o)
 .debug_line    0x000000000000151e       0x4c obj_cooja/mtype539.a(random.o)
 .debug_line    0x000000000000156a      0x131 obj_cooja/mtype539.a(sensors.o)
 .debug_line    0x000000000000169b       0xaa obj_cooja/mtype539.a(autostart.o)
 .debug_line    0x0000000000001745      0x181 obj_cooja/mtype539.a(ctimer.o)
 .debug_line    0x00000000000018c6      0x1a6 obj_cooja/mtype539.a(etimer.o)
 .debug_line    0x0000000000001a6c      0x194 obj_cooja/mtype539.a(process.o)
 .debug_line    0x0000000000001c00       0xc5 obj_cooja/mtype539.a(rtimer.o)
 .debug_line    0x0000000000001cc5       0xa7 obj_cooja/mtype539.a(timer.o)
 .debug_line    0x0000000000001d6c      0x11a obj_cooja/mtype539.a(serial-line.o)
 .debug_line    0x0000000000001e86      0x110 obj_cooja/mtype539.a(list.o)
 .debug_line    0x0000000000001f96       0xd2 obj_cooja/mtype539.a(memb.o)
 .debug_line    0x0000000000002068       0xaa obj_cooja/mtype539.a(ringbuf.o)
 .debug_line    0x0000000000002112      0x105 obj_cooja/mtype539.a(unicast.o)
 .debug_line    0x0000000000002217       0xfd obj_cooja/mtype539.a(broadcast.o)
 .debug_line    0x0000000000002314      0x189 obj_cooja/mtype539.a(rime.o)
 .debug_line    0x000000000000249d       0xd5 obj_cooja/mtype539.a(abc.o)
 .debug_line    0x0000000000002572      0x120 obj_cooja/mtype539.a(announcement.o)
 .debug_line    0x0000000000002692      0x105 obj_cooja/mtype539.a(queuebuf.o)
 .debug_line    0x0000000000002797      0x128 obj_cooja/mtype539.a(packetbuf.o)
 .debug_line    0x00000000000028bf      0x105 obj_cooja/mtype539.a(netstack.o)
 .debug_line    0x00000000000029c4       0x8a obj_cooja/mtype539.a(linkaddr.o)
 .debug_line    0x0000000000002a4e      0x2b1 obj_cooja/mtype539.a(csma.o)
 .debug_line    0x0000000000002cff       0x72 obj_cooja/mtype539.a(mac.o)
 .debug_line    0x0000000000002d71      0x17a obj_cooja/mtype539.a(nullrdc.o)
 .debug_line    0x0000000000002eeb       0xf7 obj_cooja/mtype539.a(nullsec.o)
 .debug_line    0x0000000000002fe2       0x65 obj_cooja/mtype539.a(rimestats.o)
 .debug_line    0x0000000000003047      0x1f2 obj_cooja/mtype539.a(broadcast-annou)
 .debug_line    0x0000000000003239       0xeb obj_cooja/mtype539.a(chameleon.o)
 .debug_line    0x0000000000003324       0xfa obj_cooja/mtype539.a(channel.o)
 .debug_line    0x000000000000341e       0xe1 obj_cooja/mtype539.a(framer-nullmac.)
 .debug_line    0x00000000000034ff      0x21d obj_cooja/mtype539.a(chameleon-bitop)

.debug_frame
 *(.debug_frame)

.debug_str      0x0000000000000000     0x425d
 *(.debug_str)
 .debug_str     0x0000000000000000      0x6c3 example-neighbors.co
                                        0x7be (size before relaxing)
 .debug_str     0x00000000000006c3     0x17a1 obj_cooja/mtype539.o
                                       0x1a4e (size before relaxing)
 .debug_str     0x0000000000001e64       0x28 obj_cooja/mtype539.a(simEnvChange.o)
                                        0x1ea (size before relaxing)
 .debug_str     0x0000000000001e8c       0x85 obj_cooja/mtype539.a(cooja_mt.o)
                                        0x217 (size before relaxing)
 .debug_str     0x0000000000001f11       0xf5 obj_cooja/mtype539.a(cooja_mtarch.o)
                                        0x2a0 (size before relaxing)
 .debug_str     0x0000000000002006      0x110 obj_cooja/mtype539.a(rtimer-arch.o)
                                        0x23d (size before relaxing)
 .debug_str     0x0000000000002116       0xbe obj_cooja/mtype539.a(beep.o)
                                        0x22b (size before relaxing)
 .debug_str     0x00000000000021d4       0x6a obj_cooja/mtype539.a(button-sensor.o)
                                        0x25b (size before relaxing)
 .debug_str     0x000000000000223e       0x62 obj_cooja/mtype539.a(leds-arch.o)
                                        0x1f6 (size before relaxing)
 .debug_str     0x00000000000022a0       0x41 obj_cooja/mtype539.a(moteid.o)
                                        0x1e1 (size before relaxing)
 .debug_str     0x00000000000022e1       0x4f obj_cooja/mtype539.a(pir-sensor.o)
                                        0x218 (size before relaxing)
 .debug_str     0x0000000000002330       0xc9 obj_cooja/mtype539.a(rs232.o)
                                        0x275 (size before relaxing)
 .debug_str     0x00000000000023f9       0x4f obj_cooja/mtype539.a(vib-sensor.o)
                                        0x218 (size before relaxing)
 .debug_str     0x0000000000002448       0x6b obj_cooja/mtype539.a(clock.o)
                                        0x20d (size before relaxing)
 .debug_str     0x00000000000024b3       0xcb obj_cooja/mtype539.a(log.o)
                                        0x29b (size before relaxing)
 .debug_str     0x000000000000257e      0x10b obj_cooja/mtype539.a(cfs-cooja.o)
                                        0x2b7 (size before relaxing)
 .debug_str     0x0000000000002689      0x584 obj_cooja/mtype539.a(cooja-radio.o)
                                        0xc39 (size before relaxing)
 .debug_str     0x0000000000002c0d       0x93 obj_cooja/mtype539.a(eeprom.o)
                                        0x237 (size before relaxing)
 .debug_str     0x0000000000002ca0       0x35 obj_cooja/mtype539.a(random.o)
                                        0x156 (size before relaxing)
 .debug_str     0x0000000000002cd5       0xa2 obj_cooja/mtype539.a(sensors.o)
                                        0x286 (size before relaxing)
 .debug_str     0x0000000000002d77       0x3a obj_cooja/mtype539.a(autostart.o)
                                        0x1a9 (size before relaxing)
 .debug_str     0x0000000000002db1       0xe8 obj_cooja/mtype539.a(ctimer.o)
                                        0x2aa (size before relaxing)
 .debug_str     0x0000000000002e99      0x152 obj_cooja/mtype539.a(etimer.o)
                                        0x31d (size before relaxing)
 .debug_str     0x0000000000002feb      0x156 obj_cooja/mtype539.a(process.o)
                                        0x2e8 (size before relaxing)
 .debug_str     0x0000000000003141       0xb2 obj_cooja/mtype539.a(rtimer.o)
                                        0x1f4 (size before relaxing)
 .debug_str     0x00000000000031f3       0x27 obj_cooja/mtype539.a(timer.o)
                                        0x193 (size before relaxing)
 .debug_str     0x000000000000321a       0xb4 obj_cooja/mtype539.a(serial-line.o)
                                        0x271 (size before relaxing)
 .debug_str     0x00000000000032ce       0xa8 obj_cooja/mtype539.a(list.o)
                                        0x152 (size before relaxing)
 .debug_str     0x0000000000003376       0x5c obj_cooja/mtype539.a(memb.o)
                                        0x18d (size before relaxing)
 .debug_str     0x00000000000033d2       0x5c obj_cooja/mtype539.a(ringbuf.o)
                                        0x1a6 (size before relaxing)
 .debug_str     0x000000000000342e       0x86 obj_cooja/mtype539.a(unicast.o)
                                        0x60f (size before relaxing)
 .debug_str     0x00000000000034b4       0x6f obj_cooja/mtype539.a(broadcast.o)
                                        0x5e5 (size before relaxing)
 .debug_str     0x0000000000003523       0xf2 obj_cooja/mtype539.a(rime.o)
                                        0x3cf (size before relaxing)
 .debug_str     0x0000000000003615       0x49 obj_cooja/mtype539.a(abc.o)
                                        0x576 (size before relaxing)
 .debug_str     0x000000000000365e      0x19f obj_cooja/mtype539.a(announcement.o)
                                        0x33d (size before relaxing)
 .debug_str     0x00000000000037fd      0x19f obj_cooja/mtype539.a(queuebuf.o)
                                        0x677 (size before relaxing)
 .debug_str     0x000000000000399c      0x197 obj_cooja/mtype539.a(packetbuf.o)
                                        0x678 (size before relaxing)
 .debug_str     0x0000000000003b33       0x28 obj_cooja/mtype539.a(netstack.o)
                                        0x336 (size before relaxing)
 .debug_str     0x0000000000003b5b       0x52 obj_cooja/mtype539.a(linkaddr.o)
                                        0x1b3 (size before relaxing)
 .debug_str     0x0000000000003bad      0x22f obj_cooja/mtype539.a(csma.o)
                                        0x8ce (size before relaxing)
 .debug_str     0x0000000000003ddc       0x30 obj_cooja/mtype539.a(mac.o)
                                        0x1ca (size before relaxing)
 .debug_str     0x0000000000003e0c       0x67 obj_cooja/mtype539.a(nullrdc.o)
                                        0x7b0 (size before relaxing)
 .debug_str     0x0000000000003e73       0x1f obj_cooja/mtype539.a(nullsec.o)
                                        0x56e (size before relaxing)
 .debug_str     0x0000000000003e92       0x20 obj_cooja/mtype539.a(rimestats.o)
                                        0x154 (size before relaxing)
 .debug_str     0x0000000000003eb2      0x181 obj_cooja/mtype539.a(broadcast-annou)
                                        0x4a1 (size before relaxing)
 .debug_str     0x0000000000004033       0x84 obj_cooja/mtype539.a(chameleon.o)
                                        0x58d (size before relaxing)
 .debug_str     0x00000000000040b7       0x8b obj_cooja/mtype539.a(channel.o)
                                        0x26f (size before relaxing)
 .debug_str     0x0000000000004142       0x3b obj_cooja/mtype539.a(framer-nullmac.)
                                        0x53d (size before relaxing)
 .debug_str     0x000000000000417d       0xe0 obj_cooja/mtype539.a(chameleon-bitop)
                                        0x640 (size before relaxing)

.debug_loc
 *(.debug_loc)

.debug_macinfo
 *(.debug_macinfo)

.debug_weaknames
 *(.debug_weaknames)

.debug_funcnames
 *(.debug_funcnames)

.debug_typenames
 *(.debug_typenames)

.debug_varnames
 *(.debug_varnames)

.debug_pubtypes
 *(.debug_pubtypes)

.debug_ranges   0x0000000000000000       0x60
 *(.debug_ranges)
 .debug_ranges  0x0000000000000000       0x18 obj_cooja/mtype539.a(etimer.o)
 .debug_ranges  0x0000000000000018       0x18 obj_cooja/mtype539.a(serial-line.o)
 .debug_ranges  0x0000000000000030       0x18 obj_cooja/mtype539.a(csma.o)
 .debug_ranges  0x0000000000000048       0x18 obj_cooja/mtype539.a(nullrdc.o)

.debug_macro
 *(.debug_macro)

.gnu.attributes
 *(.gnu.attributes)

/DISCARD/
 *(.note.GNU-stack)
 *(.gnu_debuglink)
 *(.gnu.lto_*)
OUTPUT(obj_cooja/mtype539.cooja elf32-i386)
