Archive member included to satisfy reference by file (symbol)

obj_cooja/mtype314.a(simEnvChange.o)
                              obj_cooja/mtype314.o (simDontFallAsleep)
obj_cooja/mtype314.a(cooja_mt.o)
                              obj_cooja/mtype314.o (cooja_mt_start)
obj_cooja/mtype314.a(cooja_mtarch.o)
                              obj_cooja/mtype314.a(cooja_mt.o) (cooja_mtarch_init)
obj_cooja/mtype314.a(rtimer-arch.o)
                              obj_cooja/mtype314.o (rtimer_arch_check)
obj_cooja/mtype314.a(beep.o)  obj_cooja/mtype314.o (beep_interface)
obj_cooja/mtype314.a(button-sensor.o)
                              obj_cooja/mtype314.o (button_interface)
obj_cooja/mtype314.a(leds-arch.o)
                              obj_cooja/mtype314.o (leds_interface)
obj_cooja/mtype314.a(moteid.o)
                              obj_cooja/mtype314.o (moteid_interface)
obj_cooja/mtype314.a(pir-sensor.o)
                              obj_cooja/mtype314.o (pir_interface)
obj_cooja/mtype314.a(rs232.o)
                              obj_cooja/mtype314.o (rs232_interface)
obj_cooja/mtype314.a(vib-sensor.o)
                              obj_cooja/mtype314.o (vib_interface)
obj_cooja/mtype314.a(clock.o)
                              obj_cooja/mtype314.o (clock_interface)
obj_cooja/mtype314.a(log.o)   obj_cooja/mtype314.o (simlog_interface)
obj_cooja/mtype314.a(cfs-cooja.o)
                              obj_cooja/mtype314.o (cfs_interface)
obj_cooja/mtype314.a(cooja-radio.o)
                              obj_cooja/mtype314.o (radio_interface)
obj_cooja/mtype314.a(eeprom.o)
                              obj_cooja/mtype314.o (eeprom_interface)
obj_cooja/mtype314.a(random.o)
                              obj_cooja/mtype314.a(moteid.o) (random_init)
obj_cooja/mtype314.a(sensors.o)
                              obj_cooja/mtype314.o (sensors_process)
obj_cooja/mtype314.a(tsch.o)  node.co (tsch_set_coordinator)
obj_cooja/mtype314.a(tsch-queue.o)
                              obj_cooja/mtype314.a(tsch.o) (tsch_queue_add_nbr)
obj_cooja/mtype314.a(tsch-schedule.o)
                              obj_cooja/mtype314.a(tsch.o) (tsch_schedule_add_slotframe)
obj_cooja/mtype314.a(tsch-slot-opera)
                              obj_cooja/mtype314.a(tsch.o) (dequeued_ringbuf)
obj_cooja/mtype314.a(tsch-packet.o)
                              obj_cooja/mtype314.a(tsch-slot-opera) (tsch_packet_create_eack)
obj_cooja/mtype314.a(tsch-adaptive-t)
                              obj_cooja/mtype314.a(tsch-slot-opera) (tsch_timesync_update)
obj_cooja/mtype314.a(tsch-log.o)
                              obj_cooja/mtype314.a(tsch.o) (tsch_log_process_pending)
obj_cooja/mtype314.a(autostart.o)
                              obj_cooja/mtype314.o (autostart_start)
obj_cooja/mtype314.a(ctimer.o)
                              obj_cooja/mtype314.o (ctimer_init)
obj_cooja/mtype314.a(etimer.o)
                              obj_cooja/mtype314.o (etimer_process)
obj_cooja/mtype314.a(process.o)
                              obj_cooja/mtype314.a(ctimer.o) (process_current)
obj_cooja/mtype314.a(rtimer.o)
                              obj_cooja/mtype314.a(tsch-slot-opera) (rtimer_set)
obj_cooja/mtype314.a(timer.o)
                              obj_cooja/mtype314.a(button-sensor.o) (timer_set)
obj_cooja/mtype314.a(serial-line.o)
                              obj_cooja/mtype314.a(rs232.o) (serial_line_input_byte)
obj_cooja/mtype314.a(ringbufindex.o)
                              obj_cooja/mtype314.a(tsch.o) (ringbufindex_init)
obj_cooja/mtype314.a(list.o)  obj_cooja/mtype314.a(tsch-queue.o) (list_init)
obj_cooja/mtype314.a(memb.o)  obj_cooja/mtype314.a(tsch-queue.o) (memb_init)
obj_cooja/mtype314.a(ringbuf.o)
                              obj_cooja/mtype314.a(serial-line.o) (ringbuf_init)
obj_cooja/mtype314.a(unicast.o)
                              node.co (unicast_open)
obj_cooja/mtype314.a(broadcast.o)
                              obj_cooja/mtype314.a(unicast.o) (broadcast_open)
obj_cooja/mtype314.a(rime.o)  obj_cooja/mtype314.o (rime_driver)
obj_cooja/mtype314.a(abc.o)   obj_cooja/mtype314.a(broadcast.o) (abc_open)
obj_cooja/mtype314.a(announcement.o)
                              obj_cooja/mtype314.a(rime.o) (announcement_init)
obj_cooja/mtype314.a(queuebuf.o)
                              obj_cooja/mtype314.o (queuebuf_init)
obj_cooja/mtype314.a(nbr-table.o)
                              obj_cooja/mtype314.a(tsch.o) (nbr_table_register)
obj_cooja/mtype314.a(packetbuf.o)
                              obj_cooja/mtype314.a(cooja-radio.o) (packetbuf_attrs)
obj_cooja/mtype314.a(netstack.o)
                              obj_cooja/mtype314.o (netstack_init)
obj_cooja/mtype314.a(linkaddr.o)
                              node.co (linkaddr_node_addr)
obj_cooja/mtype314.a(net-debug.o)
                              obj_cooja/mtype314.a(tsch.o) (net_debug_lladdr_print)
obj_cooja/mtype314.a(frame802154e-ie)
[...]
Memory Configuration

Name             Origin             Length             Attributes
*default*        0x0000000000000000 0xffffffffffffffff

Linker script and memory map

LOAD /usr/lib/gcc/i686-linux-gnu/5/../../../i386-linux-gnu/crti.o
LOAD /usr/lib/gcc/i686-linux-gnu/5/crtbeginS.o
LOAD node.co
LOAD obj_cooja/mtype314.o
LOAD obj_cooja/mtype314.a
LOAD /usr/lib/gcc/i686-linux-gnu/5/libgcc.a
LOAD /usr/lib/gcc/i686-linux-gnu/5/libgcc_s.so
LOAD /usr/lib/gcc/i686-linux-gnu/5/../../../i386-linux-gnu/libc.so
START GROUP
LOAD /lib/i386-linux-gnu/libc.so.6
LOAD /usr/lib/i386-linux-gnu/libc_nonshared.a
LOAD /lib/i386-linux-gnu/ld-linux.so.2
END GROUP
LOAD /usr/lib/gcc/i686-linux-gnu/5/libgcc.a
LOAD /usr/lib/gcc/i686-linux-gnu/5/libgcc_s.so
LOAD /usr/lib/gcc/i686-linux-gnu/5/crtendS.o
LOAD /usr/lib/gcc/i686-linux-gnu/5/../../../i386-linux-gnu/crtn.o
                0x0000000000000114                . = (0x0 + SIZEOF_HEADERS)

.note.gnu.build-id
                0x0000000000000114       0x24
 *(.note.gnu.build-id)
 .note.gnu.build-id
                0x0000000000000114       0x24 /usr/lib/gcc/i686-linux-gnu/5/../../../i386-linux-gnu/crti.o

.hash
 *(.hash)

.gnu.hash       0x0000000000000138      0xd08
 *(.gnu.hash)
 .gnu.hash      0x0000000000000138      0xd08 /usr/lib/gcc/i686-linux-gnu/5/../../../i386-linux-gnu/crti.o

.dynsym         0x0000000000000e40     0x1c70
 *(.dynsym)
 .dynsym        0x0000000000000e40     0x1c70 /usr/lib/gcc/i686-linux-gnu/5/../../../i386-linux-gnu/crti.o

.dynstr         0x0000000000002ab0     0x200a
 *(.dynstr)
 .dynstr        0x0000000000002ab0     0x200a /usr/lib/gcc/i686-linux-gnu/5/../../../i386-linux-gnu/crti.o

.gnu.version    0x0000000000004aba      0x38e
 *(.gnu.version)
 .gnu.version   0x0000000000004aba      0x38e /usr/lib/gcc/i686-linux-gnu/5/../../../i386-linux-gnu/crti.o

.gnu.version_d  0x0000000000004e48        0x0
 *(.gnu.version_d)
 .gnu.version_d
                0x0000000000004e48        0x0 /usr/lib/gcc/i686-linux-gnu/5/../../../i386-linux-gnu/crti.o

.gnu.version_r  0x0000000000004e48       0x40
 *(.gnu.version_r)
 .gnu.version_r
                0x0000000000004e48       0x40 /usr/lib/gcc/i686-linux-gnu/5/../../../i386-linux-gnu/crti.o

.rel.dyn        0x0000000000004e88     0x4b08
 *(.rel.init)
 .rel.init      0x0000000000004e88        0x0 /usr/lib/gcc/i686-linux-gnu/5/../../../i386-linux-gnu/crti.o
 *(.rel.text .rel.text.* .rel.gnu.linkonce.t.*)
 .rel.text      0x0000000000004e88     0x4648 /usr/lib/gcc/i686-linux-gnu/5/../../../i386-linux-gnu/crti.o
 *(.rel.fini)
 .rel.fini      0x00000000000094d0        0x0 /usr/lib/gcc/i686-linux-gnu/5/../../../i386-linux-gnu/crti.o
 *(.rel.rodata .rel.rodata.* .rel.gnu.linkonce.r.*)
 .rel.rodata    0x00000000000094d0      0x2b8 /usr/lib/gcc/i686-linux-gnu/5/../../../i386-linux-gnu/crti.o
 *(.rel.data.rel.ro .rel.data.rel.ro.* .rel.gnu.linkonce.d.rel.ro.*)
 *(.rel.data .rel.data.* .rel.gnu.linkonce.d.*)
 .rel.data.rel.local
                0x0000000000009788        0x8 /usr/lib/gcc/i686-linux-gnu/5/../../../i386-linux-gnu/crti.o
 .rel.data      0x0000000000009790      0x1c8 /usr/lib/gcc/i686-linux-gnu/5/../../../i386-linux-gnu/crti.o
 *(.rel.tdata .rel.tdata.* .rel.gnu.linkonce.td.*)
 *(.rel.tbss .rel.tbss.* .rel.gnu.linkonce.tb.*)
 *(.rel.ctors)
 *(.rel.dtors)
 *(.rel.got)
 .rel.got       0x0000000000009958       0x28 /usr/lib/gcc/i686-linux-gnu/5/../../../i386-linux-gnu/crti.o
 *(.rel.bss .rel.bss.* .rel.gnu.linkonce.b.*)
 *(.rel.ifunc)
 .rel.ifunc     0x0000000000009980        0x0 /usr/lib/gcc/i686-linux-gnu/5/../../../i386-linux-gnu/crti.o
 .rel.fini_array
                0x0000000000009980        0x8 /usr/lib/gcc/i686-linux-gnu/5/../../../i386-linux-gnu/crti.o
 .rel.init_array
                0x0000000000009988        0x8 /usr/lib/gcc/i686-linux-gnu/5/../../../i386-linux-gnu/crti.o

.rel.plt        0x0000000000009990        0x0
 *(.rel.plt)
 .rel.plt       0x0000000000009990        0x0 /usr/lib/gcc/i686-linux-gnu/5/../../../i386-linux-gnu/crti.o
 *(.rel.iplt)

.init           0x0000000000009990       0x23
 *(SORT(.init))
 .init          0x0000000000009990       0x1e /usr/lib/gcc/i686-linux-gnu/5/../../../i386-linux-gnu/crti.o
                0x0000000000009990                _init
 .init          0x00000000000099ae        0x5 /usr/lib/gcc/i686-linux-gnu/5/../../../i386-linux-gnu/crtn.o

.plt            0x00000000000099c0       0x10
 *(.plt)
 .plt           0x00000000000099c0       0x10 /usr/lib/gcc/i686-linux-gnu/5/../../../i386-linux-gnu/crti.o
 *(.iplt)

.plt.got        0x00000000000099d0       0x10
 *(.plt.got)
 .plt.got       0x00000000000099d0       0x10 /usr/lib/gcc/i686-linux-gnu/5/../../../i386-linux-gnu/crti.o

.text           0x00000000000099e0     0xd3f2
 *(.text.unlikely .text.*_unlikely .text.unlikely.*)
 .text.unlikely
                0x00000000000099e0        0x0 /usr/lib/gcc/i686-linux-gnu/5/crtbeginS.o
 .text.unlikely
                0x00000000000099e0        0x0 /usr/lib/gcc/i686-linux-gnu/5/libgcc.a(_divdi3.o)
 .text.unlikely
                0x00000000000099e0        0x0 /usr/lib/gcc/i686-linux-gnu/5/libgcc.a(_udivdi3.o)
 *(.text.exit .text.exit.*)
 *(.text.startup .text.startup.*)
 *(.text.hot .text.hot.*)
 *(.text .stub .text.* .gnu.linkonce.t.*)
 .text          0x00000000000099e0        0x0 /usr/lib/gcc/i686-linux-gnu/5/../../../i386-linux-gnu/crti.o
 .gnu.linkonce.t.__x86.get_pc_thunk.bx
                0x00000000000099e0        0x4 /usr/lib/gcc/i686-linux-gnu/5/../../../i386-linux-gnu/crti.o
                0x00000000000099e0                __x86.get_pc_thunk.bx
 *fill*         0x00000000000099e4        0xc 
 .text          0x00000000000099f0      0x11c /usr/lib/gcc/i686-linux-gnu/5/crtbeginS.o
 .text.__x86.get_pc_thunk.dx
                0x0000000000009b0c        0x4 /usr/lib/gcc/i686-linux-gnu/5/crtbeginS.o
                0x0000000000009b0c                __x86.get_pc_thunk.dx
 .text          0x0000000000009b10      0x175 node.co
 .text          0x0000000000009c85      0x46d obj_cooja/mtype314.o
                0x0000000000009da0                contiki_init
                0x0000000000009fad                Java_org_contikios_cooja_corecomm_Lib3_init
                0x0000000000009fe4                Java_org_contikios_cooja_corecomm_Lib3_getMemory
                0x000000000000a017                Java_org_contikios_cooja_corecomm_Lib3_setMemory
                0x000000000000a077                Java_org_contikios_cooja_corecomm_Lib3_tick
                0x000000000000a0df                Java_org_contikios_cooja_corecomm_Lib3_setReferenceAddress
 .text          0x000000000000a0f2       0x65 obj_cooja/mtype314.a(simEnvChange.o)
                0x000000000000a0f2                doActionsBeforeTick
                0x000000000000a124                doActionsAfterTick
 .text          0x000000000000a157       0xc2 obj_cooja/mtype314.a(cooja_mt.o)
                0x000000000000a157                cooja_mt_init
                0x000000000000a165                cooja_mt_remove
                0x000000000000a173                cooja_mt_start
                0x000000000000a19d                cooja_mt_exec
                0x000000000000a1d3                cooja_mt_exit
                0x000000000000a1f6                cooja_mt_yield
 .text          0x000000000000a219      0x114 obj_cooja/mtype314.a(cooja_mtarch.o)
                0x000000000000a219                cooja_mtarch_init
                0x000000000000a21f                cooja_mtarch_start
                0x000000000000a292                cooja_sw
                0x000000000000a2b5                cooja_mtarch_exec
                0x000000000000a2d2                cooja_mtarch_remove
                0x000000000000a2d8                cooja_mtarch_yield
                0x000000000000a2e3                cooja_mtarch_pstop
                0x000000000000a2e9                cooja_mtarch_pstart
                0x000000000000a2ef                cooja_mtarch_stack_usage
 .text          0x000000000000a32d       0xc5 obj_cooja/mtype314.a(rtimer-arch.o)
                0x000000000000a32d                rtimer_arch_init
                0x000000000000a351                rtimer_arch_schedule
                0x000000000000a381                rtimer_arch_next
                0x000000000000a391                rtimer_arch_pending
                0x000000000000a39b                rtimer_arch_check
                0x000000000000a3e2                rtimer_arch_now
 .text          0x000000000000a3f2       0x81 obj_cooja/mtype314.a(beep.o)
                0x000000000000a3f2                beep_alarm
                0x000000000000a3ff                beep_beep
                0x000000000000a40c                beep
                0x000000000000a419                beep_down
                0x000000000000a426                beep_on
                0x000000000000a433                beep_off
                0x000000000000a440                beep_spinup
                0x000000000000a44d                beep_quick
                0x000000000000a45a                beep_long
 .text          0x000000000000a473      0x10d obj_cooja/mtype314.a(button-sensor.o)
 .text          0x000000000000a580       0x49 obj_cooja/mtype314.a(leds-arch.o)
                0x000000000000a580                leds_arch_init
                0x000000000000a58d                leds_arch_get
                0x000000000000a599                leds_arch_set
 .text          0x000000000000a5c9       0x35 obj_cooja/mtype314.a(moteid.o)
 .text          0x000000000000a5fe       0xb7 obj_cooja/mtype314.a(pir-sensor.o)
 .text          0x000000000000a6b5      0x148 obj_cooja/mtype314.a(rs232.o)
                0x000000000000a6b5                rs232_init
                0x000000000000a6bb                rs232_set_speed
                0x000000000000a6ca                rs232_set_input
                0x000000000000a6d8                rs232_send
                0x000000000000a6fc                rs232_print
                0x000000000000a718                slip_arch_writeb
 .text          0x000000000000a7fd       0xb7 obj_cooja/mtype314.a(vib-sensor.o)
 .text          0x000000000000a8b4       0x38 obj_cooja/mtype314.a(clock.o)
                0x000000000000a8b4                clock_init
                0x000000000000a8ba                clock_time
                0x000000000000a8c4                clock_seconds
                0x000000000000a8da                clock_delay
 .text          0x000000000000a8ec      0x219 obj_cooja/mtype314.a(log.o)
                0x000000000000a8ec                simlog_char
                0x000000000000a92f                simlog
                0x000000000000a9a5                log_message
                0x000000000000a9d6                log_set_putchar_with_slip
                0x000000000000a9e4                log_putchar
                0x000000000000aa5f                log_puts
                0x000000000000aa87                log_printf
 .text          0x000000000000ab05      0x2b9 obj_cooja/mtype314.a(cfs-cooja.o)
                0x000000000000ab05                cfs_open
                0x000000000000ab6e                cfs_close
                0x000000000000ab7b                cfs_read
                0x000000000000ac10                cfs_write
                0x000000000000acec                cfs_seek
                0x000000000000ad74                cfs_remove
                0x000000000000ad98                cfs_opendir
                0x000000000000ada2                cfs_readdir
                0x000000000000adac                cfs_closedir
 .text          0x000000000000adbe      0x61a obj_cooja/mtype314.a(cooja-radio.o)
                0x000000000000ae2a                radio_set_channel
                0x000000000000ae38                radio_set_txpower
                0x000000000000ae50                radio_signal_strength_last
                0x000000000000ae5a                radio_signal_strength_current
                0x000000000000ae64                radio_LQI
 .text          0x000000000000b3d8       0xee obj_cooja/mtype314.a(eeprom.o)
                0x000000000000b3d8                eeprom_init
                0x000000000000b3de                eeprom_read
                0x000000000000b44c                eeprom_write
 .text          0x000000000000b4c6       0x2d obj_cooja/mtype314.a(random.o)
                0x000000000000b4c6                random_init
                0x000000000000b4e6                random_rand
 .text          0x000000000000b4f3      0x29c obj_cooja/mtype314.a(sensors.o)
                0x000000000000b52e                sensors_first
                0x000000000000b538                sensors_next
                0x000000000000b552                sensors_changed
                0x000000000000b586                sensors_find
 .text          0x000000000000b78f     0x195c obj_cooja/mtype314.a(tsch.o)
                0x000000000000b81f                tsch_set_coordinator
                0x000000000000b840                tsch_set_pan_secured
                0x000000000000b850                tsch_set_join_priority
                0x000000000000b868                tsch_set_ka_timeout
                0x000000000000b876                tsch_set_eb_period
                0x000000000000ba18                tsch_schedule_keepalive
                0x000000000000bffa                tsch_disassociate
                0x000000000000c513                tsch_scan
 .text          0x000000000000d0eb      0x9f1 obj_cooja/mtype314.a(tsch-queue.o)
                0x000000000000d0eb                tsch_queue_add_nbr
                0x000000000000d1e6                tsch_queue_get_nbr
                0x000000000000d247                tsch_queue_get_time_source
                0x000000000000d29a                tsch_queue_update_time_source
                0x000000000000d4ac                tsch_queue_add_packet
                0x000000000000d5f5                tsch_queue_packet_count
                0x000000000000d63d                tsch_queue_remove_packet_from_queue
                0x000000000000d6a1                tsch_queue_free_packet
                0x000000000000d6d4                tsch_queue_reset
                0x000000000000d735                tsch_queue_free_unused_neighbors
                0x000000000000d7bb                tsch_queue_is_empty
                0x000000000000d7f4                tsch_queue_get_packet_for_nbr
                0x000000000000d87a                tsch_queue_get_packet_for_dest_addr
                0x000000000000d8af                tsch_queue_get_unicast_packet_for_any
                0x000000000000d93c                tsch_queue_backoff_expired
                0x000000000000d950                tsch_queue_backoff_reset
                0x000000000000d964                tsch_queue_backoff_inc
                0x000000000000d9cf                tsch_queue_update_all_backoff_windows
                0x000000000000da78                tsch_queue_init
 .text          0x000000000000dadc      0xab7 obj_cooja/mtype314.a(tsch-schedule.o)
                0x000000000000dadc                tsch_schedule_add_slotframe
                0x000000000000dbed                tsch_schedule_remove_all_slotframes
                0x000000000000dc2f                tsch_schedule_remove_slotframe
                0x000000000000dcd6                tsch_schedule_get_slotframe_by_handle
                0x000000000000dd32                tsch_schedule_get_link_by_handle
                0x000000000000ddbc                tsch_schedule_add_link
                0x000000000000df8c                tsch_schedule_remove_link
                0x000000000000e11e                tsch_schedule_remove_link_by_timeslot
                0x000000000000e165                tsch_schedule_get_link_by_timeslot
                0x000000000000e1cd                tsch_schedule_get_next_active_link
                0x000000000000e3ed                tsch_schedule_init
                0x000000000000e440                tsch_schedule_create_minimal
                0x000000000000e47b                tsch_schedule_print
 .text          0x000000000000e593     0x1b6e obj_cooja/mtype314.a(tsch-slot-opera)
                0x000000000000e593                tsch_is_locked
                0x000000000000e59d                tsch_get_lock
                0x000000000000e6ab                tsch_release_lock
                0x000000000000e6bb                tsch_calculate_channel
                0x000000000000ff87                tsch_slot_operation_start
                0x00000000000100a8                tsch_slot_operation_sync
 .text          0x0000000000010101      0x8cc obj_cooja/mtype314.a(tsch-packet.o)
                0x0000000000010101                tsch_packet_create_eack
                0x000000000001026d                tsch_packet_parse_eack
                0x000000000001040f                tsch_packet_create_eb
                0x0000000000010781                tsch_packet_update_eb
                0x00000000000107f6                tsch_packet_parse_eb
 .text          0x00000000000109cd      0x379 obj_cooja/mtype314.a(tsch-adaptive-t)
                0x0000000000010b47                tsch_timesync_update
                0x0000000000010ce2                tsch_timesync_adaptive_compensate
 .text          0x0000000000010d46      0x367 obj_cooja/mtype314.a(tsch-log.o)
                0x0000000000010d46                tsch_log_process_pending
                0x0000000000011003                tsch_log_prepare_add
                0x0000000000011069                tsch_log_commit
                0x0000000000011092                tsch_log_init
 .text          0x00000000000110ad       0x92 obj_cooja/mtype314.a(autostart.o)
                0x00000000000110ad                autostart_start
                0x00000000000110f7                autostart_exit
 .text          0x000000000001113f      0x355 obj_cooja/mtype314.a(ctimer.o)
                0x0000000000011267                ctimer_init
                0x000000000001129a                ctimer_set
                0x00000000000112c0                ctimer_set_with_process
                0x000000000001133d                ctimer_reset
                0x0000000000011391                ctimer_restart
                0x00000000000113e5                ctimer_stop
                0x0000000000011435                ctimer_expired
 .text          0x0000000000011494      0x43f obj_cooja/mtype314.a(etimer.o)
                0x00000000000116b8                etimer_request_poll
                0x0000000000011741                etimer_set
                0x000000000001176a                etimer_reset_with_new_interval
                0x0000000000011799                etimer_reset
                0x00000000000117bf                etimer_restart
                0x00000000000117e5                etimer_adjust
                0x0000000000011802                etimer_expired
                0x0000000000011815                etimer_expiration_time
                0x0000000000011827                etimer_start_time
                0x0000000000011831                etimer_pending
                0x0000000000011843                etimer_next_expiration_time
                0x000000000001185d                etimer_stop
 .text          0x00000000000118d3      0x4fb obj_cooja/mtype314.a(process.o)
                0x00000000000118d3                process_alloc_event
                0x00000000000118e8                process_start
                0x0000000000011ac2                process_exit
                0x0000000000011adf                process_init
                0x0000000000011c74                process_run
                0x0000000000011ca7                process_nevents
                0x0000000000011cc2                process_post
                0x0000000000011d55                process_post_synch
                0x0000000000011d8a                process_poll
                0x0000000000011dba                process_is_running
 .text          0x0000000000011dce       0xeb obj_cooja/mtype314.a(rtimer.o)
                0x0000000000011dce                rtimer_init
                0x0000000000011ddc                rtimer_set
                0x0000000000011e57                rtimer_run_next
 .text          0x0000000000011eb9       0x9c obj_cooja/mtype314.a(timer.o)
                0x0000000000011eb9                timer_set
                0x0000000000011ed7                timer_reset
                0x0000000000011eef                timer_restart
                0x0000000000011f04                timer_expired
                0x0000000000011f31                timer_remaining
 .text          0x0000000000011f55      0x1eb obj_cooja/mtype314.a(serial-line.o)
                0x0000000000011f55                serial_line_input_byte
                0x000000000001210b                serial_line_init
 .text          0x0000000000012140      0x1e9 obj_cooja/mtype314.a(ringbufindex.o)
                0x0000000000012140                ringbufindex_init
                0x0000000000012169                ringbufindex_put
                0x00000000000121c4                ringbufindex_peek_put
                0x0000000000012208                ringbufindex_get
                0x0000000000012268                ringbufindex_peek_get
                0x00000000000122a3                ringbufindex_size
                0x00000000000122b4                ringbufindex_elements
                0x00000000000122da                ringbufindex_full
                0x0000000000012311                ringbufindex_empty
 .text          0x0000000000012329      0x24a obj_cooja/mtype314.a(list.o)
                0x0000000000012329                list_init
                0x0000000000012338                list_head
                0x0000000000012342                list_copy
                0x0000000000012352                list_tail
                0x0000000000012388                list_add
                0x00000000000123d4                list_push
                0x0000000000012400                list_chop
                0x000000000001246a                list_pop
                0x0000000000012492                list_remove
                0x00000000000124fa                list_length
                0x0000000000012528                list_insert
                0x000000000001255c                list_item_next
 .text          0x0000000000012573      0x1b8 obj_cooja/mtype314.a(memb.o)
                0x0000000000012573                memb_init
                0x00000000000125c8                memb_alloc
                0x000000000001262d                memb_free
                0x00000000000126a8                memb_inmemb
                0x00000000000126e7                memb_numfree
 .text          0x000000000001272b      0x156 obj_cooja/mtype314.a(ringbuf.o)
                0x000000000001272b                ringbuf_init
                0x000000000001275d                ringbuf_put
                0x00000000000127db                ringbuf_get
                0x0000000000012848                ringbuf_size
                0x000000000001285a                ringbuf_elements
 .text          0x0000000000012881      0x158 obj_cooja/mtype314.a(unicast.o)
                0x0000000000012953                unicast_open
                0x000000000001299a                unicast_close
                0x00000000000129b2                unicast_send
 .text          0x00000000000129d9      0x178 obj_cooja/mtype314.a(broadcast.o)
                0x0000000000012ac9                broadcast_open
                0x0000000000012b10                broadcast_close
                0x0000000000012b28                broadcast_send
 .text          0x0000000000012b51      0x1ae obj_cooja/mtype314.a(rime.o)
                0x0000000000012b51                rime_sniffer_add
                0x0000000000012b6e                rime_sniffer_remove
                0x0000000000012cb2                rime_output
 .text          0x0000000000012cff       0xd5 obj_cooja/mtype314.a(abc.o)
                0x0000000000012cff                abc_open
                0x0000000000012d41                abc_close
                0x0000000000012d59                abc_send
                0x0000000000012d70                abc_input
                0x0000000000012d9e                abc_sent
 .text          0x0000000000012dd4      0x27c obj_cooja/mtype314.a(announcement.o)
                0x0000000000012dd4                announcement_init
                0x0000000000012dee                announcement_register
                0x0000000000012e6c                announcement_remove
                0x0000000000012e89                announcement_remove_value
                0x0000000000012ec2                announcement_set_value
                0x0000000000012f2e                announcement_bump
                0x0000000000012f7f                announcement_listen
                0x0000000000012fa1                announcement_register_listen_callback
                0x0000000000012faf                announcement_register_observer_callback
                0x0000000000012fbd                announcement_list
                0x0000000000012fd6                announcement_heard
 .text          0x0000000000013050      0x2e3 obj_cooja/mtype314.a(queuebuf.o)
                0x000000000001305a                queuebuf_init
                0x0000000000013083                queuebuf_numfree
                0x000000000001309b                queuebuf_new_from_packetbuf
                0x000000000001313a                queuebuf_update_attr_from_packetbuf
                0x000000000001316f                queuebuf_update_from_packetbuf
                0x00000000000131bf                queuebuf_free
                0x0000000000013208                queuebuf_to_packetbuf
                0x0000000000013274                queuebuf_dataptr
                0x00000000000132ae                queuebuf_datalen
                0x00000000000132d1                queuebuf_addr
                0x0000000000013302                queuebuf_attr
                0x000000000001332d                queuebuf_debug_print
 .text          0x0000000000013333      0x73b obj_cooja/mtype314.a(nbr-table.o)
                0x0000000000013724                nbr_table_register
                0x000000000001376c                nbr_table_head
                0x00000000000137c7                nbr_table_next
                0x0000000000013828                nbr_table_add_lladdr
                0x00000000000138f2                nbr_table_get_from_lladdr
                0x000000000001393e                nbr_table_remove
                0x0000000000013976                nbr_table_lock
                0x0000000000013990                nbr_table_unlock
                0x00000000000139aa                nbr_table_get_lladdr
                0x00000000000139d6                nbr_table_update_lladdr
 .text          0x0000000000013a6e      0x3a3 obj_cooja/mtype314.a(packetbuf.o)
                0x0000000000013a6e                packetbuf_clear
                0x0000000000013a99                packetbuf_copyfrom
                0x0000000000013ae8                packetbuf_compact
                0x0000000000013b65                packetbuf_copyto
                0x0000000000013bf8                packetbuf_hdralloc
                0x0000000000013c74                packetbuf_hdrreduce
                0x0000000000013cba                packetbuf_set_datalen
                0x0000000000013cd4                packetbuf_dataptr
                0x0000000000013cf1                packetbuf_hdrptr
                0x0000000000013cfb                packetbuf_datalen
                0x0000000000013d07                packetbuf_hdrlen
                0x0000000000013d1e                packetbuf_totlen
                0x0000000000013d34                packetbuf_remaininglen
                0x0000000000013d47                packetbuf_attr_clear
                0x0000000000013d92                packetbuf_attr_copyto
                0x0000000000013dc3                packetbuf_attr_copyfrom
                0x0000000000013df4                packetbuf_holds_broadcast
 .text          0x0000000000013e11       0x2c obj_cooja/mtype314.a(netstack.o)
                0x0000000000013e11                netstack_init
 .text          0x0000000000013e3d       0x4b obj_cooja/mtype314.a(linkaddr.o)
                0x0000000000013e3d                linkaddr_copy
                0x0000000000013e4f                linkaddr_cmp
                0x0000000000013e72                linkaddr_set_node_addr
 .text          0x0000000000013e88       0x45 obj_cooja/mtype314.a(net-debug.o)
                0x0000000000013e88                net_debug_lladdr_print
 .text          0x0000000000013ecd      0xe40 obj_cooja/mtype314.a(frame802154e-ie)
                0x0000000000013fda                frame80215e_create_ie_header_ack_nack_time_correction
                0x000000000001405a                frame80215e_create_ie_header_list_termination_1
                0x0000000000014096                frame80215e_create_ie_header_list_termination_2
                0x00000000000140d2                frame80215e_create_ie_payload_list_termination
                0x000000000001410e                frame80215e_create_ie_mlme
                0x0000000000014153                frame80215e_create_ie_tsch_synchronization
                0x00000000000141ef                frame80215e_create_ie_tsch_slotframe_and_link
                0x00000000000143c0                frame80215e_create_ie_tsch_timeslot
                0x0000000000014489                frame80215e_create_ie_tsch_channel_hopping_sequence
                0x0000000000014a12                frame802154e_parse_information_elements
 .text          0x0000000000014d0d      0x1c6 obj_cooja/mtype314.a(mac-sequence.o)
                0x0000000000014d43                mac_sequence_is_duplicate
                0x0000000000014dfc                mac_sequence_register_seqno
 .text          0x0000000000014ed3       0x36 obj_cooja/mtype314.a(nordc.o)
 .text          0x0000000000014f09      0xb6f obj_cooja/mtype314.a(frame802154.o)
                0x0000000000014f3a                frame802154_get_pan_id
                0x0000000000014f46                frame802154_set_pan_id
                0x0000000000014f60                frame802154_has_panid
                0x000000000001510f                frame802154_check_dest_panid
                0x0000000000015197                frame802154_is_broadcast_addr
                0x00000000000151e4                frame802154_extract_linkaddr
                0x0000000000015449                frame802154_hdrlen
                0x00000000000154bc                frame802154_create_fcf
                0x0000000000015574                frame802154_create
                0x00000000000156e9                frame802154_parse_fcf
                0x00000000000157cb                frame802154_parse
 .text          0x0000000000015a78       0x38 obj_cooja/mtype314.a(mac.o)
                0x0000000000015a78                mac_call_sent_callback
 .text          0x0000000000015ab0      0x3ff obj_cooja/mtype314.a(framer-802154.o)
 .text          0x0000000000015eaf       0x68 obj_cooja/mtype314.a(nullsec.o)
 .text          0x0000000000015f17        0x0 obj_cooja/mtype314.a(rimestats.o)
 .text          0x0000000000015f17      0x2ca obj_cooja/mtype314.a(broadcast-annou)
                0x000000000001614c                broadcast_announcement_init
                0x000000000001619e                broadcast_announcement_stop
                0x00000000000161d7                broadcast_announcement_beacon_interval
 .text          0x00000000000161e1       0xcf obj_cooja/mtype314.a(chameleon.o)
                0x000000000001620b                chameleon_init
                0x0000000000016219                chameleon_parse
                0x0000000000016253                chameleon_create
                0x0000000000016298                chameleon_hdrsize
 .text          0x00000000000162b0      0x101 obj_cooja/mtype314.a(channel.o)
                0x00000000000162b0                channel_init
                0x00000000000162ca                channel_set_attributes
                0x0000000000016312                channel_open
                0x0000000000016341                channel_close
                0x000000000001635e                channel_lookup
 .text          0x00000000000163b1      0x78c obj_cooja/mtype314.a(chameleon-bitop)
                0x00000000000164f4                get_bits
                0x0000000000016692                set_bits
 *fill*         0x0000000000016b3d        0x3 
 .text          0x0000000000016b40      0x16a /usr/lib/gcc/i686-linux-gnu/5/libgcc.a(_divdi3.o)
                0x0000000000016b40                __divdi3
 *fill*         0x0000000000016caa        0x6 
 .text          0x0000000000016cb0      0x122 /usr/lib/gcc/i686-linux-gnu/5/libgcc.a(_udivdi3.o)
                0x0000000000016cb0                __udivdi3
 .text          0x0000000000016dd2        0x0 /usr/lib/gcc/i686-linux-gnu/5/crtendS.o
 .text          0x0000000000016dd2        0x0 /usr/lib/gcc/i686-linux-gnu/5/../../../i386-linux-gnu/crtn.o
 *(.gnu.warning)

.fini           0x0000000000016dd4       0x14
 *(SORT(.fini))
 .fini          0x0000000000016dd4        0xf /usr/lib/gcc/i686-linux-gnu/5/../../../i386-linux-gnu/crti.o
                0x0000000000016dd4                _fini
 .fini          0x0000000000016de3        0x5 /usr/lib/gcc/i686-linux-gnu/5/../../../i386-linux-gnu/crtn.o
                [!provide]                        PROVIDE (__etext, .)
                [!provide]                        PROVIDE (_etext, .)
                [!provide]                        PROVIDE (etext, .)

.rodata         0x0000000000016e00     0x10e4
 *(.rodata .rodata.* .gnu.linkonce.r.*)
 .rodata        0x0000000000016e00       0xaf node.co
                0x0000000000016e00                coordinator_addr
                0x0000000000016e02                destination_addr
                0x0000000000016e10                autostart_processes
 *fill*         0x0000000000016eaf        0x1 
 .rodata        0x0000000000016eb0       0xd9 obj_cooja/mtype314.o
 *fill*         0x0000000000016f89        0x3 
 .rodata        0x0000000000016f8c        0x8 obj_cooja/mtype314.a(beep.o)
                0x0000000000016f8c                beep_interface
 .rodata        0x0000000000016f94       0x20 obj_cooja/mtype314.a(button-sensor.o)
                0x0000000000016f94                button_interface
                0x0000000000016fa4                button_sensor
 .rodata        0x0000000000016fb4        0x8 obj_cooja/mtype314.a(leds-arch.o)
                0x0000000000016fb4                leds_interface
 .rodata        0x0000000000016fbc        0x8 obj_cooja/mtype314.a(moteid.o)
                0x0000000000016fbc                moteid_interface
 .rodata        0x0000000000016fc4       0x1c obj_cooja/mtype314.a(pir-sensor.o)
                0x0000000000016fc4                pir_interface
                0x0000000000016fd0                pir_sensor
 .rodata        0x0000000000016fe0        0xe obj_cooja/mtype314.a(rs232.o)
                0x0000000000016fe0                rs232_interface
 *fill*         0x0000000000016fee        0x2 
 .rodata        0x0000000000016ff0       0x24 obj_cooja/mtype314.a(vib-sensor.o)
                0x0000000000016ff0                vib_interface
                0x0000000000017004                vib_sensor
 .rodata        0x0000000000017014        0x8 obj_cooja/mtype314.a(clock.o)
                0x0000000000017014                clock_interface
 .rodata        0x000000000001701c        0x8 obj_cooja/mtype314.a(log.o)
                0x000000000001701c                simlog_interface
 .rodata        0x0000000000017024       0x2f obj_cooja/mtype314.a(cfs-cooja.o)
                0x0000000000017024                cfs_interface
 *fill*         0x0000000000017053        0xd 
 .rodata        0x0000000000017060       0x58 obj_cooja/mtype314.a(cooja-radio.o)
                0x0000000000017060                radio_interface
                0x0000000000017080                cooja_radio_driver
 .rodata        0x00000000000170b8        0x8 obj_cooja/mtype314.a(eeprom.o)
                0x00000000000170b8                eeprom_interface
 .rodata        0x00000000000170c0        0x8 obj_cooja/mtype314.a(sensors.o)
 .rodata        0x00000000000170c8      0x778 obj_cooja/mtype314.a(tsch.o)
                0x00000000000170e0                tsch_broadcast_address
                0x00000000000170e2                tsch_eb_address
                0x0000000000017824                tschmac_driver
 .rodata        0x0000000000017840      0x105 obj_cooja/mtype314.a(tsch-queue.o)
 *fill*         0x0000000000017945        0x3 
 .rodata        0x0000000000017948      0x1fd obj_cooja/mtype314.a(tsch-schedule.o)
 *fill*         0x0000000000017b45        0x3 
 .rodata        0x0000000000017b48       0xd1 obj_cooja/mtype314.a(tsch-slot-opera)
 *fill*         0x0000000000017c19        0x3 
 .rodata        0x0000000000017c1c       0xe2 obj_cooja/mtype314.a(tsch-packet.o)
 *fill*         0x0000000000017cfe        0x2 
 .rodata        0x0000000000017d00       0x30 obj_cooja/mtype314.a(tsch-adaptive-t)
 .rodata        0x0000000000017d30       0xaf obj_cooja/mtype314.a(tsch-log.o)
 .rodata        0x0000000000017ddf        0xf obj_cooja/mtype314.a(ctimer.o)
 .rodata        0x0000000000017dee        0xc obj_cooja/mtype314.a(etimer.o)
 .rodata        0x0000000000017dfa        0xe obj_cooja/mtype314.a(serial-line.o)
 .rodata        0x0000000000017e08       0x10 obj_cooja/mtype314.a(unicast.o)
 .rodata        0x0000000000017e18        0xc obj_cooja/mtype314.a(broadcast.o)
 .rodata        0x0000000000017e24       0x14 obj_cooja/mtype314.a(rime.o)
                0x0000000000017e2c                rime_driver
 .rodata        0x0000000000017e38        0x2 obj_cooja/mtype314.a(abc.o)
 .rodata        0x0000000000017e3a        0x2 obj_cooja/mtype314.a(linkaddr.o)
                0x0000000000017e3a                linkaddr_null
 .rodata        0x0000000000017e3c       0x15 obj_cooja/mtype314.a(net-debug.o)
 *fill*         0x0000000000017e51        0xf 
 .rodata        0x0000000000017e60       0x40 obj_cooja/mtype314.a(nordc.o)
                0x0000000000017e80                nordc_driver
 .rodata        0x0000000000017ea0        0xc obj_cooja/mtype314.a(framer-802154.o)
                0x0000000000017ea0                framer_802154
 .rodata        0x0000000000017eac       0x18 obj_cooja/mtype314.a(nullsec.o)
                0x0000000000017eb4                nullsec_driver
 .rodata        0x0000000000017ec4        0x8 obj_cooja/mtype314.a(broadcast-annou)
 .rodata        0x0000000000017ecc       0x18 obj_cooja/mtype314.a(chameleon-bitop)
                0x0000000000017ed8                chameleon_bitopt

.rodata1
 *(.rodata1)

.eh_frame_hdr   0x0000000000017ee4      0xf94
 *(.eh_frame_hdr)
 .eh_frame_hdr  0x0000000000017ee4      0xf94 node.co
                0x0000000000017ee4                __GNU_EH_FRAME_HDR
 *(.eh_frame_entry .eh_frame_entry.*)

.eh_frame       0x0000000000018e78     0x4024
 *(.eh_frame)
 .eh_frame      0x0000000000018e78       0x3c /usr/lib/gcc/i686-linux-gnu/5/../../../i386-linux-gnu/crti.o
                                         0x40 (size before relaxing)
 .eh_frame      0x0000000000018eb4       0x60 node.co
                                         0x78 (size before relaxing)
 .eh_frame      0x0000000000018f14      0x148 obj_cooja/mtype314.o
                                        0x160 (size before relaxing)
 .eh_frame      0x000000000001905c       0x40 obj_cooja/mtype314.a(simEnvChange.o)
                                         0x58 (size before relaxing)
 .eh_frame      0x000000000001909c       0xc0 obj_cooja/mtype314.a(cooja_mt.o)
                                         0xd8 (size before relaxing)
 .eh_frame      0x000000000001915c      0x120 obj_cooja/mtype314.a(cooja_mtarch.o)
                                        0x138 (size before relaxing)
 .eh_frame      0x000000000001927c       0xc8 obj_cooja/mtype314.a(rtimer-arch.o)
                                         0xe0 (size before relaxing)
 .eh_frame      0x0000000000019344      0x160 obj_cooja/mtype314.a(beep.o)
                                        0x178 (size before relaxing)
 .eh_frame      0x00000000000194a4       0xa0 obj_cooja/mtype314.a(button-sensor.o)
                                         0xb8 (size before relaxing)
 .eh_frame      0x0000000000019544       0xa0 obj_cooja/mtype314.a(leds-arch.o)
                                         0xb8 (size before relaxing)
 .eh_frame      0x00000000000195e4       0x40 obj_cooja/mtype314.a(moteid.o)
                                         0x58 (size before relaxing)
 .eh_frame      0x0000000000019624       0xa0 obj_cooja/mtype314.a(pir-sensor.o)
                                         0xb8 (size before relaxing)
 .eh_frame      0x00000000000196c4      0x100 obj_cooja/mtype314.a(rs232.o)
                                        0x118 (size before relaxing)
 .eh_frame      0x00000000000197c4       0xa0 obj_cooja/mtype314.a(vib-sensor.o)
                                         0xb8 (size before relaxing)
 .eh_frame      0x0000000000019864       0xc0 obj_cooja/mtype314.a(clock.o)
                                         0xd8 (size before relaxing)
 .eh_frame      0x0000000000019924      0x120 obj_cooja/mtype314.a(log.o)
                                        0x138 (size before relaxing)
 .eh_frame      0x0000000000019a44      0x160 obj_cooja/mtype314.a(cfs-cooja.o)
                                        0x178 (size before relaxing)
 .eh_frame      0x0000000000019ba4      0x360 obj_cooja/mtype314.a(cooja-radio.o)
                                        0x378 (size before relaxing)
 .eh_frame      0x0000000000019f04       0xa0 obj_cooja/mtype314.a(eeprom.o)
                                         0xb8 (size before relaxing)
 .eh_frame      0x0000000000019fa4       0x40 obj_cooja/mtype314.a(random.o)
                                         0x58 (size before relaxing)
 .eh_frame      0x0000000000019fe4       0xc0 obj_cooja/mtype314.a(sensors.o)
                                         0xd8 (size before relaxing)
 .eh_frame      0x000000000001a0a4      0x3dc obj_cooja/mtype314.a(tsch.o)
                                        0x3f4 (size before relaxing)
 .eh_frame      0x000000000001a480      0x2b4 obj_cooja/mtype314.a(tsch-queue.o)
                                        0x2cc (size before relaxing)
 .eh_frame      0x000000000001a734      0x1c8 obj_cooja/mtype314.a(tsch-schedule.o)
                                        0x1e0 (size before relaxing)
 .eh_frame      0x000000000001a8fc      0x228 obj_cooja/mtype314.a(tsch-slot-opera)
                                        0x240 (size before relaxing)
 .eh_frame      0x000000000001ab24       0xa4 obj_cooja/mtype314.a(tsch-packet.o)
                                         0xbc (size before relaxing)
 .eh_frame      0x000000000001abc8       0xb0 obj_cooja/mtype314.a(tsch-adaptive-t)
                                         0xc8 (size before relaxing)
 .eh_frame      0x000000000001ac78       0x90 obj_cooja/mtype314.a(tsch-log.o)
                                         0xa8 (size before relaxing)
 .eh_frame      0x000000000001ad08       0x40 obj_cooja/mtype314.a(autostart.o)
                                         0x58 (size before relaxing)
 .eh_frame      0x000000000001ad48      0x100 obj_cooja/mtype314.a(ctimer.o)
                                        0x118 (size before relaxing)
 .eh_frame      0x000000000001ae48      0x1e0 obj_cooja/mtype314.a(etimer.o)
                                        0x1f8 (size before relaxing)
 .eh_frame      0x000000000001b028      0x1c4 obj_cooja/mtype314.a(process.o)
                                        0x1dc (size before relaxing)
 .eh_frame      0x000000000001b1ec       0x60 obj_cooja/mtype314.a(rtimer.o)
                                         0x78 (size before relaxing)
 .eh_frame      0x000000000001b24c       0xa4 obj_cooja/mtype314.a(timer.o)
                                         0xbc (size before relaxing)
 .eh_frame      0x000000000001b2f0       0x60 obj_cooja/mtype314.a(serial-line.o)
                                         0x78 (size before relaxing)
 .eh_frame      0x000000000001b350      0x120 obj_cooja/mtype314.a(ringbufindex.o)
                                        0x138 (size before relaxing)
 .eh_frame      0x000000000001b470      0x180 obj_cooja/mtype314.a(list.o)
                                        0x198 (size before relaxing)
 .eh_frame      0x000000000001b5f0       0xa0 obj_cooja/mtype314.a(memb.o)
                                         0xb8 (size before relaxing)
 .eh_frame      0x000000000001b690       0xa0 obj_cooja/mtype314.a(ringbuf.o)
                                         0xb8 (size before relaxing)
 .eh_frame      0x000000000001b730       0xe0 obj_cooja/mtype314.a(unicast.o)
                                         0xf8 (size before relaxing)
 .eh_frame      0x000000000001b810       0xe0 obj_cooja/mtype314.a(broadcast.o)
                                         0xf8 (size before relaxing)
 .eh_frame      0x000000000001b8f0       0xc0 obj_cooja/mtype314.a(rime.o)
                                         0xd8 (size before relaxing)
 .eh_frame      0x000000000001b9b0       0xa0 obj_cooja/mtype314.a(abc.o)
                                         0xb8 (size before relaxing)
 .eh_frame      0x000000000001ba50      0x174 obj_cooja/mtype314.a(announcement.o)
                                        0x18c (size before relaxing)
 .eh_frame      0x000000000001bbc4      0x1a0 obj_cooja/mtype314.a(queuebuf.o)
                                        0x1b8 (size before relaxing)
 .eh_frame      0x000000000001bd64      0x2ac obj_cooja/mtype314.a(nbr-table.o)
                                        0x2c4 (size before relaxing)
 .eh_frame      0x000000000001c010      0x234 obj_cooja/mtype314.a(packetbuf.o)
                                        0x24c (size before relaxing)
 .eh_frame      0x000000000001c244       0x20 obj_cooja/mtype314.a(netstack.o)
                                         0x38 (size before relaxing)
 .eh_frame      0x000000000001c264       0x60 obj_cooja/mtype314.a(linkaddr.o)
                                         0x78 (size before relaxing)
 .eh_frame      0x000000000001c2c4       0x20 obj_cooja/mtype314.a(net-debug.o)
                                         0x38 (size before relaxing)
 .eh_frame      0x000000000001c2e4      0x22c obj_cooja/mtype314.a(frame802154e-ie)
                                        0x244 (size before relaxing)
 .eh_frame      0x000000000001c510       0x88 obj_cooja/mtype314.a(mac-sequence.o)
                                         0xa0 (size before relaxing)
 .eh_frame      0x000000000001c598       0xe0 obj_cooja/mtype314.a(nordc.o)
                                         0xf8 (size before relaxing)
 .eh_frame      0x000000000001c678      0x1a4 obj_cooja/mtype314.a(frame802154.o)
                                        0x1bc (size before relaxing)
 .eh_frame      0x000000000001c81c       0x20 obj_cooja/mtype314.a(mac.o)
                                         0x38 (size before relaxing)
 .eh_frame      0x000000000001c83c      0x104 obj_cooja/mtype314.a(framer-802154.o)
                                        0x11c (size before relaxing)
 .eh_frame      0x000000000001c940       0x80 obj_cooja/mtype314.a(nullsec.o)
                                         0x98 (size before relaxing)
 .eh_frame      0x000000000001c9c0      0x12c obj_cooja/mtype314.a(broadcast-annou)
                                        0x144 (size before relaxing)
 .eh_frame      0x000000000001caec       0xa0 obj_cooja/mtype314.a(chameleon.o)
                                         0xb8 (size before relaxing)
 .eh_frame      0x000000000001cb8c       0xa0 obj_cooja/mtype314.a(channel.o)
                                         0xb8 (size before relaxing)
 .eh_frame      0x000000000001cc2c      0x1a8 obj_cooja/mtype314.a(chameleon-bitop)
                                        0x1c0 (size before relaxing)
 .eh_frame      0x000000000001cdd4       0x40 /usr/lib/gcc/i686-linux-gnu/5/libgcc.a(_divdi3.o)
                                         0x58 (size before relaxing)
 .eh_frame      0x000000000001ce14       0x84 /usr/lib/gcc/i686-linux-gnu/5/libgcc.a(_udivdi3.o)
                                         0x9c (size before relaxing)
 .eh_frame      0x000000000001ce98        0x4 /usr/lib/gcc/i686-linux-gnu/5/crtendS.o
 *(.eh_frame.*)

.gcc_except_table
 *(.gcc_except_table .gcc_except_table.*)

.gnu_extab
 *(.gnu_extab*)

.exception_ranges
 *(.exception_ranges .exception_ranges*)
                0x000000000001df10                . = DATA_SEGMENT_ALIGN (0x1000, 0x1000)

.eh_frame
 *(.eh_frame)
 *(.eh_frame.*)

.gnu_extab
 *(.gnu_extab)

.gcc_except_table
 *(.gcc_except_table .gcc_except_table.*)

.exception_ranges
 *(.exception_ranges .exception_ranges*)

.tdata
 *(.tdata .tdata.* .gnu.linkonce.td.*)

.tbss
 *(.tbss .tbss.* .gnu.linkonce.tb.*)
 *(.tcommon)

.preinit_array
 *(.preinit_array)

.init_array     0x000000000001df10        0x4
 *(SORT(.init_array.*) SORT(.ctors.*))
 *(.init_array EXCLUDE_FILE(*crtend?.o *crtend.o *crtbegin?.o *crtbegin.o) .ctors)
 .init_array    0x000000000001df10        0x4 /usr/lib/gcc/i686-linux-gnu/5/crtbeginS.o

.fini_array     0x000000000001df14        0x4
 *(SORT(.fini_array.*) SORT(.dtors.*))
 *(.fini_array EXCLUDE_FILE(*crtend?.o *crtend.o *crtbegin?.o *crtbegin.o) .dtors)
 .fini_array    0x000000000001df14        0x4 /usr/lib/gcc/i686-linux-gnu/5/crtbeginS.o

.ctors
 *crtbegin.o(.ctors)
 *crtbegin?.o(.ctors)
 *(EXCLUDE_FILE(*crtend?.o *crtend.o) .ctors)
 *(SORT(.ctors.*))
 *(.ctors)

.dtors
 *crtbegin.o(.dtors)
 *crtbegin?.o(.dtors)
 *(EXCLUDE_FILE(*crtend?.o *crtend.o) .dtors)
 *(SORT(.dtors.*))
 *(.dtors)

.jcr            0x000000000001df18        0x4
 *(.jcr)
 .jcr           0x000000000001df18        0x0 /usr/lib/gcc/i686-linux-gnu/5/crtbeginS.o
 .jcr           0x000000000001df18        0x4 /usr/lib/gcc/i686-linux-gnu/5/crtendS.o

.data.rel.ro
 *(.data.rel.ro.local* .gnu.linkonce.d.rel.ro.local.*)
 *(.data.rel.ro .data.rel.ro.* .gnu.linkonce.d.rel.ro.*)

.dynamic        0x000000000001df1c       0xd0
 *(.dynamic)
 .dynamic       0x000000000001df1c       0xd0 /usr/lib/gcc/i686-linux-gnu/5/../../../i386-linux-gnu/crti.o
                0x000000000001df1c                _DYNAMIC

.got            0x000000000001dfec       0x14
 *(.got)
 .got           0x000000000001dfec       0x14 /usr/lib/gcc/i686-linux-gnu/5/../../../i386-linux-gnu/crti.o
 *(.igot)
                0x000000000001eff4                . = DATA_SEGMENT_RELRO_END (., (SIZEOF (.got.plt) >= 0xc)?0xc:0x0)

.got.plt        0x000000000001e000        0xc
 *(.got.plt)
 .got.plt       0x000000000001e000        0xc /usr/lib/gcc/i686-linux-gnu/5/../../../i386-linux-gnu/crti.o
                0x000000000001e000                _GLOBAL_OFFSET_TABLE_
 *(.igot.plt)

.data           0x000000000001e020      0x190
 *(.data .data.* .gnu.linkonce.d.*)
 .data          0x000000000001e020        0x0 /usr/lib/gcc/i686-linux-gnu/5/../../../i386-linux-gnu/crti.o
 .data          0x000000000001e020        0x0 /usr/lib/gcc/i686-linux-gnu/5/crtbeginS.o
 .data.rel.local
                0x000000000001e020        0x4 /usr/lib/gcc/i686-linux-gnu/5/crtbeginS.o
                0x000000000001e020                __dso_handle
 .data          0x000000000001e024       0x10 node.co
                0x000000000001e024                unicast_test_process
 *fill*         0x000000000001e034        0xc 
 .data          0x000000000001e040       0x44 obj_cooja/mtype314.o
                0x000000000001e040                simInterfaces
                0x000000000001e074                sensors
 .data          0x000000000001e084        0x0 obj_cooja/mtype314.a(simEnvChange.o)
 .data          0x000000000001e084        0x0 obj_cooja/mtype314.a(cooja_mt.o)
 .data          0x000000000001e084        0x0 obj_cooja/mtype314.a(cooja_mtarch.o)
 .data          0x000000000001e084        0x0 obj_cooja/mtype314.a(rtimer-arch.o)
 .data          0x000000000001e084        0x0 obj_cooja/mtype314.a(beep.o)
 .data          0x000000000001e084        0x0 obj_cooja/mtype314.a(button-sensor.o)
 .data          0x000000000001e084        0x0 obj_cooja/mtype314.a(leds-arch.o)
 .data          0x000000000001e084        0x0 obj_cooja/mtype314.a(moteid.o)
 .data          0x000000000001e084        0x0 obj_cooja/mtype314.a(pir-sensor.o)
 .data          0x000000000001e084        0x0 obj_cooja/mtype314.a(rs232.o)
 .data          0x000000000001e084        0x0 obj_cooja/mtype314.a(vib-sensor.o)
 .data          0x000000000001e084        0x0 obj_cooja/mtype314.a(clock.o)
 .data          0x000000000001e084        0x0 obj_cooja/mtype314.a(log.o)
 .data          0x000000000001e084        0x0 obj_cooja/mtype314.a(cfs-cooja.o)
 .data          0x000000000001e084       0x2c obj_cooja/mtype314.a(cooja-radio.o)
                0x000000000001e084                simRadioHWOn
                0x000000000001e088                simSignalStrength
                0x000000000001e08c                simLastSignalStrength
                0x000000000001e090                simPower
                0x000000000001e094                simRadioChannel
                0x000000000001e098                simLQI
                0x000000000001e0a0                cooja_radio_process
 .data          0x000000000001e0b0        0x0 obj_cooja/mtype314.a(eeprom.o)
 .data          0x000000000001e0b0        0x0 obj_cooja/mtype314.a(random.o)
 .data          0x000000000001e0b0       0x10 obj_cooja/mtype314.a(sensors.o)
                0x000000000001e0b0                sensors_process
 .data          0x000000000001e0c0       0x44 obj_cooja/mtype314.a(tsch.o)
                0x000000000001e0d4                tsch_process
                0x000000000001e0e4                tsch_send_eb_process
                0x000000000001e0f4                tsch_pending_events_process
 .data          0x000000000001e104       0x1c obj_cooja/mtype314.a(tsch-queue.o)
 .data          0x000000000001e120       0x1c obj_cooja/mtype314.a(tsch-schedule.o)
 .data          0x000000000001e13c        0x4 obj_cooja/mtype314.a(tsch-slot-opera)
 .data          0x000000000001e140        0x0 obj_cooja/mtype314.a(tsch-packet.o)
 .data          0x000000000001e140        0x0 obj_cooja/mtype314.a(tsch-adaptive-t)
 .data          0x000000000001e140        0x0 obj_cooja/mtype314.a(tsch-log.o)
 .data          0x000000000001e140        0x0 obj_cooja/mtype314.a(autostart.o)
 .data          0x000000000001e140       0x14 obj_cooja/mtype314.a(ctimer.o)
                0x000000000001e144                ctimer_process
 .data          0x000000000001e154       0x10 obj_cooja/mtype314.a(etimer.o)
                0x000000000001e154                etimer_process
 .data          0x000000000001e164        0x0 obj_cooja/mtype314.a(process.o)
 .data          0x000000000001e164        0x0 obj_cooja/mtype314.a(rtimer.o)
 .data          0x000000000001e164        0x0 obj_cooja/mtype314.a(timer.o)
 .data          0x000000000001e164       0x10 obj_cooja/mtype314.a(serial-line.o)
                0x000000000001e164                serial_line_process
 .data          0x000000000001e174        0x0 obj_cooja/mtype314.a(ringbufindex.o)
 .data          0x000000000001e174        0x0 obj_cooja/mtype314.a(list.o)
 .data          0x000000000001e174        0x0 obj_cooja/mtype314.a(memb.o)
 .data          0x000000000001e174        0x0 obj_cooja/mtype314.a(ringbuf.o)
 .data          0x000000000001e174        0x0 obj_cooja/mtype314.a(unicast.o)
 .data          0x000000000001e174        0x0 obj_cooja/mtype314.a(broadcast.o)
 .data          0x000000000001e174        0x4 obj_cooja/mtype314.a(rime.o)
 .data          0x000000000001e178        0x0 obj_cooja/mtype314.a(abc.o)
 .data          0x000000000001e178        0x4 obj_cooja/mtype314.a(announcement.o)
 .data          0x000000000001e17c       0x18 obj_cooja/mtype314.a(queuebuf.o)
 .data          0x000000000001e194       0x10 obj_cooja/mtype314.a(nbr-table.o)
 .data          0x000000000001e1a4        0x4 obj_cooja/mtype314.a(packetbuf.o)
 .data          0x000000000001e1a8        0x0 obj_cooja/mtype314.a(netstack.o)
 .data          0x000000000001e1a8        0x0 obj_cooja/mtype314.a(linkaddr.o)
 .data          0x000000000001e1a8        0x0 obj_cooja/mtype314.a(net-debug.o)
 .data          0x000000000001e1a8        0x0 obj_cooja/mtype314.a(frame802154e-ie)
 .data          0x000000000001e1a8        0x0 obj_cooja/mtype314.a(mac-sequence.o)
 .data          0x000000000001e1a8        0x0 obj_cooja/mtype314.a(nordc.o)
 .data          0x000000000001e1a8        0x2 obj_cooja/mtype314.a(frame802154.o)
 .data          0x000000000001e1aa        0x0 obj_cooja/mtype314.a(mac.o)
 .data          0x000000000001e1aa        0x0 obj_cooja/mtype314.a(framer-802154.o)
 .data          0x000000000001e1aa        0x0 obj_cooja/mtype314.a(nullsec.o)
 .data          0x000000000001e1aa        0x0 obj_cooja/mtype314.a(rimestats.o)
 .data          0x000000000001e1aa        0x0 obj_cooja/mtype314.a(broadcast-annou)
 .data          0x000000000001e1aa        0x0 obj_cooja/mtype314.a(chameleon.o)
 *fill*         0x000000000001e1aa        0x2 
 .data          0x000000000001e1ac        0x4 obj_cooja/mtype314.a(channel.o)
 .data          0x000000000001e1b0        0x0 obj_cooja/mtype314.a(chameleon-bitop)
 .data          0x000000000001e1b0        0x0 /usr/lib/gcc/i686-linux-gnu/5/libgcc.a(_divdi3.o)
 .data          0x000000000001e1b0        0x0 /usr/lib/gcc/i686-linux-gnu/5/libgcc.a(_udivdi3.o)
 .data          0x000000000001e1b0        0x0 /usr/lib/gcc/i686-linux-gnu/5/crtendS.o
 .data          0x000000000001e1b0        0x0 /usr/lib/gcc/i686-linux-gnu/5/../../../i386-linux-gnu/crtn.o

.tm_clone_table
                0x000000000001e1b0        0x0
 .tm_clone_table
                0x000000000001e1b0        0x0 /usr/lib/gcc/i686-linux-gnu/5/crtbeginS.o
 .tm_clone_table
                0x000000000001e1b0        0x0 /usr/lib/gcc/i686-linux-gnu/5/crtendS.o

.data1
 *(.data1)
                0x000000000001e1b0                _edata = .
                [!provide]                        PROVIDE (edata, .)
                0x000000000001e1b0                . = .
                0x000000000001e1b0                __bss_start = .

.bss            0x000000000001e1c0     0x6aa8
 *(.dynbss)
 .dynbss        0x000000000001e1c0        0x0 /usr/lib/gcc/i686-linux-gnu/5/../../../i386-linux-gnu/crti.o
 *(.bss .bss.* .gnu.linkonce.b.*)
 .bss           0x000000000001e1c0        0x0 /usr/lib/gcc/i686-linux-gnu/5/../../../i386-linux-gnu/crti.o
 .bss           0x000000000001e1c0        0x1 /usr/lib/gcc/i686-linux-gnu/5/crtbeginS.o
 *fill*         0x000000000001e1c1        0x3 
 .bss           0x000000000001e1c4       0x2c node.co
 *fill*         0x000000000001e1f0       0x10 
 .bss           0x000000000001e200     0x2030 obj_cooja/mtype314.o
 .bss           0x0000000000020230        0x1 obj_cooja/mtype314.a(simEnvChange.o)
                0x0000000000020230                simDontFallAsleep
 *fill*         0x0000000000020231        0x3 
 .bss           0x0000000000020234        0x4 obj_cooja/mtype314.a(cooja_mt.o)
 .bss           0x0000000000020238        0x4 obj_cooja/mtype314.a(cooja_mtarch.o)
 .bss           0x000000000002023c        0x0 obj_cooja/mtype314.a(rtimer-arch.o)
 .bss           0x000000000002023c        0x0 obj_cooja/mtype314.a(beep.o)
 .bss           0x000000000002023c        0x8 obj_cooja/mtype314.a(button-sensor.o)
 .bss           0x0000000000020244        0x0 obj_cooja/mtype314.a(leds-arch.o)
 .bss           0x0000000000020244        0x0 obj_cooja/mtype314.a(moteid.o)
 .bss           0x0000000000020244        0x1 obj_cooja/mtype314.a(pir-sensor.o)
                0x0000000000020244                simPirValue
 *fill*         0x0000000000020245        0x3 
 .bss           0x0000000000020248        0x4 obj_cooja/mtype314.a(rs232.o)
 .bss           0x000000000002024c        0x1 obj_cooja/mtype314.a(vib-sensor.o)
                0x000000000002024c                simVibValue
 .bss           0x000000000002024d        0x0 obj_cooja/mtype314.a(clock.o)
 *fill*         0x000000000002024d       0x13 
 .bss           0x0000000000020260      0x420 obj_cooja/mtype314.a(log.o)
 .bss           0x0000000000020680      0xfc0 obj_cooja/mtype314.a(cfs-cooja.o)
                0x0000000000020680                simCFSData
                0x0000000000021620                simCFSSize
                0x0000000000021624                simCFSChanged
                0x0000000000021628                simCFSRead
                0x000000000002162c                simCFSWritten
 .bss           0x0000000000021640       0x24 obj_cooja/mtype314.a(cooja-radio.o)
                0x0000000000021640                simReceiving
                0x0000000000021644                simInSize
                0x0000000000021648                simLastPacketTimestamp
                0x0000000000021650                simOutSize
 .bss           0x0000000000021664        0xc obj_cooja/mtype314.a(eeprom.o)
                0x0000000000021664                simEEPROMChanged
                0x0000000000021668                simEEPROMRead
                0x000000000002166c                simEEPROMWritten
 .bss           0x0000000000021670        0x0 obj_cooja/mtype314.a(random.o)
 .bss           0x0000000000021670        0xc obj_cooja/mtype314.a(sensors.o)
 *fill*         0x000000000002167c        0x4 
 .bss           0x0000000000021680      0x164 obj_cooja/mtype314.a(tsch.o)
                0x0000000000021680                tsch_is_started
                0x0000000000021684                tsch_is_initialized
                0x0000000000021688                tsch_is_coordinator
                0x000000000002168c                tsch_is_associated
                0x0000000000021690                tsch_is_pan_secured
 *fill*         0x00000000000217e4       0x1c 
 .bss           0x0000000000021800      0x48c obj_cooja/mtype314.a(tsch-queue.o)
 *fill*         0x0000000000021c8c       0x14 
 .bss           0x0000000000021ca0      0x398 obj_cooja/mtype314.a(tsch-schedule.o)
 *fill*         0x0000000000022038        0x8 
 .bss           0x0000000000022040      0x178 obj_cooja/mtype314.a(tsch-slot-opera)
                0x0000000000022040                last_timesource_neighbor
                0x0000000000022044                current_link
 .bss           0x00000000000221b8        0x0 obj_cooja/mtype314.a(tsch-packet.o)
 *fill*         0x00000000000221b8        0x8 
 .bss           0x00000000000221c0       0x4c obj_cooja/mtype314.a(tsch-adaptive-t)
 *fill*         0x000000000002220c       0x14 
 .bss           0x0000000000022220      0x228 obj_cooja/mtype314.a(tsch-log.o)
 .bss           0x0000000000022448        0x0 obj_cooja/mtype314.a(autostart.o)
 .bss           0x0000000000022448        0x5 obj_cooja/mtype314.a(ctimer.o)
 *fill*         0x000000000002244d        0x3 
 .bss           0x0000000000022450        0x8 obj_cooja/mtype314.a(etimer.o)
 *fill*         0x0000000000022458        0x8 
 .bss           0x0000000000022460      0x1a1 obj_cooja/mtype314.a(process.o)
                0x0000000000022460                process_list
                0x0000000000022464                process_current
 *fill*         0x0000000000022601        0x3 
 .bss           0x0000000000022604        0x4 obj_cooja/mtype314.a(rtimer.o)
 .bss           0x0000000000022608        0x0 obj_cooja/mtype314.a(timer.o)
 *fill*         0x0000000000022608       0x18 
 .bss           0x0000000000022620      0x140 obj_cooja/mtype314.a(serial-line.o)
 .bss           0x0000000000022760        0x0 obj_cooja/mtype314.a(ringbufindex.o)
 .bss           0x0000000000022760        0x0 obj_cooja/mtype314.a(list.o)
 .bss           0x0000000000022760        0x0 obj_cooja/mtype314.a(memb.o)
 .bss           0x0000000000022760        0x0 obj_cooja/mtype314.a(ringbuf.o)
 .bss           0x0000000000022760        0x0 obj_cooja/mtype314.a(unicast.o)
 .bss           0x0000000000022760        0x0 obj_cooja/mtype314.a(broadcast.o)
 .bss           0x0000000000022760        0x4 obj_cooja/mtype314.a(rime.o)
 .bss           0x0000000000022764        0x0 obj_cooja/mtype314.a(abc.o)
 .bss           0x0000000000022764        0xc obj_cooja/mtype314.a(announcement.o)
 *fill*         0x0000000000022770       0x10 
 .bss           0x0000000000022780      0xc60 obj_cooja/mtype314.a(queuebuf.o)
 .bss           0x00000000000233e0       0xa4 obj_cooja/mtype314.a(nbr-table.o)
 *fill*         0x0000000000023484       0x1c 
 .bss           0x00000000000234a0       0xa0 obj_cooja/mtype314.a(packetbuf.o)
 .bss           0x0000000000023540        0x0 obj_cooja/mtype314.a(netstack.o)
 .bss           0x0000000000023540        0x0 obj_cooja/mtype314.a(linkaddr.o)
 .bss           0x0000000000023540        0x0 obj_cooja/mtype314.a(net-debug.o)
 .bss           0x0000000000023540        0x0 obj_cooja/mtype314.a(frame802154e-ie)
 .bss           0x0000000000023540       0xc0 obj_cooja/mtype314.a(mac-sequence.o)
 .bss           0x0000000000023600        0x0 obj_cooja/mtype314.a(nordc.o)
 .bss           0x0000000000023600        0x0 obj_cooja/mtype314.a(frame802154.o)
 .bss           0x0000000000023600        0x0 obj_cooja/mtype314.a(mac.o)
 .bss           0x0000000000023600        0x2 obj_cooja/mtype314.a(framer-802154.o)
 .bss           0x0000000000023602        0x0 obj_cooja/mtype314.a(nullsec.o)
 .bss           0x0000000000023602        0x0 obj_cooja/mtype314.a(rimestats.o)
 *fill*         0x0000000000023602       0x1e 
 .bss           0x0000000000023620       0x6c obj_cooja/mtype314.a(broadcast-annou)
 .bss           0x000000000002368c        0x0 obj_cooja/mtype314.a(chameleon.o)
 .bss           0x000000000002368c        0x4 obj_cooja/mtype314.a(channel.o)
 .bss           0x0000000000023690        0x0 obj_cooja/mtype314.a(chameleon-bitop)
 .bss           0x0000000000023690        0x0 /usr/lib/gcc/i686-linux-gnu/5/libgcc.a(_divdi3.o)
 .bss           0x0000000000023690        0x0 /usr/lib/gcc/i686-linux-gnu/5/libgcc.a(_udivdi3.o)
 .bss           0x0000000000023690        0x0 /usr/lib/gcc/i686-linux-gnu/5/crtendS.o
 .bss           0x0000000000023690        0x0 /usr/lib/gcc/i686-linux-gnu/5/../../../i386-linux-gnu/crtn.o
 *(COMMON)
 COMMON         0x0000000000023690        0x8 obj_cooja/mtype314.o
                0x0000000000023690                referenceVar
                0x0000000000023694                sensors_flags
 COMMON         0x0000000000023698        0xc obj_cooja/mtype314.a(simEnvChange.o)
                0x0000000000023698                simEtimerPending
                0x000000000002369c                simProcessRunValue
                0x00000000000236a0                simEtimerNextExpirationTime
 *fill*         0x00000000000236a4        0x4 
 COMMON         0x00000000000236a8       0x18 obj_cooja/mtype314.a(rtimer-arch.o)
                0x00000000000236a8                simRtimerPending
                0x00000000000236b0                simRtimerCurrentTicks
                0x00000000000236b8                simRtimerNextExpirationTime
 COMMON         0x00000000000236c0        0x1 obj_cooja/mtype314.a(beep.o)
                0x00000000000236c0                simBeeped
 COMMON         0x00000000000236c1        0x3 obj_cooja/mtype314.a(button-sensor.o)
                0x00000000000236c1                simButtonIsActive
                0x00000000000236c2                simButtonIsDown
                0x00000000000236c3                simButtonChanged
 COMMON         0x00000000000236c4        0x1 obj_cooja/mtype314.a(leds-arch.o)
                0x00000000000236c4                simLedsValue
 *fill*         0x00000000000236c5        0x3 
 COMMON         0x00000000000236c8        0xc obj_cooja/mtype314.a(moteid.o)
                0x00000000000236c8                simRandomSeed
                0x00000000000236cc                simMoteIDChanged
                0x00000000000236d0                simMoteID
 COMMON         0x00000000000236d4        0x2 obj_cooja/mtype314.a(pir-sensor.o)
                0x00000000000236d4                simPirIsActive
                0x00000000000236d5                simPirChanged
 *fill*         0x00000000000236d6        0xa 
 COMMON         0x00000000000236e0      0x820 obj_cooja/mtype314.a(rs232.o)
                0x00000000000236e0                simSerialReceivingFlag
                0x00000000000236e4                simSerialReceivingLength
                0x0000000000023700                simSerialReceivingData
 COMMON         0x0000000000023f00        0x2 obj_cooja/mtype314.a(vib-sensor.o)
                0x0000000000023f00                simVibChanged
                0x0000000000023f01                simVibIsActive
 *fill*         0x0000000000023f02        0x2 
 COMMON         0x0000000000023f04        0x4 obj_cooja/mtype314.a(clock.o)
                0x0000000000023f04                simCurrentTime
 *fill*         0x0000000000023f08       0x18 
 COMMON         0x0000000000023f20      0x420 obj_cooja/mtype314.a(log.o)
                0x0000000000023f20                simLoggedLength
                0x0000000000023f24                simLoggedFlag
                0x0000000000023f40                simLoggedData
 COMMON         0x0000000000024340      0x100 obj_cooja/mtype314.a(cooja-radio.o)
                0x0000000000024340                simOutDataBuffer
                0x00000000000243c0                simInDataBuffer
 COMMON         0x0000000000024440      0x400 obj_cooja/mtype314.a(eeprom.o)
                0x0000000000024440                simEEPROMData
 COMMON         0x0000000000024840        0x1 obj_cooja/mtype314.a(sensors.o)
                0x0000000000024840                sensors_event
 *fill*         0x0000000000024841       0x1f 
 COMMON         0x0000000000024860       0x88 obj_cooja/mtype314.a(tsch.o)
                0x0000000000024860                tsch_hopping_sequence
                0x0000000000024870                best_neighbor_eb_count
                0x0000000000024874                tsch_current_asn
                0x0000000000024880                tsch_timing
                0x00000000000248e0                tsch_join_priority
                0x00000000000248e4                tsch_hopping_sequence_length
 COMMON         0x00000000000248e8        0x8 obj_cooja/mtype314.a(tsch-queue.o)
                0x00000000000248e8                n_eb
                0x00000000000248ec                n_broadcast
 *fill*         0x00000000000248f0       0x10 
 COMMON         0x0000000000024900      0x2c0 obj_cooja/mtype314.a(tsch-slot-opera)
                0x0000000000024900                input_ringbuf
                0x0000000000024920                dequeued_array
                0x0000000000024960                dequeued_ringbuf
                0x0000000000024980                input_array
 COMMON         0x0000000000024bc0        0x1 obj_cooja/mtype314.a(serial-line.o)
                0x0000000000024bc0                serial_line_event_message
 *fill*         0x0000000000024bc1       0x1f 
 COMMON         0x0000000000024be0       0x3c obj_cooja/mtype314.a(packetbuf.o)
                0x0000000000024be0                packetbuf_attrs
                0x0000000000024c14                packetbuf_addrs
 COMMON         0x0000000000024c1c        0x2 obj_cooja/mtype314.a(linkaddr.o)
                0x0000000000024c1c                linkaddr_node_addr
 *fill*         0x0000000000024c1e        0x2 
 COMMON         0x0000000000024c20       0x48 obj_cooja/mtype314.a(rimestats.o)
                0x0000000000024c20                rimestats
                0x0000000000024c68                . = ALIGN ((. != 0x0)?0x4:0x1)
                0x0000000000024c68                . = ALIGN (0x4)
                0x0000000000024c68                . = SEGMENT_START ("ldata-segment", .)
                0x0000000000024c68                . = ALIGN (0x4)
                0x0000000000024c68                _end = .
                [!provide]                        PROVIDE (end, .)
                0x0000000000024c68                . = DATA_SEGMENT_END (.)

.stab
 *(.stab)

.stabstr
 *(.stabstr)

.stab.excl
 *(.stab.excl)

.stab.exclstr
 *(.stab.exclstr)

.stab.index
 *(.stab.index)

.stab.indexstr
 *(.stab.indexstr)

.comment        0x0000000000000000       0x35
 *(.comment)
 .comment       0x0000000000000000       0x35 /usr/lib/gcc/i686-linux-gnu/5/crtbeginS.o
                                         0x36 (size before relaxing)
 .comment       0x0000000000000035       0x36 node.co
 .comment       0x0000000000000035       0x36 obj_cooja/mtype314.o
 .comment       0x0000000000000035       0x36 obj_cooja/mtype314.a(simEnvChange.o)
 .comment       0x0000000000000035       0x36 obj_cooja/mtype314.a(cooja_mt.o)
 .comment       0x0000000000000035       0x36 obj_cooja/mtype314.a(cooja_mtarch.o)
 .comment       0x0000000000000035       0x36 obj_cooja/mtype314.a(rtimer-arch.o)
 .comment       0x0000000000000035       0x36 obj_cooja/mtype314.a(beep.o)
 .comment       0x0000000000000035       0x36 obj_cooja/mtype314.a(button-sensor.o)
 .comment       0x0000000000000035       0x36 obj_cooja/mtype314.a(leds-arch.o)
 .comment       0x0000000000000035       0x36 obj_cooja/mtype314.a(moteid.o)
 .comment       0x0000000000000035       0x36 obj_cooja/mtype314.a(pir-sensor.o)
 .comment       0x0000000000000035       0x36 obj_cooja/mtype314.a(rs232.o)
 .comment       0x0000000000000035       0x36 obj_cooja/mtype314.a(vib-sensor.o)
 .comment       0x0000000000000035       0x36 obj_cooja/mtype314.a(clock.o)
 .comment       0x0000000000000035       0x36 obj_cooja/mtype314.a(log.o)
 .comment       0x0000000000000035       0x36 obj_cooja/mtype314.a(cfs-cooja.o)
 .comment       0x0000000000000035       0x36 obj_cooja/mtype314.a(cooja-radio.o)
 .comment       0x0000000000000035       0x36 obj_cooja/mtype314.a(eeprom.o)
 .comment       0x0000000000000035       0x36 obj_cooja/mtype314.a(random.o)
 .comment       0x0000000000000035       0x36 obj_cooja/mtype314.a(sensors.o)
 .comment       0x0000000000000035       0x36 obj_cooja/mtype314.a(tsch.o)
 .comment       0x0000000000000035       0x36 obj_cooja/mtype314.a(tsch-queue.o)
 .comment       0x0000000000000035       0x36 obj_cooja/mtype314.a(tsch-schedule.o)
 .comment       0x0000000000000035       0x36 obj_cooja/mtype314.a(tsch-slot-opera)
 .comment       0x0000000000000035       0x36 obj_cooja/mtype314.a(tsch-packet.o)
 .comment       0x0000000000000035       0x36 obj_cooja/mtype314.a(tsch-adaptive-t)
 .comment       0x0000000000000035       0x36 obj_cooja/mtype314.a(tsch-log.o)
 .comment       0x0000000000000035       0x36 obj_cooja/mtype314.a(autostart.o)
 .comment       0x0000000000000035       0x36 obj_cooja/mtype314.a(ctimer.o)
 .comment       0x0000000000000035       0x36 obj_cooja/mtype314.a(etimer.o)
 .comment       0x0000000000000035       0x36 obj_cooja/mtype314.a(process.o)
 .comment       0x0000000000000035       0x36 obj_cooja/mtype314.a(rtimer.o)
 .comment       0x0000000000000035       0x36 obj_cooja/mtype314.a(timer.o)
 .comment       0x0000000000000035       0x36 obj_cooja/mtype314.a(serial-line.o)
 .comment       0x0000000000000035       0x36 obj_cooja/mtype314.a(ringbufindex.o)
 .comment       0x0000000000000035       0x36 obj_cooja/mtype314.a(list.o)
 .comment       0x0000000000000035       0x36 obj_cooja/mtype314.a(memb.o)
 .comment       0x0000000000000035       0x36 obj_cooja/mtype314.a(ringbuf.o)
 .comment       0x0000000000000035       0x36 obj_cooja/mtype314.a(unicast.o)
 .comment       0x0000000000000035       0x36 obj_cooja/mtype314.a(broadcast.o)
 .comment       0x0000000000000035       0x36 obj_cooja/mtype314.a(rime.o)
 .comment       0x0000000000000035       0x36 obj_cooja/mtype314.a(abc.o)
 .comment       0x0000000000000035       0x36 obj_cooja/mtype314.a(announcement.o)
 .comment       0x0000000000000035       0x36 obj_cooja/mtype314.a(queuebuf.o)
 .comment       0x0000000000000035       0x36 obj_cooja/mtype314.a(nbr-table.o)
 .comment       0x0000000000000035       0x36 obj_cooja/mtype314.a(packetbuf.o)
 .comment       0x0000000000000035       0x36 obj_cooja/mtype314.a(netstack.o)
 .comment       0x0000000000000035       0x36 obj_cooja/mtype314.a(linkaddr.o)
 .comment       0x0000000000000035       0x36 obj_cooja/mtype314.a(net-debug.o)
 .comment       0x0000000000000035       0x36 obj_cooja/mtype314.a(frame802154e-ie)
 .comment       0x0000000000000035       0x36 obj_cooja/mtype314.a(mac-sequence.o)
 .comment       0x0000000000000035       0x36 obj_cooja/mtype314.a(nordc.o)
 .comment       0x0000000000000035       0x36 obj_cooja/mtype314.a(frame802154.o)
 .comment       0x0000000000000035       0x36 obj_cooja/mtype314.a(mac.o)
 .comment       0x0000000000000035       0x36 obj_cooja/mtype314.a(framer-802154.o)
 .comment       0x0000000000000035       0x36 obj_cooja/mtype314.a(nullsec.o)
 .comment       0x0000000000000035       0x36 obj_cooja/mtype314.a(rimestats.o)
 .comment       0x0000000000000035       0x36 obj_cooja/mtype314.a(broadcast-annou)
 .comment       0x0000000000000035       0x36 obj_cooja/mtype314.a(chameleon.o)
 .comment       0x0000000000000035       0x36 obj_cooja/mtype314.a(channel.o)
 .comment       0x0000000000000035       0x36 obj_cooja/mtype314.a(chameleon-bitop)
 .comment       0x0000000000000035       0x36 /usr/lib/gcc/i686-linux-gnu/5/crtendS.o

.debug
 *(.debug)

.line
 *(.line)

.debug_srcinfo
 *(.debug_srcinfo)

.debug_sfnames
 *(.debug_sfnames)

.debug_aranges  0x0000000000000000      0x798
 *(.debug_aranges)
 .debug_aranges
                0x0000000000000000       0x20 node.co
 .debug_aranges
                0x0000000000000020       0x20 obj_cooja/mtype314.o
 .debug_aranges
                0x0000000000000040       0x20 obj_cooja/mtype314.a(simEnvChange.o)
 .debug_aranges
                0x0000000000000060       0x20 obj_cooja/mtype314.a(cooja_mt.o)
 .debug_aranges
                0x0000000000000080       0x20 obj_cooja/mtype314.a(cooja_mtarch.o)
 .debug_aranges
                0x00000000000000a0       0x20 obj_cooja/mtype314.a(rtimer-arch.o)
 .debug_aranges
                0x00000000000000c0       0x20 obj_cooja/mtype314.a(beep.o)
 .debug_aranges
                0x00000000000000e0       0x20 obj_cooja/mtype314.a(button-sensor.o)
 .debug_aranges
                0x0000000000000100       0x20 obj_cooja/mtype314.a(leds-arch.o)
 .debug_aranges
                0x0000000000000120       0x20 obj_cooja/mtype314.a(moteid.o)
 .debug_aranges
                0x0000000000000140       0x20 obj_cooja/mtype314.a(pir-sensor.o)
 .debug_aranges
                0x0000000000000160       0x20 obj_cooja/mtype314.a(rs232.o)
 .debug_aranges
                0x0000000000000180       0x20 obj_cooja/mtype314.a(vib-sensor.o)
 .debug_aranges
                0x00000000000001a0       0x20 obj_cooja/mtype314.a(clock.o)
 .debug_aranges
                0x00000000000001c0       0x20 obj_cooja/mtype314.a(log.o)
 .debug_aranges
                0x00000000000001e0       0x20 obj_cooja/mtype314.a(cfs-cooja.o)
 .debug_aranges
                0x0000000000000200       0x20 obj_cooja/mtype314.a(cooja-radio.o)
 .debug_aranges
                0x0000000000000220       0x20 obj_cooja/mtype314.a(eeprom.o)
 .debug_aranges
                0x0000000000000240       0x20 obj_cooja/mtype314.a(random.o)
 .debug_aranges
                0x0000000000000260       0x20 obj_cooja/mtype314.a(sensors.o)
 .debug_aranges
                0x0000000000000280       0x20 obj_cooja/mtype314.a(tsch.o)
 .debug_aranges
                0x00000000000002a0       0x20 obj_cooja/mtype314.a(tsch-queue.o)
 .debug_aranges
                0x00000000000002c0       0x20 obj_cooja/mtype314.a(tsch-schedule.o)
 .debug_aranges
                0x00000000000002e0       0x20 obj_cooja/mtype314.a(tsch-slot-opera)
 .debug_aranges
                0x0000000000000300       0x20 obj_cooja/mtype314.a(tsch-packet.o)
 .debug_aranges
                0x0000000000000320       0x20 obj_cooja/mtype314.a(tsch-adaptive-t)
 .debug_aranges
                0x0000000000000340       0x20 obj_cooja/mtype314.a(tsch-log.o)
 .debug_aranges
                0x0000000000000360       0x20 obj_cooja/mtype314.a(autostart.o)
 .debug_aranges
                0x0000000000000380       0x20 obj_cooja/mtype314.a(ctimer.o)
 .debug_aranges
                0x00000000000003a0       0x20 obj_cooja/mtype314.a(etimer.o)
 .debug_aranges
                0x00000000000003c0       0x20 obj_cooja/mtype314.a(process.o)
 .debug_aranges
                0x00000000000003e0       0x20 obj_cooja/mtype314.a(rtimer.o)
 .debug_aranges
                0x0000000000000400       0x20 obj_cooja/mtype314.a(timer.o)
 .debug_aranges
                0x0000000000000420       0x20 obj_cooja/mtype314.a(serial-line.o)
 .debug_aranges
                0x0000000000000440       0x20 obj_cooja/mtype314.a(ringbufindex.o)
 .debug_aranges
                0x0000000000000460       0x20 obj_cooja/mtype314.a(list.o)
 .debug_aranges
                0x0000000000000480       0x20 obj_cooja/mtype314.a(memb.o)
 .debug_aranges
                0x00000000000004a0       0x20 obj_cooja/mtype314.a(ringbuf.o)
 .debug_aranges
                0x00000000000004c0       0x20 obj_cooja/mtype314.a(unicast.o)
 .debug_aranges
                0x00000000000004e0       0x20 obj_cooja/mtype314.a(broadcast.o)
 .debug_aranges
                0x0000000000000500       0x20 obj_cooja/mtype314.a(rime.o)
 .debug_aranges
                0x0000000000000520       0x20 obj_cooja/mtype314.a(abc.o)
 .debug_aranges
                0x0000000000000540       0x20 obj_cooja/mtype314.a(announcement.o)
 .debug_aranges
                0x0000000000000560       0x20 obj_cooja/mtype314.a(queuebuf.o)
 .debug_aranges
                0x0000000000000580       0x20 obj_cooja/mtype314.a(nbr-table.o)
 .debug_aranges
                0x00000000000005a0       0x20 obj_cooja/mtype314.a(packetbuf.o)
 .debug_aranges
                0x00000000000005c0       0x20 obj_cooja/mtype314.a(netstack.o)
 .debug_aranges
                0x00000000000005e0       0x20 obj_cooja/mtype314.a(linkaddr.o)
 .debug_aranges
                0x0000000000000600       0x20 obj_cooja/mtype314.a(net-debug.o)
 .debug_aranges
                0x0000000000000620       0x20 obj_cooja/mtype314.a(frame802154e-ie)
 .debug_aranges
                0x0000000000000640       0x20 obj_cooja/mtype314.a(mac-sequence.o)
 .debug_aranges
                0x0000000000000660       0x20 obj_cooja/mtype314.a(nordc.o)
 .debug_aranges
                0x0000000000000680       0x20 obj_cooja/mtype314.a(frame802154.o)
 .debug_aranges
                0x00000000000006a0       0x20 obj_cooja/mtype314.a(mac.o)
 .debug_aranges
                0x00000000000006c0       0x20 obj_cooja/mtype314.a(framer-802154.o)
 .debug_aranges
                0x00000000000006e0       0x20 obj_cooja/mtype314.a(nullsec.o)
 .debug_aranges
                0x0000000000000700       0x18 obj_cooja/mtype314.a(rimestats.o)
 .debug_aranges
                0x0000000000000718       0x20 obj_cooja/mtype314.a(broadcast-annou)
 .debug_aranges
                0x0000000000000738       0x20 obj_cooja/mtype314.a(chameleon.o)
 .debug_aranges
                0x0000000000000758       0x20 obj_cooja/mtype314.a(channel.o)
 .debug_aranges
                0x0000000000000778       0x20 obj_cooja/mtype314.a(chameleon-bitop)

.debug_pubnames
 *(.debug_pubnames)

.debug_info     0x0000000000000000    0x154cd
 *(.debug_info .gnu.linkonce.wi.*)
 .debug_info    0x0000000000000000      0x733 node.co
 .debug_info    0x0000000000000733     0x3547 obj_cooja/mtype314.o
 .debug_info    0x0000000000003c7a      0x15a obj_cooja/mtype314.a(simEnvChange.o)
 .debug_info    0x0000000000003dd4      0x1e2 obj_cooja/mtype314.a(cooja_mt.o)
 .debug_info    0x0000000000003fb6      0x2ee obj_cooja/mtype314.a(cooja_mtarch.o)
 .debug_info    0x00000000000042a4      0x181 obj_cooja/mtype314.a(rtimer-arch.o)
 .debug_info    0x0000000000004425      0x1f3 obj_cooja/mtype314.a(beep.o)
 .debug_info    0x0000000000004618      0x257 obj_cooja/mtype314.a(button-sensor.o)
 .debug_info    0x000000000000486f      0x132 obj_cooja/mtype314.a(leds-arch.o)
 .debug_info    0x00000000000049a1      0x10a obj_cooja/mtype314.a(moteid.o)
 .debug_info    0x0000000000004aab      0x216 obj_cooja/mtype314.a(pir-sensor.o)
 .debug_info    0x0000000000004cc1      0x21e obj_cooja/mtype314.a(rs232.o)
 .debug_info    0x0000000000004edf      0x216 obj_cooja/mtype314.a(vib-sensor.o)
 .debug_info    0x00000000000050f5      0x152 obj_cooja/mtype314.a(clock.o)
 .debug_info    0x0000000000005247      0x2bb obj_cooja/mtype314.a(log.o)
 .debug_info    0x0000000000005502      0x3cf obj_cooja/mtype314.a(cfs-cooja.o)
 .debug_info    0x00000000000058d1      0xd80 obj_cooja/mtype314.a(cooja-radio.o)
 .debug_info    0x0000000000006651      0x1d5 obj_cooja/mtype314.a(eeprom.o)
 .debug_info    0x0000000000006826       0xb3 obj_cooja/mtype314.a(random.o)
 .debug_info    0x00000000000068d9      0x36d obj_cooja/mtype314.a(sensors.o)
 .debug_info    0x0000000000006c46     0x1aad obj_cooja/mtype314.a(tsch.o)
 .debug_info    0x00000000000086f3      0xa39 obj_cooja/mtype314.a(tsch-queue.o)
 .debug_info    0x000000000000912c      0x9f3 obj_cooja/mtype314.a(tsch-schedule.o)
 .debug_info    0x0000000000009b1f     0x19ba obj_cooja/mtype314.a(tsch-slot-opera)
 .debug_info    0x000000000000b4d9      0x89a obj_cooja/mtype314.a(tsch-packet.o)
 .debug_info    0x000000000000bd73      0x577 obj_cooja/mtype314.a(tsch-adaptive-t)
 .debug_info    0x000000000000c2ea      0x688 obj_cooja/mtype314.a(tsch-log.o)
 .debug_info    0x000000000000c972      0x1a5 obj_cooja/mtype314.a(autostart.o)
 .debug_info    0x000000000000cb17      0x46c obj_cooja/mtype314.a(ctimer.o)
 .debug_info    0x000000000000cf83      0x498 obj_cooja/mtype314.a(etimer.o)
 .debug_info    0x000000000000d41b      0x4ab obj_cooja/mtype314.a(process.o)
 .debug_info    0x000000000000d8c6      0x1ba obj_cooja/mtype314.a(rtimer.o)
 .debug_info    0x000000000000da80      0x16c obj_cooja/mtype314.a(timer.o)
 .debug_info    0x000000000000dbec      0x2da obj_cooja/mtype314.a(serial-line.o)
 .debug_info    0x000000000000dec6      0x231 obj_cooja/mtype314.a(ringbufindex.o)
 .debug_info    0x000000000000e0f7      0x2ed obj_cooja/mtype314.a(list.o)
 .debug_info    0x000000000000e3e4      0x1d7 obj_cooja/mtype314.a(memb.o)
 .debug_info    0x000000000000e5bb      0x1aa obj_cooja/mtype314.a(ringbuf.o)
 .debug_info    0x000000000000e765      0x5d8 obj_cooja/mtype314.a(unicast.o)
 .debug_info    0x000000000000ed3d      0x541 obj_cooja/mtype314.a(broadcast.o)
 .debug_info    0x000000000000f27e      0x52b obj_cooja/mtype314.a(rime.o)
 .debug_info    0x000000000000f7a9      0x425 obj_cooja/mtype314.a(abc.o)
 .debug_info    0x000000000000fbce      0x3b5 obj_cooja/mtype314.a(announcement.o)
 .debug_info    0x000000000000ff83      0x5e1 obj_cooja/mtype314.a(queuebuf.o)
 .debug_info    0x0000000000010564      0x93d obj_cooja/mtype314.a(nbr-table.o)
 .debug_info    0x0000000000010ea1      0x4f1 obj_cooja/mtype314.a(packetbuf.o)
 .debug_info    0x0000000000011392      0x4c4 obj_cooja/mtype314.a(netstack.o)
 .debug_info    0x0000000000011856      0x17b obj_cooja/mtype314.a(linkaddr.o)
 .debug_info    0x00000000000119d1       0xf3 obj_cooja/mtype314.a(net-debug.o)
 .debug_info    0x0000000000011ac4      0xa2c obj_cooja/mtype314.a(frame802154e-ie)
 .debug_info    0x00000000000124f0      0x320 obj_cooja/mtype314.a(mac-sequence.o)
 .debug_info    0x0000000000012810      0x2bb obj_cooja/mtype314.a(nordc.o)
 .debug_info    0x0000000000012acb      0x738 obj_cooja/mtype314.a(frame802154.o)
 .debug_info    0x0000000000013203      0x11d obj_cooja/mtype314.a(mac.o)
 .debug_info    0x0000000000013320      0x64a obj_cooja/mtype314.a(framer-802154.o)
 .debug_info    0x000000000001396a      0x40e obj_cooja/mtype314.a(nullsec.o)
 .debug_info    0x0000000000013d78      0x119 obj_cooja/mtype314.a(rimestats.o)
 .debug_info    0x0000000000013e91      0x7cd obj_cooja/mtype314.a(broadcast-annou)
 .debug_info    0x000000000001465e      0x3bf obj_cooja/mtype314.a(chameleon.o)
 .debug_info    0x0000000000014a1d      0x2bb obj_cooja/mtype314.a(channel.o)
 .debug_info    0x0000000000014cd8      0x7f5 obj_cooja/mtype314.a(chameleon-bitop)

.debug_abbrev   0x0000000000000000     0x59f4
 *(.debug_abbrev)
 .debug_abbrev  0x0000000000000000      0x1d7 node.co
 .debug_abbrev  0x00000000000001d7      0x29b obj_cooja/mtype314.o
 .debug_abbrev  0x0000000000000472       0xc3 obj_cooja/mtype314.a(simEnvChange.o)
 .debug_abbrev  0x0000000000000535       0xe6 obj_cooja/mtype314.a(cooja_mt.o)
 .debug_abbrev  0x000000000000061b      0x147 obj_cooja/mtype314.a(cooja_mtarch.o)
 .debug_abbrev  0x0000000000000762       0xeb obj_cooja/mtype314.a(rtimer-arch.o)
 .debug_abbrev  0x000000000000084d       0xe3 obj_cooja/mtype314.a(beep.o)
 .debug_abbrev  0x0000000000000930      0x11c obj_cooja/mtype314.a(button-sensor.o)
 .debug_abbrev  0x0000000000000a4c       0xe1 obj_cooja/mtype314.a(leds-arch.o)
 .debug_abbrev  0x0000000000000b2d       0x9c obj_cooja/mtype314.a(moteid.o)
 .debug_abbrev  0x0000000000000bc9       0xe6 obj_cooja/mtype314.a(pir-sensor.o)
 .debug_abbrev  0x0000000000000caf      0x14a obj_cooja/mtype314.a(rs232.o)
 .debug_abbrev  0x0000000000000df9       0xe6 obj_cooja/mtype314.a(vib-sensor.o)
 .debug_abbrev  0x0000000000000edf       0xee obj_cooja/mtype314.a(clock.o)
 .debug_abbrev  0x0000000000000fcd      0x141 obj_cooja/mtype314.a(log.o)
 .debug_abbrev  0x000000000000110e      0x139 obj_cooja/mtype314.a(cfs-cooja.o)
 .debug_abbrev  0x0000000000001247      0x326 obj_cooja/mtype314.a(cooja-radio.o)
 .debug_abbrev  0x000000000000156d       0xf5 obj_cooja/mtype314.a(eeprom.o)
 .debug_abbrev  0x0000000000001662       0x6d obj_cooja/mtype314.a(random.o)
 .debug_abbrev  0x00000000000016cf      0x1c2 obj_cooja/mtype314.a(sensors.o)
 .debug_abbrev  0x0000000000001891      0x377 obj_cooja/mtype314.a(tsch.o)
 .debug_abbrev  0x0000000000001c08      0x25a obj_cooja/mtype314.a(tsch-queue.o)
 .debug_abbrev  0x0000000000001e62      0x1ee obj_cooja/mtype314.a(tsch-schedule.o)
 .debug_abbrev  0x0000000000002050      0x316 obj_cooja/mtype314.a(tsch-slot-opera)
 .debug_abbrev  0x0000000000002366      0x18d obj_cooja/mtype314.a(tsch-packet.o)
 .debug_abbrev  0x00000000000024f3      0x1ac obj_cooja/mtype314.a(tsch-adaptive-t)
 .debug_abbrev  0x000000000000269f      0x1dd obj_cooja/mtype314.a(tsch-log.o)
 .debug_abbrev  0x000000000000287c       0xfb obj_cooja/mtype314.a(autostart.o)
 .debug_abbrev  0x0000000000002977      0x1a1 obj_cooja/mtype314.a(ctimer.o)
 .debug_abbrev  0x0000000000002b18      0x1f8 obj_cooja/mtype314.a(etimer.o)
 .debug_abbrev  0x0000000000002d10      0x244 obj_cooja/mtype314.a(process.o)
 .debug_abbrev  0x0000000000002f54      0x126 obj_cooja/mtype314.a(rtimer.o)
 .debug_abbrev  0x000000000000307a       0xf5 obj_cooja/mtype314.a(timer.o)
 .debug_abbrev  0x000000000000316f      0x197 obj_cooja/mtype314.a(serial-line.o)
 .debug_abbrev  0x0000000000003306       0xe2 obj_cooja/mtype314.a(ringbufindex.o)
 .debug_abbrev  0x00000000000033e8      0x145 obj_cooja/mtype314.a(list.o)
 .debug_abbrev  0x000000000000352d       0xe4 obj_cooja/mtype314.a(memb.o)
 .debug_abbrev  0x0000000000003611       0xdb obj_cooja/mtype314.a(ringbuf.o)
 .debug_abbrev  0x00000000000036ec      0x1e9 obj_cooja/mtype314.a(unicast.o)
 .debug_abbrev  0x00000000000038d5      0x1e9 obj_cooja/mtype314.a(broadcast.o)
 .debug_abbrev  0x0000000000003abe      0x1db obj_cooja/mtype314.a(rime.o)
 .debug_abbrev  0x0000000000003c99      0x17d obj_cooja/mtype314.a(abc.o)
 .debug_abbrev  0x0000000000003e16      0x171 obj_cooja/mtype314.a(announcement.o)
 .debug_abbrev  0x0000000000003f87      0x1bc obj_cooja/mtype314.a(queuebuf.o)
 .debug_abbrev  0x0000000000004143      0x1ed obj_cooja/mtype314.a(nbr-table.o)
 .debug_abbrev  0x0000000000004330      0x1da obj_cooja/mtype314.a(packetbuf.o)
 .debug_abbrev  0x000000000000450a      0x113 obj_cooja/mtype314.a(netstack.o)
 .debug_abbrev  0x000000000000461d       0xf2 obj_cooja/mtype314.a(linkaddr.o)
 .debug_abbrev  0x000000000000470f       0xa0 obj_cooja/mtype314.a(net-debug.o)
 .debug_abbrev  0x00000000000047af      0x1ca obj_cooja/mtype314.a(frame802154e-ie)
 .debug_abbrev  0x0000000000004979      0x14b obj_cooja/mtype314.a(mac-sequence.o)
 .debug_abbrev  0x0000000000004ac4      0x156 obj_cooja/mtype314.a(nordc.o)
 .debug_abbrev  0x0000000000004c1a      0x215 obj_cooja/mtype314.a(frame802154.o)
 .debug_abbrev  0x0000000000004e2f       0xa5 obj_cooja/mtype314.a(mac.o)
 .debug_abbrev  0x0000000000004ed4      0x197 obj_cooja/mtype314.a(framer-802154.o)
 .debug_abbrev  0x000000000000506b      0x1bc obj_cooja/mtype314.a(nullsec.o)
 .debug_abbrev  0x0000000000005227       0x59 obj_cooja/mtype314.a(rimestats.o)
 .debug_abbrev  0x0000000000005280      0x201 obj_cooja/mtype314.a(broadcast-annou)
 .debug_abbrev  0x0000000000005481      0x1c0 obj_cooja/mtype314.a(chameleon.o)
 .debug_abbrev  0x0000000000005641      0x174 obj_cooja/mtype314.a(channel.o)
 .debug_abbrev  0x00000000000057b5      0x23f obj_cooja/mtype314.a(chameleon-bitop)

.debug_line     0x0000000000000000     0x57f3
 *(.debug_line .debug_line.* .debug_line_end)
 .debug_line    0x0000000000000000      0x1cf node.co
 .debug_line    0x00000000000001cf      0x3a6 obj_cooja/mtype314.o
 .debug_line    0x0000000000000575       0xd4 obj_cooja/mtype314.a(simEnvChange.o)
 .debug_line    0x0000000000000649       0xc7 obj_cooja/mtype314.a(cooja_mt.o)
 .debug_line    0x0000000000000710       0xfc obj_cooja/mtype314.a(cooja_mtarch.o)
 .debug_line    0x000000000000080c       0xc5 obj_cooja/mtype314.a(rtimer-arch.o)
 .debug_line    0x00000000000008d1       0xc3 obj_cooja/mtype314.a(beep.o)
 .debug_line    0x0000000000000994      0x135 obj_cooja/mtype314.a(button-sensor.o)
 .debug_line    0x0000000000000ac9       0x8e obj_cooja/mtype314.a(leds-arch.o)
 .debug_line    0x0000000000000b57       0x85 obj_cooja/mtype314.a(moteid.o)
 .debug_line    0x0000000000000bdc       0xbf obj_cooja/mtype314.a(pir-sensor.o)
 .debug_line    0x0000000000000c9b       0xc6 obj_cooja/mtype314.a(rs232.o)
 .debug_line    0x0000000000000d61       0xbf obj_cooja/mtype314.a(vib-sensor.o)
 .debug_line    0x0000000000000e20       0xb4 obj_cooja/mtype314.a(clock.o)
 .debug_line    0x0000000000000ed4      0x10f obj_cooja/mtype314.a(log.o)
 .debug_line    0x0000000000000fe3      0x104 obj_cooja/mtype314.a(cfs-cooja.o)
 .debug_line    0x00000000000010e7      0x2e8 obj_cooja/mtype314.a(cooja-radio.o)