Archive member included to satisfy reference by file (symbol)

obj_cooja/mtype283.a(simEnvChange.o)
                              obj_cooja/mtype283.o (simDontFallAsleep)
obj_cooja/mtype283.a(cooja_mt.o)
                              obj_cooja/mtype283.o (cooja_mt_start)
obj_cooja/mtype283.a(cooja_mtarch.o)
                              obj_cooja/mtype283.a(cooja_mt.o) (cooja_mtarch_init)
obj_cooja/mtype283.a(rtimer-arch.o)
                              obj_cooja/mtype283.o (rtimer_arch_check)
obj_cooja/mtype283.a(slip.o)  obj_cooja/slip-bridge.o (slip_process)
obj_cooja/mtype283.a(beep.o)  obj_cooja/mtype283.o (beep_interface)
obj_cooja/mtype283.a(button-sensor.o)
                              obj_cooja/mtype283.o (button_interface)
obj_cooja/mtype283.a(leds-arch.o)
                              obj_cooja/mtype283.o (leds_interface)
obj_cooja/mtype283.a(moteid.o)
                              obj_cooja/mtype283.o (moteid_interface)
obj_cooja/mtype283.a(pir-sensor.o)
                              obj_cooja/mtype283.o (pir_interface)
obj_cooja/mtype283.a(rs232.o)
                              obj_cooja/mtype283.o (rs232_interface)
obj_cooja/mtype283.a(vib-sensor.o)
                              obj_cooja/mtype283.o (vib_interface)
obj_cooja/mtype283.a(clock.o)
                              obj_cooja/mtype283.o (clock_interface)
obj_cooja/mtype283.a(log.o)   obj_cooja/mtype283.o (simlog_interface)
obj_cooja/mtype283.a(cfs-cooja.o)
                              obj_cooja/mtype283.o (cfs_interface)
obj_cooja/mtype283.a(cooja-radio.o)
                              obj_cooja/mtype283.o (radio_interface)
obj_cooja/mtype283.a(eeprom.o)
                              obj_cooja/mtype283.o (eeprom_interface)
obj_cooja/mtype283.a(slip-arch.o)
                              obj_cooja/slip-bridge.o (slip_arch_init)
obj_cooja/mtype283.a(random.o)
                              obj_cooja/mtype283.a(moteid.o) (random_init)
obj_cooja/mtype283.a(sensors.o)
                              border-router.co (sensors_event)
obj_cooja/mtype283.a(autostart.o)
                              obj_cooja/mtype283.o (autostart_start)
obj_cooja/mtype283.a(ctimer.o)
                              obj_cooja/mtype283.o (ctimer_init)
obj_cooja/mtype283.a(etimer.o)
                              obj_cooja/mtype283.o (etimer_process)
obj_cooja/mtype283.a(process.o)
                              border-router.co (process_current)
obj_cooja/mtype283.a(rtimer.o)
                              obj_cooja/mtype283.a(rtimer-arch.o) (rtimer_run_next)
obj_cooja/mtype283.a(timer.o)
                              obj_cooja/httpd-simple.o (timer_set)
obj_cooja/mtype283.a(serial-line.o)
                              obj_cooja/mtype283.a(rs232.o) (serial_line_input_byte)
obj_cooja/mtype283.a(list.o)  obj_cooja/mtype283.a(ctimer.o) (list_init)
obj_cooja/mtype283.a(memb.o)  obj_cooja/httpd-simple.o (memb_init)
obj_cooja/mtype283.a(ringbuf.o)
                              obj_cooja/mtype283.a(serial-line.o) (ringbuf_init)
obj_cooja/mtype283.a(uip-ds6.o)
                              border-router.co (uip_ds6_if)
obj_cooja/mtype283.a(uip-ds6-route.o)
                              obj_cooja/mtype283.a(uip-ds6.o) (uip_ds6_route_init)
obj_cooja/mtype283.a(uip6.o)  border-router.co (uip_lladdr)
obj_cooja/mtype283.a(uip-ds6-nbr.o)
                              border-router.co (ds6_neighbors)
obj_cooja/mtype283.a(uip-nd6.o)
                              obj_cooja/mtype283.a(uip6.o) (uip_nd6_init)
obj_cooja/mtype283.a(sicslowpan.o)
                              obj_cooja/mtype283.o (sicslowpan_driver)
obj_cooja/mtype283.a(uip-packetqueue)
                              obj_cooja/mtype283.a(uip-ds6-nbr.o) (uip_packetqueue_new)
obj_cooja/mtype283.a(psock.o)
                              border-router.co (psock_send)
obj_cooja/mtype283.a(tcpip.o)
                              border-router.co (tcpip_event)
obj_cooja/mtype283.a(uip-debug.o)
                              border-router.co (uip_debug_ipaddr_print)
obj_cooja/mtype283.a(rpl-ext-header.)
                              obj_cooja/mtype283.a(uip6.o) (rpl_verify_hbh_header)
obj_cooja/mtype283.a(rpl.o)   obj_cooja/mtype283.a(uip-ds6-nbr.o) (rpl_link_neighbor_callback)
obj_cooja/mtype283.a(rpl-icmp6.o)
                              obj_cooja/mtype283.a(rpl.o) (dao_output)
obj_cooja/mtype283.a(rpl-dag.o)
                              obj_cooja/mtype283.a(rpl-ext-header.) (rpl_parents)
obj_cooja/mtype283.a(queuebuf.o)
                              obj_cooja/mtype283.o (queuebuf_init)
obj_cooja/mtype283.a(nbr-table.o)
                              obj_cooja/mtype283.a(uip-ds6-route.o) (nbr_table_register)
obj_cooja/mtype283.a(packetbuf.o)
                              obj_cooja/mtype283.a(cooja-radio.o) (packetbuf_attrs)
obj_cooja/mtype283.a(netstack.o)
                              obj_cooja/mtype283.o (netstack_init)
obj_cooja/mtype283.a(linkaddr.o)
                              obj_cooja/mtype283.o (linkaddr_node_addr)
[...]
Memory Configuration

Name             Origin             Length             Attributes
*default*        0x0000000000000000 0xffffffffffffffff

Linker script and memory map

LOAD /usr/lib/gcc/i686-linux-gnu/5/../../../i386-linux-gnu/crti.o
LOAD /usr/lib/gcc/i686-linux-gnu/5/crtbeginS.o
LOAD border-router.co
LOAD obj_cooja/mtype283.o
LOAD obj_cooja/slip-bridge.o
LOAD obj_cooja/httpd-simple.o
LOAD obj_cooja/mtype283.a
LOAD /usr/lib/gcc/i686-linux-gnu/5/libgcc.a
LOAD /usr/lib/gcc/i686-linux-gnu/5/libgcc_s.so
LOAD /usr/lib/gcc/i686-linux-gnu/5/../../../i386-linux-gnu/libc.so
START GROUP
LOAD /lib/i386-linux-gnu/libc.so.6
LOAD /usr/lib/i386-linux-gnu/libc_nonshared.a
LOAD /lib/i386-linux-gnu/ld-linux.so.2
END GROUP
LOAD /usr/lib/gcc/i686-linux-gnu/5/libgcc.a
LOAD /usr/lib/gcc/i686-linux-gnu/5/libgcc_s.so
LOAD /usr/lib/gcc/i686-linux-gnu/5/crtendS.o
LOAD /usr/lib/gcc/i686-linux-gnu/5/../../../i386-linux-gnu/crtn.o
                0x0000000000000114                . = (0x0 + SIZEOF_HEADERS)

.note.gnu.build-id
                0x0000000000000114       0x24
 *(.note.gnu.build-id)
 .note.gnu.build-id
                0x0000000000000114       0x24 /usr/lib/gcc/i686-linux-gnu/5/../../../i386-linux-gnu/crti.o

.hash
 *(.hash)

.gnu.hash       0x0000000000000138     0x12c4
 *(.gnu.hash)
 .gnu.hash      0x0000000000000138     0x12c4 /usr/lib/gcc/i686-linux-gnu/5/../../../i386-linux-gnu/crti.o

.dynsym         0x00000000000013fc     0x2360
 *(.dynsym)
 .dynsym        0x00000000000013fc     0x2360 /usr/lib/gcc/i686-linux-gnu/5/../../../i386-linux-gnu/crti.o

.dynstr         0x000000000000375c     0x24a2
 *(.dynstr)
 .dynstr        0x000000000000375c     0x24a2 /usr/lib/gcc/i686-linux-gnu/5/../../../i386-linux-gnu/crti.o

.gnu.version    0x0000000000005bfe      0x46c
 *(.gnu.version)
 .gnu.version   0x0000000000005bfe      0x46c /usr/lib/gcc/i686-linux-gnu/5/../../../i386-linux-gnu/crti.o

.gnu.version_d  0x000000000000606c        0x0
 *(.gnu.version_d)
 .gnu.version_d
                0x000000000000606c        0x0 /usr/lib/gcc/i686-linux-gnu/5/../../../i386-linux-gnu/crti.o

.gnu.version_r  0x000000000000606c       0x40
 *(.gnu.version_r)
 .gnu.version_r
                0x000000000000606c       0x40 /usr/lib/gcc/i686-linux-gnu/5/../../../i386-linux-gnu/crti.o

.rel.dyn        0x00000000000060ac     0x8638
 *(.rel.init)
 .rel.init      0x00000000000060ac        0x0 /usr/lib/gcc/i686-linux-gnu/5/../../../i386-linux-gnu/crti.o
 *(.rel.text .rel.text.* .rel.gnu.linkonce.t.*)
 .rel.text      0x00000000000060ac     0x7e30 /usr/lib/gcc/i686-linux-gnu/5/../../../i386-linux-gnu/crti.o
 *(.rel.fini)
 .rel.fini      0x000000000000dedc        0x0 /usr/lib/gcc/i686-linux-gnu/5/../../../i386-linux-gnu/crti.o
 *(.rel.rodata .rel.rodata.* .rel.gnu.linkonce.r.*)
 .rel.rodata    0x000000000000dedc      0x4f8 /usr/lib/gcc/i686-linux-gnu/5/../../../i386-linux-gnu/crti.o
 *(.rel.data.rel.ro .rel.data.rel.ro.* .rel.gnu.linkonce.d.rel.ro.*)
 *(.rel.data .rel.data.* .rel.gnu.linkonce.d.*)
 .rel.data.rel.local
                0x000000000000e3d4        0x8 /usr/lib/gcc/i686-linux-gnu/5/../../../i386-linux-gnu/crti.o
 .rel.data      0x000000000000e3dc      0x2d0 /usr/lib/gcc/i686-linux-gnu/5/../../../i386-linux-gnu/crti.o
 *(.rel.tdata .rel.tdata.* .rel.gnu.linkonce.td.*)
 *(.rel.tbss .rel.tbss.* .rel.gnu.linkonce.tb.*)
 *(.rel.ctors)
 *(.rel.dtors)
 *(.rel.got)
 .rel.got       0x000000000000e6ac       0x28 /usr/lib/gcc/i686-linux-gnu/5/../../../i386-linux-gnu/crti.o
 *(.rel.bss .rel.bss.* .rel.gnu.linkonce.b.*)
 *(.rel.ifunc)
 .rel.ifunc     0x000000000000e6d4        0x0 /usr/lib/gcc/i686-linux-gnu/5/../../../i386-linux-gnu/crti.o
 .rel.fini_array
                0x000000000000e6d4        0x8 /usr/lib/gcc/i686-linux-gnu/5/../../../i386-linux-gnu/crti.o
 .rel.init_array
                0x000000000000e6dc        0x8 /usr/lib/gcc/i686-linux-gnu/5/../../../i386-linux-gnu/crti.o

.rel.plt        0x000000000000e6e4        0x0
 *(.rel.plt)
 .rel.plt       0x000000000000e6e4        0x0 /usr/lib/gcc/i686-linux-gnu/5/../../../i386-linux-gnu/crti.o
 *(.rel.iplt)

.init           0x000000000000e6e4       0x23
 *(SORT(.init))
 .init          0x000000000000e6e4       0x1e /usr/lib/gcc/i686-linux-gnu/5/../../../i386-linux-gnu/crti.o
                0x000000000000e6e4                _init
 .init          0x000000000000e702        0x5 /usr/lib/gcc/i686-linux-gnu/5/../../../i386-linux-gnu/crtn.o

.plt            0x000000000000e710       0x10
 *(.plt)
 .plt           0x000000000000e710       0x10 /usr/lib/gcc/i686-linux-gnu/5/../../../i386-linux-gnu/crti.o
 *(.iplt)

.plt.got        0x000000000000e720       0x10
 *(.plt.got)
 .plt.got       0x000000000000e720       0x10 /usr/lib/gcc/i686-linux-gnu/5/../../../i386-linux-gnu/crti.o

.text           0x000000000000e730    0x16819
 *(.text.unlikely .text.*_unlikely .text.unlikely.*)
 .text.unlikely
                0x000000000000e730        0x0 /usr/lib/gcc/i686-linux-gnu/5/crtbeginS.o
 *(.text.exit .text.exit.*)
 *(.text.startup .text.startup.*)
 *(.text.hot .text.hot.*)
 *(.text .stub .text.* .gnu.linkonce.t.*)
 .text          0x000000000000e730        0x0 /usr/lib/gcc/i686-linux-gnu/5/../../../i386-linux-gnu/crti.o
 .gnu.linkonce.t.__x86.get_pc_thunk.bx
                0x000000000000e730        0x4 /usr/lib/gcc/i686-linux-gnu/5/../../../i386-linux-gnu/crti.o
                0x000000000000e730                __x86.get_pc_thunk.bx
 *fill*         0x000000000000e734        0xc 
 .text          0x000000000000e740      0x11c /usr/lib/gcc/i686-linux-gnu/5/crtbeginS.o
 .text.__x86.get_pc_thunk.dx
                0x000000000000e85c        0x4 /usr/lib/gcc/i686-linux-gnu/5/crtbeginS.o
                0x000000000000e85c                __x86.get_pc_thunk.dx
 .text          0x000000000000e860      0x923 border-router.co
                0x000000000000ee4b                httpd_simple_get_script
                0x000000000000eef0                request_prefix
                0x000000000000ef25                set_prefix_64
 .text          0x000000000000f183      0x65d obj_cooja/mtype283.o
                0x000000000000f2c6                contiki_init
                0x000000000000f69b                Java_org_contikios_cooja_corecomm_Lib9_init
                0x000000000000f6d2                Java_org_contikios_cooja_corecomm_Lib9_getMemory
                0x000000000000f705                Java_org_contikios_cooja_corecomm_Lib9_setMemory
                0x000000000000f765                Java_org_contikios_cooja_corecomm_Lib9_tick
                0x000000000000f7cd                Java_org_contikios_cooja_corecomm_Lib9_setReferenceAddress
 .text          0x000000000000f7e0      0x283 obj_cooja/slip-bridge.o
 .text          0x000000000000fa63      0x5f6 obj_cooja/httpd-simple.o
                0x000000000000fe91                httpd_appcall
                0x0000000000010030                httpd_init
 .text          0x0000000000010059       0x65 obj_cooja/mtype283.a(simEnvChange.o)
                0x0000000000010059                doActionsBeforeTick
                0x000000000001008b                doActionsAfterTick
 .text          0x00000000000100be       0xc2 obj_cooja/mtype283.a(cooja_mt.o)
                0x00000000000100be                cooja_mt_init
                0x00000000000100cc                cooja_mt_remove
                0x00000000000100da                cooja_mt_start
                0x0000000000010104                cooja_mt_exec
                0x000000000001013a                cooja_mt_exit
                0x000000000001015d                cooja_mt_yield
 .text          0x0000000000010180      0x114 obj_cooja/mtype283.a(cooja_mtarch.o)
                0x0000000000010180                cooja_mtarch_init
                0x0000000000010186                cooja_mtarch_start
                0x00000000000101f9                cooja_sw
                0x000000000001021c                cooja_mtarch_exec
                0x0000000000010239                cooja_mtarch_remove
                0x000000000001023f                cooja_mtarch_yield
                0x000000000001024a                cooja_mtarch_pstop
                0x0000000000010250                cooja_mtarch_pstart
                0x0000000000010256                cooja_mtarch_stack_usage
 .text          0x0000000000010294       0xc5 obj_cooja/mtype283.a(rtimer-arch.o)
                0x0000000000010294                rtimer_arch_init
                0x00000000000102b8                rtimer_arch_schedule
                0x00000000000102e8                rtimer_arch_next
                0x00000000000102f8                rtimer_arch_pending
                0x0000000000010302                rtimer_arch_check
                0x0000000000010349                rtimer_arch_now
 .text          0x0000000000010359      0x70b obj_cooja/mtype283.a(slip.o)
                0x0000000000010359                slip_set_input_callback
                0x0000000000010367                slip_send
                0x000000000001040a                slip_write
                0x0000000000010922                slip_input_byte
 .text          0x0000000000010a64       0x81 obj_cooja/mtype283.a(beep.o)
                0x0000000000010a64                beep_alarm
                0x0000000000010a71                beep_beep
                0x0000000000010a7e                beep
                0x0000000000010a8b                beep_down
                0x0000000000010a98                beep_on
                0x0000000000010aa5                beep_off
                0x0000000000010ab2                beep_spinup
                0x0000000000010abf                beep_quick
                0x0000000000010acc                beep_long
 .text          0x0000000000010ae5      0x10d obj_cooja/mtype283.a(button-sensor.o)
 .text          0x0000000000010bf2       0x49 obj_cooja/mtype283.a(leds-arch.o)
                0x0000000000010bf2                leds_arch_init
                0x0000000000010bff                leds_arch_get
                0x0000000000010c0b                leds_arch_set
 .text          0x0000000000010c3b       0x35 obj_cooja/mtype283.a(moteid.o)
 .text          0x0000000000010c70       0xb7 obj_cooja/mtype283.a(pir-sensor.o)
 .text          0x0000000000010d27      0x148 obj_cooja/mtype283.a(rs232.o)
                0x0000000000010d27                rs232_init
                0x0000000000010d2d                rs232_set_speed
                0x0000000000010d3c                rs232_set_input
                0x0000000000010d4a                rs232_send
                0x0000000000010d6e                rs232_print
                0x0000000000010d8a                slip_arch_writeb
 .text          0x0000000000010e6f       0xb7 obj_cooja/mtype283.a(vib-sensor.o)
 .text          0x0000000000010f26       0x38 obj_cooja/mtype283.a(clock.o)
                0x0000000000010f26                clock_init
                0x0000000000010f2c                clock_time
                0x0000000000010f36                clock_seconds
                0x0000000000010f4c                clock_delay
 .text          0x0000000000010f5e      0x219 obj_cooja/mtype283.a(log.o)
                0x0000000000010f5e                simlog_char
                0x0000000000010fa1                simlog
                0x0000000000011017                log_message
                0x0000000000011048                log_set_putchar_with_slip
                0x0000000000011056                log_putchar
                0x00000000000110d1                log_puts
                0x00000000000110f9                log_printf
 .text          0x0000000000011177      0x2b9 obj_cooja/mtype283.a(cfs-cooja.o)
                0x0000000000011177                cfs_open
                0x00000000000111e0                cfs_close
                0x00000000000111ed                cfs_read
                0x0000000000011282                cfs_write
                0x000000000001135e                cfs_seek
                0x00000000000113e6                cfs_remove
                0x000000000001140a                cfs_opendir
                0x0000000000011414                cfs_readdir
                0x000000000001141e                cfs_closedir
 .text          0x0000000000011430      0x63f obj_cooja/mtype283.a(cooja-radio.o)
                0x000000000001149c                radio_set_channel
                0x00000000000114aa                radio_set_txpower
                0x00000000000114c2                radio_signal_strength_last
                0x00000000000114cc                radio_signal_strength_current
                0x00000000000114d6                radio_LQI
 .text          0x0000000000011a6f       0xee obj_cooja/mtype283.a(eeprom.o)
                0x0000000000011a6f                eeprom_init
                0x0000000000011a75                eeprom_read
                0x0000000000011ae3                eeprom_write
 .text          0x0000000000011b5d       0x19 obj_cooja/mtype283.a(slip-arch.o)
                0x0000000000011b5d                slip_arch_init
 .text          0x0000000000011b76       0x2d obj_cooja/mtype283.a(random.o)
                0x0000000000011b76                random_init
                0x0000000000011b96                random_rand
 .text          0x0000000000011ba3      0x29c obj_cooja/mtype283.a(sensors.o)
                0x0000000000011bde                sensors_first
                0x0000000000011be8                sensors_next
                0x0000000000011c02                sensors_changed
                0x0000000000011c36                sensors_find
 .text          0x0000000000011e3f       0x92 obj_cooja/mtype283.a(autostart.o)
                0x0000000000011e3f                autostart_start
                0x0000000000011e89                autostart_exit
 .text          0x0000000000011ed1      0x355 obj_cooja/mtype283.a(ctimer.o)
                0x0000000000011ff9                ctimer_init
                0x000000000001202c                ctimer_set
                0x0000000000012052                ctimer_set_with_process
                0x00000000000120cf                ctimer_reset
                0x0000000000012123                ctimer_restart
                0x0000000000012177                ctimer_stop
                0x00000000000121c7                ctimer_expired
 .text          0x0000000000012226      0x43f obj_cooja/mtype283.a(etimer.o)
                0x000000000001244a                etimer_request_poll
                0x00000000000124d3                etimer_set
                0x00000000000124fc                etimer_reset_with_new_interval
                0x000000000001252b                etimer_reset
                0x0000000000012551                etimer_restart
                0x0000000000012577                etimer_adjust
                0x0000000000012594                etimer_expired
                0x00000000000125a7                etimer_expiration_time
                0x00000000000125b9                etimer_start_time
                0x00000000000125c3                etimer_pending
                0x00000000000125d5                etimer_next_expiration_time
                0x00000000000125ef                etimer_stop
 .text          0x0000000000012665      0x4fb obj_cooja/mtype283.a(process.o)
                0x0000000000012665                process_alloc_event
                0x000000000001267a                process_start
                0x0000000000012854                process_exit
                0x0000000000012871                process_init
                0x0000000000012a06                process_run
                0x0000000000012a39                process_nevents
                0x0000000000012a54                process_post
                0x0000000000012ae7                process_post_synch
                0x0000000000012b1c                process_poll
                0x0000000000012b4c                process_is_running
 .text          0x0000000000012b60       0xeb obj_cooja/mtype283.a(rtimer.o)
                0x0000000000012b60                rtimer_init
                0x0000000000012b6e                rtimer_set
                0x0000000000012be9                rtimer_run_next
 .text          0x0000000000012c4b       0x9c obj_cooja/mtype283.a(timer.o)
                0x0000000000012c4b                timer_set
                0x0000000000012c69                timer_reset
                0x0000000000012c81                timer_restart
                0x0000000000012c96                timer_expired
                0x0000000000012cc3                timer_remaining
 .text          0x0000000000012ce7      0x1eb obj_cooja/mtype283.a(serial-line.o)
                0x0000000000012ce7                serial_line_input_byte
                0x0000000000012e9d                serial_line_init
 .text          0x0000000000012ed2      0x24a obj_cooja/mtype283.a(list.o)
                0x0000000000012ed2                list_init
                0x0000000000012ee1                list_head
                0x0000000000012eeb                list_copy
                0x0000000000012efb                list_tail
                0x0000000000012f31                list_add
                0x0000000000012f7d                list_push
                0x0000000000012fa9                list_chop
                0x0000000000013013                list_pop
                0x000000000001303b                list_remove
                0x00000000000130a3                list_length
                0x00000000000130d1                list_insert
                0x0000000000013105                list_item_next
 .text          0x000000000001311c      0x1b8 obj_cooja/mtype283.a(memb.o)
                0x000000000001311c                memb_init
                0x0000000000013171                memb_alloc
                0x00000000000131d6                memb_free
                0x0000000000013251                memb_inmemb
                0x0000000000013290                memb_numfree
 .text          0x00000000000132d4      0x156 obj_cooja/mtype283.a(ringbuf.o)
                0x00000000000132d4                ringbuf_init
                0x0000000000013306                ringbuf_put
                0x0000000000013384                ringbuf_get
                0x00000000000133f1                ringbuf_size
                0x0000000000013403                ringbuf_elements
 .text          0x000000000001342a      0xae0 obj_cooja/mtype283.a(uip-ds6.o)
                0x000000000001342a                uip_ds6_init
                0x00000000000135d5                uip_ds6_periodic
                0x000000000001365c                uip_ds6_list_loop
                0x0000000000013700                uip_ds6_prefix_add
                0x00000000000137ac                uip_ds6_prefix_rm
                0x00000000000137bf                uip_ds6_prefix_lookup
                0x00000000000137fe                uip_ds6_is_addr_onlink
                0x0000000000013871                uip_ds6_addr_add
                0x0000000000013991                uip_ds6_addr_rm
                0x0000000000013a3a                uip_ds6_addr_lookup
                0x0000000000013a73                uip_ds6_get_link_local
                0x0000000000013af4                uip_ds6_get_global
                0x0000000000013b75                uip_ds6_maddr_add
                0x0000000000013bd5                uip_ds6_maddr_rm
                0x0000000000013be8                uip_ds6_maddr_lookup
                0x0000000000013c21                uip_ds6_aaddr_add
                0x0000000000013c81                uip_ds6_aaddr_rm
                0x0000000000013c94                uip_ds6_aaddr_lookup
                0x0000000000013ccd                uip_ds6_select_src
                0x0000000000013e16                uip_ds6_set_addr_iid
                0x0000000000013e41                get_match_length
                0x0000000000013ed2                uip_ds6_compute_reachable_time
 .text          0x0000000000013f0a      0x9a0 obj_cooja/mtype283.a(uip-ds6-route.o)
                0x0000000000013f81                uip_ds6_notification_add
                0x0000000000013fb3                uip_ds6_notification_rm
                0x0000000000013fd0                uip_ds6_route_init
                0x000000000001406f                uip_ds6_route_nexthop
                0x000000000001409e                uip_ds6_route_head
                0x00000000000140b7                uip_ds6_route_next
                0x00000000000140e0                uip_ds6_route_is_nexthop
                0x0000000000014122                uip_ds6_route_num_routes
                0x000000000001412c                uip_ds6_route_lookup
                0x00000000000141f3                uip_ds6_route_add
                0x000000000001441f                uip_ds6_route_rm
                0x00000000000145d5                uip_ds6_route_rm_by_nexthop
                0x0000000000014614                uip_ds6_defrt_head
                0x000000000001462d                uip_ds6_defrt_add
                0x00000000000146de                uip_ds6_defrt_rm
                0x000000000001475f                uip_ds6_defrt_lookup
                0x00000000000147b9                uip_ds6_defrt_choose
                0x000000000001482f                uip_ds6_defrt_periodic
 .text          0x00000000000148aa     0x2765 obj_cooja/mtype283.a(uip6.o)
                0x00000000000148aa                uip_add32
                0x0000000000014a44                uip_chksum
                0x0000000000014b25                uip_icmp6chksum
                0x0000000000014b3a                uip_tcpchksum
                0x0000000000014b4f                uip_udpchksum
                0x0000000000014b64                uip_init
                0x0000000000014bef                uip_connect
                0x0000000000014d78                remove_ext_hdr
                0x0000000000014e49                uip_udp_new
                0x0000000000014f6b                uip_unlisten
                0x0000000000014fad                uip_listen
                0x000000000001524c                uip_process
                0x0000000000016f0a                uip_htons
                0x0000000000016f2c                uip_htonl
                0x0000000000016f6a                uip_send
 .text          0x000000000001700f      0x2bb obj_cooja/mtype283.a(uip-ds6-nbr.o)
                0x000000000001702c                uip_ds6_neighbors_init
                0x0000000000017050                uip_ds6_nbr_add
                0x00000000000170d4                uip_ds6_nbr_rm
                0x000000000001711d                uip_ds6_nbr_get_ipaddr
                0x0000000000017132                uip_ds6_nbr_get_ll
                0x000000000001714e                uip_ds6_nbr_num
                0x0000000000017197                uip_ds6_nbr_lookup
                0x00000000000171fa                uip_ds6_nbr_ll_lookup
                0x0000000000017216                uip_ds6_nbr_ipaddr_from_lladdr
                0x000000000001723f                uip_ds6_nbr_lladdr_from_ipaddr
                0x0000000000017273                uip_ds6_link_neighbor_callback
 .text          0x00000000000172ca      0x6aa obj_cooja/mtype283.a(uip-nd6.o)
                0x000000000001795b                uip_nd6_init
 .text          0x0000000000017974     0x2549 obj_cooja/mtype283.a(sicslowpan.o)
                0x0000000000017f04                rime_sniffer_add
                0x0000000000017f12                rime_sniffer_remove
                0x0000000000019e57                sicslowpan_init
                0x0000000000019eb3                sicslowpan_get_last_rssi
 .text          0x0000000000019ebd      0x146 obj_cooja/mtype283.a(uip-packetqueue)
                0x0000000000019eeb                uip_packetqueue_new
                0x0000000000019efa                uip_packetqueue_alloc
                0x0000000000019f55                uip_packetqueue_free
                0x0000000000019f9c                uip_packetqueue_buf
                0x0000000000019fb9                uip_packetqueue_buflen
                0x0000000000019fda                uip_packetqueue_set_buflen
 .text          0x000000000001a003      0x70e obj_cooja/mtype283.a(psock.o)
                0x000000000001a31d                psock_send
                0x000000000001a3a3                psock_generator_send
                0x000000000001a4b1                psock_datalen
                0x000000000001a4c9                psock_newdata
                0x000000000001a517                psock_readto
                0x000000000001a5e6                psock_readbuf_len
                0x000000000001a6cd                psock_init
 .text          0x000000000001a711      0xa67 obj_cooja/mtype283.a(tcpip.o)
                0x000000000001a711                tcpip_output
                0x000000000001a742                tcpip_set_outputfunc
                0x000000000001a7e3                tcp_connect
                0x000000000001a83b                tcp_unlisten
                0x000000000001a89b                tcp_listen
                0x000000000001a8f9                tcp_attach
                0x000000000001a91f                udp_attach
                0x000000000001a945                udp_new
                0x000000000001a997                udp_broadcast_new
                0x000000000001ac1c                tcpip_input
                0x000000000001ac49                tcpip_ipv6_output
                0x000000000001afbe                tcpip_poll_udp
                0x000000000001afdc                tcpip_poll_tcp
                0x000000000001affa                tcpip_uipcall
 .text          0x000000000001b178      0x160 obj_cooja/mtype283.a(uip-debug.o)
                0x000000000001b178                uip_debug_ipaddr_print
 .text          0x000000000001b2d8      0x9fd obj_cooja/mtype283.a(rpl-ext-header.)
                0x000000000001b2f5                rpl_verify_hbh_header
                0x000000000001ba95                rpl_remove_header
                0x000000000001bbf7                rpl_update_header
 .text          0x000000000001bcd5      0x582 obj_cooja/mtype283.a(rpl.o)
                0x000000000001bcd5                rpl_get_mode
                0x000000000001bcdf                rpl_set_mode
                0x000000000001bd73                rpl_purge_routes
                0x000000000001be7c                rpl_remove_routes
                0x000000000001bec9                rpl_remove_routes_by_nexthop
                0x000000000001bf2b                rpl_add_route
                0x000000000001bfba                rpl_link_neighbor_callback
                0x000000000001c085                rpl_ipv6_neighbor_callback
                0x000000000001c0f5                rpl_purge_dags
                0x000000000001c1da                rpl_init
 .text          0x000000000001c257     0x1b6d obj_cooja/mtype283.a(rpl-icmp6.o)
                0x000000000001c4ce                rpl_icmp6_update_nbr_table
                0x000000000001c5ac                dis_output
                0x000000000001cc46                dio_output
                0x000000000001d958                dao_output
                0x000000000001da16                dao_output_target
                0x000000000001dd66                dao_ack_output
                0x000000000001dd7b                rpl_icmp6_register_handlers
 .text          0x000000000001ddc4     0x2839 obj_cooja/mtype283.a(rpl-dag.o)
                0x000000000001ddc4                rpl_print_neighbor_list
                0x000000000001df9f                rpl_get_nbr
                0x000000000001dff0                rpl_dag_init
                0x000000000001e00f                rpl_get_parent
                0x000000000001e031                rpl_get_parent_rank
                0x000000000001e064                rpl_get_parent_link_metric
                0x000000000001e0be                rpl_rank_via_parent
                0x000000000001e118                rpl_get_parent_lladdr
                0x000000000001e134                rpl_get_parent_ipaddr
                0x000000000001e15b                rpl_get_parent_link_stats
                0x000000000001e182                rpl_parent_is_fresh
                0x000000000001e1a9                rpl_parent_is_reachable
                0x000000000001e4fa                rpl_set_root
                0x000000000001e776                rpl_repair_root
                0x000000000001e9b2                rpl_set_prefix
                0x000000000001eaa2                rpl_set_default_route
                0x000000000001eb13                rpl_alloc_instance
                0x000000000001eba3                rpl_alloc_dag
                0x000000000001ec53                rpl_set_default_instance
                0x000000000001ec61                rpl_get_default_instance
                0x000000000001ec6b                rpl_free_instance
                0x000000000001ed2b                rpl_free_dag
                0x000000000001edab                rpl_add_parent
                0x000000000001ee54                rpl_find_parent
                0x000000000001eeb2                rpl_find_parent_any_dag
                0x000000000001eef1                rpl_select_dag
                0x000000000001f305                rpl_select_parent
                0x000000000001f3e0                rpl_remove_parent
                0x000000000001f40b                rpl_nullify_parent
                0x000000000001f4c7                rpl_move_parent
                0x000000000001f584                rpl_has_downward_route
                0x000000000001f5d5                rpl_get_dag
                0x000000000001f6bb                rpl_get_any_dag
                0x000000000001f71a                rpl_get_instance
                0x000000000001f77b                rpl_find_of
                0x000000000001f7b8                rpl_join_instance
                0x000000000001fa9d                rpl_add_dag
                0x000000000001fe82                rpl_local_repair
                0x000000000001ff5b                rpl_recalculate_ranks
                0x000000000001ffe6                rpl_process_parent_event
                0x000000000002011f                rpl_process_dio
 .text          0x00000000000205fd      0x2e4 obj_cooja/mtype283.a(queuebuf.o)
                0x0000000000020607                queuebuf_init
                0x0000000000020630                queuebuf_numfree
                0x0000000000020648                queuebuf_new_from_packetbuf
                0x00000000000206e7                queuebuf_update_attr_from_packetbuf
                0x000000000002071c                queuebuf_update_from_packetbuf
                0x000000000002076c                queuebuf_free
                0x00000000000207b5                queuebuf_to_packetbuf
                0x0000000000020821                queuebuf_dataptr
                0x000000000002085b                queuebuf_datalen
                0x000000000002087e                queuebuf_addr
                0x00000000000208b0                queuebuf_attr
                0x00000000000208db                queuebuf_debug_print
 .text          0x00000000000208e1      0x7c7 obj_cooja/mtype283.a(nbr-table.o)
                0x0000000000020d5a                nbr_table_register
                0x0000000000020da2                nbr_table_head
                0x0000000000020dfd                nbr_table_next
                0x0000000000020e5e                nbr_table_add_lladdr
                0x0000000000020f28                nbr_table_get_from_lladdr
                0x0000000000020f74                nbr_table_remove
                0x0000000000020fac                nbr_table_lock
                0x0000000000020fc6                nbr_table_unlock
                0x0000000000020fe0                nbr_table_get_lladdr
                0x000000000002100c                nbr_table_update_lladdr
 .text          0x00000000000210a8      0x3f2 obj_cooja/mtype283.a(packetbuf.o)
                0x00000000000210a8                packetbuf_clear
                0x00000000000210d3                packetbuf_copyfrom
                0x0000000000021122                packetbuf_compact
                0x000000000002119f                packetbuf_copyto
                0x0000000000021232                packetbuf_hdralloc
                0x00000000000212ae                packetbuf_hdrreduce
                0x00000000000212f4                packetbuf_set_datalen
                0x000000000002130e                packetbuf_dataptr
                0x000000000002132b                packetbuf_hdrptr
                0x0000000000021335                packetbuf_datalen
                0x0000000000021341                packetbuf_hdrlen
                0x0000000000021358                packetbuf_totlen
                0x000000000002136e                packetbuf_remaininglen
                0x0000000000021381                packetbuf_attr_clear
                0x00000000000213cd                packetbuf_attr_copyto
                0x0000000000021425                packetbuf_attr_copyfrom
                0x000000000002147d                packetbuf_holds_broadcast
 .text          0x000000000002149a       0x2c obj_cooja/mtype283.a(netstack.o)
                0x000000000002149a                netstack_init
 .text          0x00000000000214c6       0x4f obj_cooja/mtype283.a(linkaddr.o)
                0x00000000000214c6                linkaddr_copy
                0x00000000000214dc                linkaddr_cmp
                0x00000000000214ff                linkaddr_set_node_addr
 .text          0x0000000000021515      0x326 obj_cooja/mtype283.a(link-stats.o)
                0x000000000002152f                link_stats_from_lladdr
                0x000000000002154b                link_stats_is_fresh
                0x0000000000021588                guess_etx_from_rssi
                0x0000000000021604                link_stats_packet_sent
                0x000000000002170a                link_stats_input_callback
                0x0000000000021806                link_stats_init
 .text          0x000000000002183b      0x842 obj_cooja/mtype283.a(csma.o)
 .text          0x000000000002207d       0x38 obj_cooja/mtype283.a(mac.o)
                0x000000000002207d                mac_call_sent_callback
 .text          0x00000000000220b5      0x3ec obj_cooja/mtype283.a(framer-802154.o)
 .text          0x00000000000224a1      0x43f obj_cooja/mtype283.a(nullrdc.o)
 .text          0x00000000000228e0       0x68 obj_cooja/mtype283.a(nullsec.o)
 .text          0x0000000000022948       0x1e obj_cooja/mtype283.a(watchdog.o)
                0x0000000000022948                watchdog_init
                0x000000000002294e                watchdog_start
                0x0000000000022954                watchdog_periodic
                0x000000000002295a                watchdog_stop
                0x0000000000022960                watchdog_reboot
 .text          0x0000000000022966        0x0 obj_cooja/mtype283.a(rimestats.o)
 .text          0x0000000000022966       0xb2 obj_cooja/mtype283.a(stimer.o)
                0x0000000000022966                stimer_set
                0x0000000000022984                stimer_reset
                0x000000000002299c                stimer_restart
                0x00000000000229b1                stimer_expired
                0x00000000000229dc                stimer_remaining
                0x0000000000022a00                stimer_elapsed
 .text          0x0000000000022a18      0x953 obj_cooja/mtype283.a(uip-icmp6.o)
                0x0000000000022a8d                uip_icmp6_input
                0x0000000000022ae4                uip_icmp6_register_input_handler
                0x0000000000022cf0                uip_icmp6_error_output
                0x0000000000023039                uip_icmp6_send
                0x00000000000232f3                uip_icmp6_echo_reply_callback_add
                0x0000000000023325                uip_icmp6_echo_reply_callback_rm
                0x0000000000023342                uip_icmp6_init
 .text          0x000000000002336b      0x32f obj_cooja/mtype283.a(rpl-nbr-policy.)
                0x0000000000023542                find_removable_dis
                0x0000000000023567                find_removable_dio
                0x00000000000235ec                find_removable_dao
                0x000000000002363c                rpl_nbr_policy_find_removable
 .text          0x000000000002369a      0x870 obj_cooja/mtype283.a(rpl-timers.o)
                0x00000000000238ff                rpl_reset_periodic_timer
                0x000000000002394a                rpl_reset_dio_timer
                0x0000000000023b6f                rpl_schedule_dao
                0x0000000000023b8b                rpl_schedule_dao_immediately
                0x0000000000023ba4                rpl_cancel_dao
                0x0000000000023c13                rpl_schedule_unicast_dio_immediately
                0x0000000000023c37                get_probing_delay
                0x0000000000023cb6                get_probing_target
                0x0000000000023ed3                rpl_schedule_probing
 .text          0x0000000000023f0a      0x315 obj_cooja/mtype283.a(rpl-mrhof.o)
 .text          0x000000000002421f      0x1bb obj_cooja/mtype283.a(mac-sequence.o)
                0x0000000000024256                mac_sequence_is_duplicate
                0x00000000000242f6                mac_sequence_register_seqno
 .text          0x00000000000243da      0xb6f obj_cooja/mtype283.a(frame802154.o)
                0x000000000002440b                frame802154_get_pan_id
                0x0000000000024417                frame802154_set_pan_id
                0x0000000000024431                frame802154_has_panid
                0x00000000000245e0                frame802154_check_dest_panid
                0x0000000000024668                frame802154_is_broadcast_addr
                0x00000000000246b5                frame802154_extract_linkaddr
                0x000000000002491a                frame802154_hdrlen
                0x000000000002498d                frame802154_create_fcf
                0x0000000000024a45                frame802154_create
                0x0000000000024bba                frame802154_parse_fcf
                0x0000000000024c9c                frame802154_parse
 .text          0x0000000000024f49        0x0 /usr/lib/gcc/i686-linux-gnu/5/crtendS.o
 .text          0x0000000000024f49        0x0 /usr/lib/gcc/i686-linux-gnu/5/../../../i386-linux-gnu/crtn.o
 *(.gnu.warning)

.fini           0x0000000000024f4c       0x14
 *(SORT(.fini))
 .fini          0x0000000000024f4c        0xf /usr/lib/gcc/i686-linux-gnu/5/../../../i386-linux-gnu/crti.o
                0x0000000000024f4c                _fini
 .fini          0x0000000000024f5b        0x5 /usr/lib/gcc/i686-linux-gnu/5/../../../i386-linux-gnu/crtn.o
                [!provide]                        PROVIDE (__etext, .)
                [!provide]                        PROVIDE (_etext, .)
                [!provide]                        PROVIDE (etext, .)

.rodata         0x0000000000024f60      0x878
 *(.rodata .rodata.* .gnu.linkonce.r.*)
 .rodata        0x0000000000024f60       0xd3 border-router.co
                0x0000000000024f84                autostart_processes
 *fill*         0x0000000000025033        0x1 
 .rodata        0x0000000000025034      0x127 obj_cooja/mtype283.o
 *fill*         0x000000000002515b        0x1 
 .rodata        0x000000000002515c       0xb0 obj_cooja/slip-bridge.o
                0x0000000000025204                rpl_interface
 *fill*         0x000000000002520c       0x14 
 .rodata        0x0000000000025220      0x154 obj_cooja/httpd-simple.o
                0x000000000002527c                http_content_type_html
                0x00000000000252a0                http_header_200
                0x0000000000025300                http_header_404
                0x0000000000025360                http_get
                0x0000000000025368                http_index_html
 .rodata        0x0000000000025374        0xc obj_cooja/mtype283.a(slip.o)
 .rodata        0x0000000000025380        0x8 obj_cooja/mtype283.a(beep.o)
                0x0000000000025380                beep_interface
 .rodata        0x0000000000025388       0x20 obj_cooja/mtype283.a(button-sensor.o)
                0x0000000000025388                button_interface
                0x0000000000025398                button_sensor
 .rodata        0x00000000000253a8        0x8 obj_cooja/mtype283.a(leds-arch.o)
                0x00000000000253a8                leds_interface
 .rodata        0x00000000000253b0        0x8 obj_cooja/mtype283.a(moteid.o)
                0x00000000000253b0                moteid_interface
 .rodata        0x00000000000253b8       0x1c obj_cooja/mtype283.a(pir-sensor.o)
                0x00000000000253b8                pir_interface
                0x00000000000253c4                pir_sensor
 .rodata        0x00000000000253d4        0xe obj_cooja/mtype283.a(rs232.o)
                0x00000000000253d4                rs232_interface
 *fill*         0x00000000000253e2        0x2 
 .rodata        0x00000000000253e4       0x24 obj_cooja/mtype283.a(vib-sensor.o)
                0x00000000000253e4                vib_interface
                0x00000000000253f8                vib_sensor
 .rodata        0x0000000000025408        0x8 obj_cooja/mtype283.a(clock.o)
                0x0000000000025408                clock_interface
 .rodata        0x0000000000025410        0x8 obj_cooja/mtype283.a(log.o)
                0x0000000000025410                simlog_interface
 .rodata        0x0000000000025418       0x2f obj_cooja/mtype283.a(cfs-cooja.o)
                0x0000000000025418                cfs_interface
 *fill*         0x0000000000025447       0x19 
 .rodata        0x0000000000025460       0x58 obj_cooja/mtype283.a(cooja-radio.o)
                0x0000000000025460                radio_interface
                0x0000000000025480                cooja_radio_driver
 .rodata        0x00000000000254b8        0x8 obj_cooja/mtype283.a(eeprom.o)
                0x00000000000254b8                eeprom_interface
 .rodata        0x00000000000254c0        0x8 obj_cooja/mtype283.a(sensors.o)
 .rodata        0x00000000000254c8        0xf obj_cooja/mtype283.a(ctimer.o)
 .rodata        0x00000000000254d7        0xc obj_cooja/mtype283.a(etimer.o)
 .rodata        0x00000000000254e3        0xe obj_cooja/mtype283.a(serial-line.o)
 *fill*         0x00000000000254f1        0x3 
 .rodata        0x00000000000254f4      0x13c obj_cooja/mtype283.a(uip6.o)
 .rodata        0x0000000000025630       0x2c obj_cooja/mtype283.a(sicslowpan.o)
                0x0000000000025630                unc_llconf
                0x0000000000025634                unc_ctxconf
                0x0000000000025638                unc_mxconf
                0x000000000002563c                llprefix
                0x0000000000025650                sicslowpan_driver
 .rodata        0x000000000002565c       0x29 obj_cooja/mtype283.a(tcpip.o)
 .rodata        0x0000000000025685       0x2a obj_cooja/mtype283.a(uip-debug.o)
 *fill*         0x00000000000256af        0x1 
 .rodata        0x00000000000256b0       0x89 obj_cooja/mtype283.a(rpl-dag.o)
 *fill*         0x0000000000025739        0x3 
 .rodata        0x000000000002573c        0x8 obj_cooja/mtype283.a(linkaddr.o)
                0x000000000002573c                linkaddr_null
 .rodata        0x0000000000025744       0x24 obj_cooja/mtype283.a(csma.o)
                0x000000000002574c                csma_driver
 .rodata        0x0000000000025768        0xc obj_cooja/mtype283.a(framer-802154.o)
                0x0000000000025768                framer_802154
 *fill*         0x0000000000025774        0xc 
 .rodata        0x0000000000025780       0x40 obj_cooja/mtype283.a(nullrdc.o)
                0x00000000000257a0                nullrdc_driver
 .rodata        0x00000000000257c0       0x18 obj_cooja/mtype283.a(nullsec.o)
                0x00000000000257c8                nullsec_driver

.rodata1
 *(.rodata1)

.eh_frame_hdr   0x00000000000257d8     0x1464
 *(.eh_frame_hdr)
 .eh_frame_hdr  0x00000000000257d8     0x1464 border-router.co
                0x00000000000257d8                __GNU_EH_FRAME_HDR
 *(.eh_frame_entry .eh_frame_entry.*)

.eh_frame       0x0000000000026c3c     0x52a4
 *(.eh_frame)
 .eh_frame      0x0000000000026c3c       0x3c /usr/lib/gcc/i686-linux-gnu/5/../../../i386-linux-gnu/crti.o
                                         0x40 (size before relaxing)
 .eh_frame      0x0000000000026c78      0x100 border-router.co
                                        0x118 (size before relaxing)
 .eh_frame      0x0000000000026d78      0x148 obj_cooja/mtype283.o
                                        0x160 (size before relaxing)
 .eh_frame      0x0000000000026ec0       0x60 obj_cooja/slip-bridge.o
                                         0x78 (size before relaxing)
 .eh_frame      0x0000000000026f20       0xe0 obj_cooja/httpd-simple.o
                                         0xf8 (size before relaxing)
 .eh_frame      0x0000000000027000       0x40 obj_cooja/mtype283.a(simEnvChange.o)
                                         0x58 (size before relaxing)
 .eh_frame      0x0000000000027040       0xc0 obj_cooja/mtype283.a(cooja_mt.o)
                                         0xd8 (size before relaxing)
 .eh_frame      0x0000000000027100      0x120 obj_cooja/mtype283.a(cooja_mtarch.o)
                                        0x138 (size before relaxing)
 .eh_frame      0x0000000000027220       0xc8 obj_cooja/mtype283.a(rtimer-arch.o)
                                         0xe0 (size before relaxing)
 .eh_frame      0x00000000000272e8       0xe0 obj_cooja/mtype283.a(slip.o)
                                         0xf8 (size before relaxing)
 .eh_frame      0x00000000000273c8      0x160 obj_cooja/mtype283.a(beep.o)
                                        0x178 (size before relaxing)
 .eh_frame      0x0000000000027528       0xa0 obj_cooja/mtype283.a(button-sensor.o)
                                         0xb8 (size before relaxing)
 .eh_frame      0x00000000000275c8       0xa0 obj_cooja/mtype283.a(leds-arch.o)
                                         0xb8 (size before relaxing)
 .eh_frame      0x0000000000027668       0x40 obj_cooja/mtype283.a(moteid.o)
                                         0x58 (size before relaxing)
 .eh_frame      0x00000000000276a8       0xa0 obj_cooja/mtype283.a(pir-sensor.o)
                                         0xb8 (size before relaxing)
 .eh_frame      0x0000000000027748      0x100 obj_cooja/mtype283.a(rs232.o)
                                        0x118 (size before relaxing)
 .eh_frame      0x0000000000027848       0xa0 obj_cooja/mtype283.a(vib-sensor.o)
                                         0xb8 (size before relaxing)
 .eh_frame      0x00000000000278e8       0xc0 obj_cooja/mtype283.a(clock.o)
                                         0xd8 (size before relaxing)
 .eh_frame      0x00000000000279a8      0x120 obj_cooja/mtype283.a(log.o)
                                        0x138 (size before relaxing)
 .eh_frame      0x0000000000027ac8      0x160 obj_cooja/mtype283.a(cfs-cooja.o)
                                        0x178 (size before relaxing)
 .eh_frame      0x0000000000027c28      0x360 obj_cooja/mtype283.a(cooja-radio.o)
                                        0x378 (size before relaxing)
 .eh_frame      0x0000000000027f88       0xa0 obj_cooja/mtype283.a(eeprom.o)
                                         0xb8 (size before relaxing)
 .eh_frame      0x0000000000028028       0x20 obj_cooja/mtype283.a(slip-arch.o)
                                         0x38 (size before relaxing)
 .eh_frame      0x0000000000028048       0x40 obj_cooja/mtype283.a(random.o)
                                         0x58 (size before relaxing)
 .eh_frame      0x0000000000028088       0xc0 obj_cooja/mtype283.a(sensors.o)
                                         0xd8 (size before relaxing)
 .eh_frame      0x0000000000028148       0x40 obj_cooja/mtype283.a(autostart.o)
                                         0x58 (size before relaxing)
 .eh_frame      0x0000000000028188      0x100 obj_cooja/mtype283.a(ctimer.o)
                                        0x118 (size before relaxing)
 .eh_frame      0x0000000000028288      0x1e0 obj_cooja/mtype283.a(etimer.o)
                                        0x1f8 (size before relaxing)
 .eh_frame      0x0000000000028468      0x1c4 obj_cooja/mtype283.a(process.o)
                                        0x1dc (size before relaxing)
 .eh_frame      0x000000000002862c       0x60 obj_cooja/mtype283.a(rtimer.o)
                                         0x78 (size before relaxing)
 .eh_frame      0x000000000002868c       0xa4 obj_cooja/mtype283.a(timer.o)
                                         0xbc (size before relaxing)
 .eh_frame      0x0000000000028730       0x60 obj_cooja/mtype283.a(serial-line.o)
                                         0x78 (size before relaxing)
 .eh_frame      0x0000000000028790      0x180 obj_cooja/mtype283.a(list.o)
                                        0x198 (size before relaxing)
 .eh_frame      0x0000000000028910       0xa0 obj_cooja/mtype283.a(memb.o)
                                         0xb8 (size before relaxing)
 .eh_frame      0x00000000000289b0       0xa0 obj_cooja/mtype283.a(ringbuf.o)
                                         0xb8 (size before relaxing)
 .eh_frame      0x0000000000028a50      0x2c8 obj_cooja/mtype283.a(uip-ds6.o)
                                        0x2e0 (size before relaxing)
 .eh_frame      0x0000000000028d18      0x2c0 obj_cooja/mtype283.a(uip-ds6-route.o)
                                        0x2d8 (size before relaxing)
 .eh_frame      0x0000000000028fd8      0x274 obj_cooja/mtype283.a(uip6.o)
                                        0x28c (size before relaxing)
 .eh_frame      0x000000000002924c      0x180 obj_cooja/mtype283.a(uip-ds6-nbr.o)
                                        0x198 (size before relaxing)
 .eh_frame      0x00000000000293cc       0x84 obj_cooja/mtype283.a(uip-nd6.o)
                                         0x9c (size before relaxing)
 .eh_frame      0x0000000000029450      0x334 obj_cooja/mtype283.a(sicslowpan.o)
                                        0x34c (size before relaxing)
 .eh_frame      0x0000000000029784       0xe0 obj_cooja/mtype283.a(uip-packetqueue)
                                         0xf8 (size before relaxing)
 .eh_frame      0x0000000000029864      0x18c obj_cooja/mtype283.a(psock.o)
                                        0x1a4 (size before relaxing)
 .eh_frame      0x00000000000299f0      0x268 obj_cooja/mtype283.a(tcpip.o)
                                        0x280 (size before relaxing)
 .eh_frame      0x0000000000029c58       0x24 obj_cooja/mtype283.a(uip-debug.o)
                                         0x3c (size before relaxing)
 .eh_frame      0x0000000000029c7c       0xc0 obj_cooja/mtype283.a(rpl-ext-header.)
                                         0xd8 (size before relaxing)
 .eh_frame      0x0000000000029d3c      0x140 obj_cooja/mtype283.a(rpl.o)
                                        0x158 (size before relaxing)
 .eh_frame      0x0000000000029e7c      0x2ac obj_cooja/mtype283.a(rpl-icmp6.o)
                                        0x2c4 (size before relaxing)
 .eh_frame      0x000000000002a128      0x71c obj_cooja/mtype283.a(rpl-dag.o)
                                        0x734 (size before relaxing)
 .eh_frame      0x000000000002a844      0x1a0 obj_cooja/mtype283.a(queuebuf.o)
                                        0x1b8 (size before relaxing)
 .eh_frame      0x000000000002a9e4      0x2ac obj_cooja/mtype283.a(nbr-table.o)
                                        0x2c4 (size before relaxing)
 .eh_frame      0x000000000002ac90      0x234 obj_cooja/mtype283.a(packetbuf.o)
                                        0x24c (size before relaxing)
 .eh_frame      0x000000000002aec4       0x20 obj_cooja/mtype283.a(netstack.o)
                                         0x38 (size before relaxing)
 .eh_frame      0x000000000002aee4       0x60 obj_cooja/mtype283.a(linkaddr.o)
                                         0x78 (size before relaxing)
 .eh_frame      0x000000000002af44      0x100 obj_cooja/mtype283.a(link-stats.o)
                                        0x118 (size before relaxing)
 .eh_frame      0x000000000002b044      0x288 obj_cooja/mtype283.a(csma.o)
                                        0x2a0 (size before relaxing)
 .eh_frame      0x000000000002b2cc       0x20 obj_cooja/mtype283.a(mac.o)
                                         0x38 (size before relaxing)
 .eh_frame      0x000000000002b2ec      0x104 obj_cooja/mtype283.a(framer-802154.o)
                                        0x11c (size before relaxing)
 .eh_frame      0x000000000002b3f0      0x16c obj_cooja/mtype283.a(nullrdc.o)
                                        0x184 (size before relaxing)
 .eh_frame      0x000000000002b55c       0x80 obj_cooja/mtype283.a(nullsec.o)
                                         0x98 (size before relaxing)
 .eh_frame      0x000000000002b5dc       0xa0 obj_cooja/mtype283.a(watchdog.o)
                                         0xb8 (size before relaxing)
 .eh_frame      0x000000000002b67c       0xc4 obj_cooja/mtype283.a(stimer.o)
                                         0xdc (size before relaxing)
 .eh_frame      0x000000000002b740      0x160 obj_cooja/mtype283.a(uip-icmp6.o)
                                        0x178 (size before relaxing)
 .eh_frame      0x000000000002b8a0       0xc0 obj_cooja/mtype283.a(rpl-nbr-policy.)
                                         0xd8 (size before relaxing)
 .eh_frame      0x000000000002b960      0x22c obj_cooja/mtype283.a(rpl-timers.o)
                                        0x244 (size before relaxing)
 .eh_frame      0x000000000002bb8c      0x124 obj_cooja/mtype283.a(rpl-mrhof.o)
                                        0x13c (size before relaxing)
 .eh_frame      0x000000000002bcb0       0x88 obj_cooja/mtype283.a(mac-sequence.o)
                                         0xa0 (size before relaxing)
 .eh_frame      0x000000000002bd38      0x1a4 obj_cooja/mtype283.a(frame802154.o)
                                        0x1bc (size before relaxing)
 .eh_frame      0x000000000002bedc        0x4 /usr/lib/gcc/i686-linux-gnu/5/crtendS.o
 *(.eh_frame.*)

.gcc_except_table
 *(.gcc_except_table .gcc_except_table.*)

.gnu_extab
 *(.gnu_extab*)

.exception_ranges
 *(.exception_ranges .exception_ranges*)
                0x000000000002cf10                . = DATA_SEGMENT_ALIGN (0x1000, 0x1000)

.eh_frame
 *(.eh_frame)
 *(.eh_frame.*)

.gnu_extab
 *(.gnu_extab)

.gcc_except_table
 *(.gcc_except_table .gcc_except_table.*)

.exception_ranges
 *(.exception_ranges .exception_ranges*)

.tdata
 *(.tdata .tdata.* .gnu.linkonce.td.*)

.tbss
 *(.tbss .tbss.* .gnu.linkonce.tb.*)
 *(.tcommon)

.preinit_array
 *(.preinit_array)

.init_array     0x000000000002cf10        0x4
 *(SORT(.init_array.*) SORT(.ctors.*))
 *(.init_array EXCLUDE_FILE(*crtend?.o *crtend.o *crtbegin?.o *crtbegin.o) .ctors)
 .init_array    0x000000000002cf10        0x4 /usr/lib/gcc/i686-linux-gnu/5/crtbeginS.o

.fini_array     0x000000000002cf14        0x4
 *(SORT(.fini_array.*) SORT(.dtors.*))
 *(.fini_array EXCLUDE_FILE(*crtend?.o *crtend.o *crtbegin?.o *crtbegin.o) .dtors)
 .fini_array    0x000000000002cf14        0x4 /usr/lib/gcc/i686-linux-gnu/5/crtbeginS.o

.ctors
 *crtbegin.o(.ctors)
 *crtbegin?.o(.ctors)
 *(EXCLUDE_FILE(*crtend?.o *crtend.o) .ctors)
 *(SORT(.ctors.*))
 *(.ctors)

.dtors
 *crtbegin.o(.dtors)
 *crtbegin?.o(.dtors)
 *(EXCLUDE_FILE(*crtend?.o *crtend.o) .dtors)
 *(SORT(.dtors.*))
 *(.dtors)

.jcr            0x000000000002cf18        0x4
 *(.jcr)
 .jcr           0x000000000002cf18        0x0 /usr/lib/gcc/i686-linux-gnu/5/crtbeginS.o
 .jcr           0x000000000002cf18        0x4 /usr/lib/gcc/i686-linux-gnu/5/crtendS.o

.data.rel.ro
 *(.data.rel.ro.local* .gnu.linkonce.d.rel.ro.local.*)
 *(.data.rel.ro .data.rel.ro.* .gnu.linkonce.d.rel.ro.*)

.dynamic        0x000000000002cf1c       0xd0
 *(.dynamic)
 .dynamic       0x000000000002cf1c       0xd0 /usr/lib/gcc/i686-linux-gnu/5/../../../i386-linux-gnu/crti.o
                0x000000000002cf1c                _DYNAMIC

.got            0x000000000002cfec       0x14
 *(.got)
 .got           0x000000000002cfec       0x14 /usr/lib/gcc/i686-linux-gnu/5/../../../i386-linux-gnu/crti.o
 *(.igot)
                0x000000000002dff4                . = DATA_SEGMENT_RELRO_END (., (SIZEOF (.got.plt) >= 0xc)?0xc:0x0)

.got.plt        0x000000000002d000        0xc
 *(.got.plt)
 .got.plt       0x000000000002d000        0xc /usr/lib/gcc/i686-linux-gnu/5/../../../i386-linux-gnu/crti.o
                0x000000000002d000                _GLOBAL_OFFSET_TABLE_
 *(.igot.plt)

.data           0x000000000002d020      0x2a6
 *(.data .data.* .gnu.linkonce.d.*)
 .data          0x000000000002d020        0x0 /usr/lib/gcc/i686-linux-gnu/5/../../../i386-linux-gnu/crti.o
 .data          0x000000000002d020        0x0 /usr/lib/gcc/i686-linux-gnu/5/crtbeginS.o
 .data.rel.local
                0x000000000002d020        0x4 /usr/lib/gcc/i686-linux-gnu/5/crtbeginS.o
                0x000000000002d020                __dso_handle
 .data          0x000000000002d024       0x28 border-router.co
                0x000000000002d024                border_router_process
                0x000000000002d034                webserver_nogui_process
 *fill*         0x000000000002d04c       0x14 
 .data          0x000000000002d060       0x44 obj_cooja/mtype283.o
                0x000000000002d060                simInterfaces
                0x000000000002d094                sensors
 .data          0x000000000002d0a4        0x0 obj_cooja/slip-bridge.o
 .data          0x000000000002d0a4       0x10 obj_cooja/httpd-simple.o
 .data          0x000000000002d0b4        0x0 obj_cooja/mtype283.a(simEnvChange.o)
 .data          0x000000000002d0b4        0x0 obj_cooja/mtype283.a(cooja_mt.o)
 .data          0x000000000002d0b4        0x0 obj_cooja/mtype283.a(cooja_mtarch.o)
 .data          0x000000000002d0b4        0x0 obj_cooja/mtype283.a(rtimer-arch.o)
 .data          0x000000000002d0b4       0x10 obj_cooja/mtype283.a(slip.o)
                0x000000000002d0b4                slip_process
 .data          0x000000000002d0c4        0x0 obj_cooja/mtype283.a(beep.o)
 .data          0x000000000002d0c4        0x0 obj_cooja/mtype283.a(button-sensor.o)
 .data          0x000000000002d0c4        0x0 obj_cooja/mtype283.a(leds-arch.o)
 .data          0x000000000002d0c4        0x0 obj_cooja/mtype283.a(moteid.o)
 .data          0x000000000002d0c4        0x0 obj_cooja/mtype283.a(pir-sensor.o)
 .data          0x000000000002d0c4        0x0 obj_cooja/mtype283.a(rs232.o)
 .data          0x000000000002d0c4        0x0 obj_cooja/mtype283.a(vib-sensor.o)
 .data          0x000000000002d0c4        0x0 obj_cooja/mtype283.a(clock.o)
 .data          0x000000000002d0c4        0x0 obj_cooja/mtype283.a(log.o)
 .data          0x000000000002d0c4        0x0 obj_cooja/mtype283.a(cfs-cooja.o)
 .data          0x000000000002d0c4       0x2c obj_cooja/mtype283.a(cooja-radio.o)
                0x000000000002d0c4                simRadioHWOn
                0x000000000002d0c8                simSignalStrength
                0x000000000002d0cc                simLastSignalStrength
                0x000000000002d0d0                simPower
                0x000000000002d0d4                simRadioChannel
                0x000000000002d0d8                simLQI
                0x000000000002d0e0                cooja_radio_process
 .data          0x000000000002d0f0        0x0 obj_cooja/mtype283.a(eeprom.o)
 .data          0x000000000002d0f0        0x0 obj_cooja/mtype283.a(slip-arch.o)
 .data          0x000000000002d0f0        0x0 obj_cooja/mtype283.a(random.o)
 .data          0x000000000002d0f0       0x10 obj_cooja/mtype283.a(sensors.o)
                0x000000000002d0f0                sensors_process
 .data          0x000000000002d100        0x0 obj_cooja/mtype283.a(autostart.o)
 .data          0x000000000002d100       0x14 obj_cooja/mtype283.a(ctimer.o)
                0x000000000002d104                ctimer_process
 .data          0x000000000002d114       0x10 obj_cooja/mtype283.a(etimer.o)
                0x000000000002d114                etimer_process
 .data          0x000000000002d124        0x0 obj_cooja/mtype283.a(process.o)
 .data          0x000000000002d124        0x0 obj_cooja/mtype283.a(rtimer.o)
 .data          0x000000000002d124        0x0 obj_cooja/mtype283.a(timer.o)
 .data          0x000000000002d124       0x10 obj_cooja/mtype283.a(serial-line.o)
                0x000000000002d124                serial_line_process
 .data          0x000000000002d134        0x0 obj_cooja/mtype283.a(list.o)
 .data          0x000000000002d134        0x0 obj_cooja/mtype283.a(memb.o)
 .data          0x000000000002d134        0x0 obj_cooja/mtype283.a(ringbuf.o)
 .data          0x000000000002d134        0x0 obj_cooja/mtype283.a(uip-ds6.o)
 .data          0x000000000002d134       0x44 obj_cooja/mtype283.a(uip-ds6-route.o)
                0x000000000002d144                nbr_routes
 .data          0x000000000002d178        0x0 obj_cooja/mtype283.a(uip6.o)
 .data          0x000000000002d178       0x14 obj_cooja/mtype283.a(uip-ds6-nbr.o)
                0x000000000002d188                ds6_neighbors
 .data          0x000000000002d18c        0xc obj_cooja/mtype283.a(uip-nd6.o)
 .data          0x000000000002d198        0x0 obj_cooja/mtype283.a(sicslowpan.o)
 .data          0x000000000002d198        0xc obj_cooja/mtype283.a(uip-packetqueue)
 .data          0x000000000002d1a4        0x0 obj_cooja/mtype283.a(psock.o)
 .data          0x000000000002d1a4       0x10 obj_cooja/mtype283.a(tcpip.o)
                0x000000000002d1a4                tcpip_process
 .data          0x000000000002d1b4        0x0 obj_cooja/mtype283.a(uip-debug.o)
 .data          0x000000000002d1b4        0x0 obj_cooja/mtype283.a(rpl-ext-header.)
 .data          0x000000000002d1b4        0x0 obj_cooja/mtype283.a(rpl.o)
 .data          0x000000000002d1b4       0x34 obj_cooja/mtype283.a(rpl-icmp6.o)
 .data          0x000000000002d1e8       0x14 obj_cooja/mtype283.a(rpl-dag.o)
                0x000000000002d1f8                rpl_parents
 .data          0x000000000002d1fc       0x18 obj_cooja/mtype283.a(queuebuf.o)
 .data          0x000000000002d214       0x10 obj_cooja/mtype283.a(nbr-table.o)
 .data          0x000000000002d224        0x4 obj_cooja/mtype283.a(packetbuf.o)
 .data          0x000000000002d228        0x0 obj_cooja/mtype283.a(netstack.o)
 .data          0x000000000002d228        0x0 obj_cooja/mtype283.a(linkaddr.o)
 .data          0x000000000002d228       0x14 obj_cooja/mtype283.a(link-stats.o)
 .data          0x000000000002d23c       0x28 obj_cooja/mtype283.a(csma.o)
 .data          0x000000000002d264        0x0 obj_cooja/mtype283.a(mac.o)
 .data          0x000000000002d264        0x0 obj_cooja/mtype283.a(framer-802154.o)
 .data          0x000000000002d264        0x0 obj_cooja/mtype283.a(nullrdc.o)
 .data          0x000000000002d264        0x0 obj_cooja/mtype283.a(nullsec.o)
 .data          0x000000000002d264        0x0 obj_cooja/mtype283.a(watchdog.o)
 .data          0x000000000002d264        0x0 obj_cooja/mtype283.a(rimestats.o)
 .data          0x000000000002d264        0x0 obj_cooja/mtype283.a(stimer.o)
 .data          0x000000000002d264       0x20 obj_cooja/mtype283.a(uip-icmp6.o)
 .data          0x000000000002d284        0x0 obj_cooja/mtype283.a(rpl-nbr-policy.)
 .data          0x000000000002d284        0x0 obj_cooja/mtype283.a(rpl-timers.o)
 *fill*         0x000000000002d284       0x1c 
 .data          0x000000000002d2a0       0x24 obj_cooja/mtype283.a(rpl-mrhof.o)
                0x000000000002d2a0                rpl_mrhof
 .data          0x000000000002d2c4        0x0 obj_cooja/mtype283.a(mac-sequence.o)
 .data          0x000000000002d2c4        0x2 obj_cooja/mtype283.a(frame802154.o)
 .data          0x000000000002d2c6        0x0 /usr/lib/gcc/i686-linux-gnu/5/crtendS.o
 .data          0x000000000002d2c6        0x0 /usr/lib/gcc/i686-linux-gnu/5/../../../i386-linux-gnu/crtn.o

.tm_clone_table
                0x000000000002d2c8        0x0
 .tm_clone_table
                0x000000000002d2c8        0x0 /usr/lib/gcc/i686-linux-gnu/5/crtbeginS.o
 .tm_clone_table
                0x000000000002d2c8        0x0 /usr/lib/gcc/i686-linux-gnu/5/crtendS.o

.data1
 *(.data1)
                0x000000000002d2c8                _edata = .
                [!provide]                        PROVIDE (edata, .)
                0x000000000002d2c8                . = .
                0x000000000002d2c8                __bss_start = .

.bss            0x000000000002d2e0    0x10ee8
 *(.dynbss)
 .dynbss        0x000000000002d2e0        0x0 /usr/lib/gcc/i686-linux-gnu/5/../../../i386-linux-gnu/crti.o
 *(.bss .bss.* .gnu.linkonce.b.*)
 .bss           0x000000000002d2e0        0x0 /usr/lib/gcc/i686-linux-gnu/5/../../../i386-linux-gnu/crti.o
 .bss           0x000000000002d2e0        0x1 /usr/lib/gcc/i686-linux-gnu/5/crtbeginS.o
 *fill*         0x000000000002d2e1       0x1f 
 .bss           0x000000000002d300      0x13c border-router.co
 *fill*         0x000000000002d43c        0x4 
 .bss           0x000000000002d440     0x2030 obj_cooja/mtype283.o
 .bss           0x000000000002f470       0x10 obj_cooja/slip-bridge.o
 .bss           0x000000000002f480      0x110 obj_cooja/httpd-simple.o
 .bss           0x000000000002f590        0x1 obj_cooja/mtype283.a(simEnvChange.o)
                0x000000000002f590                simDontFallAsleep
 *fill*         0x000000000002f591        0x3 
 .bss           0x000000000002f594        0x4 obj_cooja/mtype283.a(cooja_mt.o)
 .bss           0x000000000002f598        0x4 obj_cooja/mtype283.a(cooja_mtarch.o)
 .bss           0x000000000002f59c        0x0 obj_cooja/mtype283.a(rtimer-arch.o)
 *fill*         0x000000000002f59c        0x4 
 .bss           0x000000000002f5a0      0x678 obj_cooja/mtype283.a(slip.o)
 .bss           0x000000000002fc18        0x0 obj_cooja/mtype283.a(beep.o)
 .bss           0x000000000002fc18        0x8 obj_cooja/mtype283.a(button-sensor.o)
 .bss           0x000000000002fc20        0x0 obj_cooja/mtype283.a(leds-arch.o)
 .bss           0x000000000002fc20        0x0 obj_cooja/mtype283.a(moteid.o)
 .bss           0x000000000002fc20        0x1 obj_cooja/mtype283.a(pir-sensor.o)
                0x000000000002fc20                simPirValue
 *fill*         0x000000000002fc21        0x3 
 .bss           0x000000000002fc24        0x4 obj_cooja/mtype283.a(rs232.o)
 .bss           0x000000000002fc28        0x1 obj_cooja/mtype283.a(vib-sensor.o)
                0x000000000002fc28                simVibValue
 .bss           0x000000000002fc29        0x0 obj_cooja/mtype283.a(clock.o)
 *fill*         0x000000000002fc29       0x17 
 .bss           0x000000000002fc40      0x420 obj_cooja/mtype283.a(log.o)
 .bss           0x0000000000030060      0xfc0 obj_cooja/mtype283.a(cfs-cooja.o)
                0x0000000000030060                simCFSData
                0x0000000000031000                simCFSSize
                0x0000000000031004                simCFSChanged
                0x0000000000031008                simCFSRead
                0x000000000003100c                simCFSWritten
 .bss           0x0000000000031020       0x24 obj_cooja/mtype283.a(cooja-radio.o)
                0x0000000000031020                simReceiving
                0x0000000000031024                simInSize
                0x0000000000031028                simLastPacketTimestamp
                0x0000000000031030                simOutSize
 .bss           0x0000000000031044        0xc obj_cooja/mtype283.a(eeprom.o)
                0x0000000000031044                simEEPROMChanged
                0x0000000000031048                simEEPROMRead
                0x000000000003104c                simEEPROMWritten
 .bss           0x0000000000031050        0x0 obj_cooja/mtype283.a(slip-arch.o)
 .bss           0x0000000000031050        0x0 obj_cooja/mtype283.a(random.o)
 .bss           0x0000000000031050        0xc obj_cooja/mtype283.a(sensors.o)
 .bss           0x000000000003105c        0x0 obj_cooja/mtype283.a(autostart.o)
 .bss           0x000000000003105c        0x5 obj_cooja/mtype283.a(ctimer.o)
 *fill*         0x0000000000031061        0x3 
 .bss           0x0000000000031064        0x8 obj_cooja/mtype283.a(etimer.o)
 *fill*         0x000000000003106c       0x14 
 .bss           0x0000000000031080      0x1a1 obj_cooja/mtype283.a(process.o)
                0x0000000000031080                process_list
                0x0000000000031084                process_current
 *fill*         0x0000000000031221        0x3 
 .bss           0x0000000000031224        0x4 obj_cooja/mtype283.a(rtimer.o)
 .bss           0x0000000000031228        0x0 obj_cooja/mtype283.a(timer.o)
 *fill*         0x0000000000031228       0x18 
 .bss           0x0000000000031240      0x140 obj_cooja/mtype283.a(serial-line.o)
 .bss           0x0000000000031380        0x0 obj_cooja/mtype283.a(list.o)
 .bss           0x0000000000031380        0x0 obj_cooja/mtype283.a(memb.o)
 .bss           0x0000000000031380        0x0 obj_cooja/mtype283.a(ringbuf.o)
 .bss           0x0000000000031380       0x20 obj_cooja/mtype283.a(uip-ds6.o)
 .bss           0x00000000000313a0     0x44a4 obj_cooja/mtype283.a(uip-ds6-route.o)
 .bss           0x0000000000035844        0xc obj_cooja/mtype283.a(uip6.o)
                0x0000000000035844                uip_ext_bitmap
                0x0000000000035845                uip_ext_len
                0x0000000000035846                uip_ext_opt_offset
 *fill*         0x0000000000035850       0x10 
 .bss           0x0000000000035860     0x1c20 obj_cooja/mtype283.a(uip-ds6-nbr.o)
 .bss           0x0000000000037480       0x10 obj_cooja/mtype283.a(uip-nd6.o)
 *fill*         0x0000000000037490       0x10 
 .bss           0x00000000000374a0      0x70c obj_cooja/mtype283.a(sicslowpan.o)
 *fill*         0x0000000000037bac       0x14 
 .bss           0x0000000000037bc0      0xcf8 obj_cooja/mtype283.a(uip-packetqueue)
 .bss           0x00000000000388b8        0x0 obj_cooja/mtype283.a(psock.o)
 *fill*         0x00000000000388b8        0x8 
 .bss           0x00000000000388c0       0x6a obj_cooja/mtype283.a(tcpip.o)
 .bss           0x000000000003892a        0x0 obj_cooja/mtype283.a(uip-debug.o)
 .bss           0x000000000003892a        0x0 obj_cooja/mtype283.a(rpl-ext-header.)
 *fill*         0x000000000003892a        0x2 
 .bss           0x000000000003892c        0x4 obj_cooja/mtype283.a(rpl.o)
 .bss           0x0000000000038930        0x0 obj_cooja/mtype283.a(rpl-icmp6.o)
 *fill*         0x0000000000038930       0x10 
 .bss           0x0000000000038940      0x960 obj_cooja/mtype283.a(rpl-dag.o)
 .bss           0x00000000000392a0      0xb80 obj_cooja/mtype283.a(queuebuf.o)
 .bss           0x0000000000039e20     0x1214 obj_cooja/mtype283.a(nbr-table.o)
 *fill*         0x000000000003b034        0xc 
 .bss           0x000000000003b040       0xa0 obj_cooja/mtype283.a(packetbuf.o)
 .bss           0x000000000003b0e0        0x0 obj_cooja/mtype283.a(netstack.o)
 .bss           0x000000000003b0e0        0x0 obj_cooja/mtype283.a(linkaddr.o)
 .bss           0x000000000003b0e0      0xe10 obj_cooja/mtype283.a(link-stats.o)
 *fill*         0x000000000003bef0       0x10 
 .bss           0x000000000003bf00      0x248 obj_cooja/mtype283.a(csma.o)
 .bss           0x000000000003c148        0x0 obj_cooja/mtype283.a(mac.o)
 .bss           0x000000000003c148        0x2 obj_cooja/mtype283.a(framer-802154.o)
 .bss           0x000000000003c14a        0x0 obj_cooja/mtype283.a(nullrdc.o)
 .bss           0x000000000003c14a        0x0 obj_cooja/mtype283.a(nullsec.o)
 .bss           0x000000000003c14a        0x0 obj_cooja/mtype283.a(watchdog.o)
 .bss           0x000000000003c14a        0x0 obj_cooja/mtype283.a(rimestats.o)
 .bss           0x000000000003c14a        0x0 obj_cooja/mtype283.a(stimer.o)
 *fill*         0x000000000003c14a        0x2 
 .bss           0x000000000003c14c       0x18 obj_cooja/mtype283.a(uip-icmp6.o)
 *fill*         0x000000000003c164       0x1c 
 .bss           0x000000000003c180       0x44 obj_cooja/mtype283.a(rpl-nbr-policy.)
 *fill*         0x000000000003c1c4       0x1c 
 .bss           0x000000000003c1e0       0x23 obj_cooja/mtype283.a(rpl-timers.o)
 .bss           0x000000000003c203        0x0 obj_cooja/mtype283.a(rpl-mrhof.o)
 *fill*         0x000000000003c203       0x1d 
 .bss           0x000000000003c220      0x100 obj_cooja/mtype283.a(mac-sequence.o)
 .bss           0x000000000003c320        0x0 obj_cooja/mtype283.a(frame802154.o)
 .bss           0x000000000003c320        0x0 /usr/lib/gcc/i686-linux-gnu/5/crtendS.o
 .bss           0x000000000003c320        0x0 /usr/lib/gcc/i686-linux-gnu/5/../../../i386-linux-gnu/crtn.o
 *(COMMON)
 COMMON         0x000000000003c320        0x8 obj_cooja/mtype283.o
                0x000000000003c320                referenceVar
                0x000000000003c324                sensors_flags
 COMMON         0x000000000003c328        0xc obj_cooja/mtype283.a(simEnvChange.o)
                0x000000000003c328                simEtimerPending
                0x000000000003c32c                simProcessRunValue
                0x000000000003c330                simEtimerNextExpirationTime
 *fill*         0x000000000003c334        0x4 
 COMMON         0x000000000003c338       0x18 obj_cooja/mtype283.a(rtimer-arch.o)
                0x000000000003c338                simRtimerPending
                0x000000000003c340                simRtimerCurrentTicks
                0x000000000003c348                simRtimerNextExpirationTime
 COMMON         0x000000000003c350        0x1 obj_cooja/mtype283.a(slip.o)
                0x000000000003c350                slip_active
 COMMON         0x000000000003c351        0x1 obj_cooja/mtype283.a(beep.o)
                0x000000000003c351                simBeeped
 COMMON         0x000000000003c352        0x3 obj_cooja/mtype283.a(button-sensor.o)
                0x000000000003c352                simButtonIsActive
                0x000000000003c353                simButtonIsDown
                0x000000000003c354                simButtonChanged
 COMMON         0x000000000003c355        0x1 obj_cooja/mtype283.a(leds-arch.o)
                0x000000000003c355                simLedsValue
 *fill*         0x000000000003c356        0x2 
 COMMON         0x000000000003c358        0xc obj_cooja/mtype283.a(moteid.o)
                0x000000000003c358                simRandomSeed
                0x000000000003c35c                simMoteIDChanged
                0x000000000003c360                simMoteID
 COMMON         0x000000000003c364        0x2 obj_cooja/mtype283.a(pir-sensor.o)
                0x000000000003c364                simPirIsActive
                0x000000000003c365                simPirChanged
 *fill*         0x000000000003c366       0x1a 
 COMMON         0x000000000003c380      0x820 obj_cooja/mtype283.a(rs232.o)
                0x000000000003c380                simSerialReceivingFlag
                0x000000000003c384                simSerialReceivingLength
                0x000000000003c3a0                simSerialReceivingData
 COMMON         0x000000000003cba0        0x2 obj_cooja/mtype283.a(vib-sensor.o)
                0x000000000003cba0                simVibChanged
                0x000000000003cba1                simVibIsActive
 *fill*         0x000000000003cba2        0x2 
 COMMON         0x000000000003cba4        0x4 obj_cooja/mtype283.a(clock.o)
                0x000000000003cba4                simCurrentTime
 *fill*         0x000000000003cba8       0x18 
 COMMON         0x000000000003cbc0      0x420 obj_cooja/mtype283.a(log.o)
                0x000000000003cbc0                simLoggedLength
                0x000000000003cbc4                simLoggedFlag
                0x000000000003cbe0                simLoggedData
 COMMON         0x000000000003cfe0      0x100 obj_cooja/mtype283.a(cooja-radio.o)
                0x000000000003cfe0                simOutDataBuffer
                0x000000000003d060                simInDataBuffer
 COMMON         0x000000000003d0e0      0x400 obj_cooja/mtype283.a(eeprom.o)
                0x000000000003d0e0                simEEPROMData
 COMMON         0x000000000003d4e0        0x1 obj_cooja/mtype283.a(sensors.o)
                0x000000000003d4e0                sensors_event
 COMMON         0x000000000003d4e1        0x1 obj_cooja/mtype283.a(serial-line.o)
                0x000000000003d4e1                serial_line_event_message
 *fill*         0x000000000003d4e2       0x1e 
 COMMON         0x000000000003d500      0x181 obj_cooja/mtype283.a(uip-ds6.o)
                0x000000000003d500                uip_ds6_prefix_list
                0x000000000003d560                uip_ds6_timer_periodic
                0x000000000003d570                uip_ds6_netif_addr_list_offset
                0x000000000003d580                uip_ds6_if
                0x000000000003d678                uip_ds6_timer_ra
                0x000000000003d680                uip_ds6_addr_size
 *fill*         0x000000000003d681       0x1f 
 COMMON         0x000000000003d6a0      0x8ec obj_cooja/mtype283.a(uip6.o)
                0x000000000003d6a0                uip_slen
                0x000000000003d6a4                uip_acc32
                0x000000000003d6c0                uip_conns
                0x000000000003d780                uip_lladdr
                0x000000000003d788                uip_appdata
                0x000000000003d78c                uip_flags
                0x000000000003d7a0                uip_aligned_buf
                0x000000000003dde0                uip_listenports
                0x000000000003ddf0                uip_len
                0x000000000003ddf4                uip_sappdata
                0x000000000003de00                uip_udp_conns
                0x000000000003df80                uip_udp_conn
                0x000000000003df84                uip_next_hdr
                0x000000000003df88                uip_conn
 COMMON         0x000000000003df8c        0x1 obj_cooja/mtype283.a(tcpip.o)
                0x000000000003df8c                tcpip_event
 *fill*         0x000000000003df8d       0x13 
 COMMON         0x000000000003dfa0      0x174 obj_cooja/mtype283.a(rpl-dag.o)
                0x000000000003dfa0                default_instance
                0x000000000003dfc0                instance_table
 COMMON         0x000000000003e114       0x30 obj_cooja/mtype283.a(packetbuf.o)
                0x000000000003e114                packetbuf_attrs
                0x000000000003e134                packetbuf_addrs
 COMMON         0x000000000003e144        0x8 obj_cooja/mtype283.a(linkaddr.o)
                0x000000000003e144                linkaddr_node_addr
 *fill*         0x000000000003e14c       0x14 
 COMMON         0x000000000003e160       0x20 obj_cooja/mtype283.a(link-stats.o)
                0x000000000003e160                periodic_timer
 COMMON         0x000000000003e180       0x48 obj_cooja/mtype283.a(rimestats.o)
                0x000000000003e180                rimestats
                0x000000000003e1c8                . = ALIGN ((. != 0x0)?0x4:0x1)
                0x000000000003e1c8                . = ALIGN (0x4)
                0x000000000003e1c8                . = SEGMENT_START ("ldata-segment", .)
                0x000000000003e1c8                . = ALIGN (0x4)
                0x000000000003e1c8                _end = .
                [!provide]                        PROVIDE (end, .)
                0x000000000003e1c8                . = DATA_SEGMENT_END (.)

.stab
 *(.stab)

.stabstr
 *(.stabstr)

.stab.excl
 *(.stab.excl)

.stab.exclstr
 *(.stab.exclstr)

.stab.index
 *(.stab.index)

.stab.indexstr
 *(.stab.indexstr)

.comment        0x0000000000000000       0x35
 *(.comment)
 .comment       0x0000000000000000       0x35 /usr/lib/gcc/i686-linux-gnu/5/crtbeginS.o
                                         0x36 (size before relaxing)
 .comment       0x0000000000000035       0x36 border-router.co
 .comment       0x0000000000000035       0x36 obj_cooja/mtype283.o
 .comment       0x0000000000000035       0x36 obj_cooja/slip-bridge.o
 .comment       0x0000000000000035       0x36 obj_cooja/httpd-simple.o
 .comment       0x0000000000000035       0x36 obj_cooja/mtype283.a(simEnvChange.o)
 .comment       0x0000000000000035       0x36 obj_cooja/mtype283.a(cooja_mt.o)
 .comment       0x0000000000000035       0x36 obj_cooja/mtype283.a(cooja_mtarch.o)
 .comment       0x0000000000000035       0x36 obj_cooja/mtype283.a(rtimer-arch.o)
 .comment       0x0000000000000035       0x36 obj_cooja/mtype283.a(slip.o)
 .comment       0x0000000000000035       0x36 obj_cooja/mtype283.a(beep.o)
 .comment       0x0000000000000035       0x36 obj_cooja/mtype283.a(button-sensor.o)
 .comment       0x0000000000000035       0x36 obj_cooja/mtype283.a(leds-arch.o)
 .comment       0x0000000000000035       0x36 obj_cooja/mtype283.a(moteid.o)
 .comment       0x0000000000000035       0x36 obj_cooja/mtype283.a(pir-sensor.o)
 .comment       0x0000000000000035       0x36 obj_cooja/mtype283.a(rs232.o)
 .comment       0x0000000000000035       0x36 obj_cooja/mtype283.a(vib-sensor.o)
 .comment       0x0000000000000035       0x36 obj_cooja/mtype283.a(clock.o)
 .comment       0x0000000000000035       0x36 obj_cooja/mtype283.a(log.o)
 .comment       0x0000000000000035       0x36 obj_cooja/mtype283.a(cfs-cooja.o)
 .comment       0x0000000000000035       0x36 obj_cooja/mtype283.a(cooja-radio.o)
 .comment       0x0000000000000035       0x36 obj_cooja/mtype283.a(eeprom.o)
 .comment       0x0000000000000035       0x36 obj_cooja/mtype283.a(slip-arch.o)
 .comment       0x0000000000000035       0x36 obj_cooja/mtype283.a(random.o)
 .comment       0x0000000000000035       0x36 obj_cooja/mtype283.a(sensors.o)
 .comment       0x0000000000000035       0x36 obj_cooja/mtype283.a(autostart.o)
 .comment       0x0000000000000035       0x36 obj_cooja/mtype283.a(ctimer.o)
 .comment       0x0000000000000035       0x36 obj_cooja/mtype283.a(etimer.o)
 .comment       0x0000000000000035       0x36 obj_cooja/mtype283.a(process.o)
 .comment       0x0000000000000035       0x36 obj_cooja/mtype283.a(rtimer.o)
 .comment       0x0000000000000035       0x36 obj_cooja/mtype283.a(timer.o)
 .comment       0x0000000000000035       0x36 obj_cooja/mtype283.a(serial-line.o)
 .comment       0x0000000000000035       0x36 obj_cooja/mtype283.a(list.o)
 .comment       0x0000000000000035       0x36 obj_cooja/mtype283.a(memb.o)
 .comment       0x0000000000000035       0x36 obj_cooja/mtype283.a(ringbuf.o)
 .comment       0x0000000000000035       0x36 obj_cooja/mtype283.a(uip-ds6.o)
 .comment       0x0000000000000035       0x36 obj_cooja/mtype283.a(uip-ds6-route.o)
 .comment       0x0000000000000035       0x36 obj_cooja/mtype283.a(uip6.o)
 .comment       0x0000000000000035       0x36 obj_cooja/mtype283.a(uip-ds6-nbr.o)
 .comment       0x0000000000000035       0x36 obj_cooja/mtype283.a(uip-nd6.o)
 .comment       0x0000000000000035       0x36 obj_cooja/mtype283.a(sicslowpan.o)
 .comment       0x0000000000000035       0x36 obj_cooja/mtype283.a(uip-packetqueue)
 .comment       0x0000000000000035       0x36 obj_cooja/mtype283.a(psock.o)
 .comment       0x0000000000000035       0x36 obj_cooja/mtype283.a(tcpip.o)
 .comment       0x0000000000000035       0x36 obj_cooja/mtype283.a(uip-debug.o)
 .comment       0x0000000000000035       0x36 obj_cooja/mtype283.a(rpl-ext-header.)
 .comment       0x0000000000000035       0x36 obj_cooja/mtype283.a(rpl.o)
 .comment       0x0000000000000035       0x36 obj_cooja/mtype283.a(rpl-icmp6.o)
 .comment       0x0000000000000035       0x36 obj_cooja/mtype283.a(rpl-dag.o)
 .comment       0x0000000000000035       0x36 obj_cooja/mtype283.a(queuebuf.o)
 .comment       0x0000000000000035       0x36 obj_cooja/mtype283.a(nbr-table.o)
 .comment       0x0000000000000035       0x36 obj_cooja/mtype283.a(packetbuf.o)
 .comment       0x0000000000000035       0x36 obj_cooja/mtype283.a(netstack.o)
 .comment       0x0000000000000035       0x36 obj_cooja/mtype283.a(linkaddr.o)
 .comment       0x0000000000000035       0x36 obj_cooja/mtype283.a(link-stats.o)
 .comment       0x0000000000000035       0x36 obj_cooja/mtype283.a(csma.o)
 .comment       0x0000000000000035       0x36 obj_cooja/mtype283.a(mac.o)
 .comment       0x0000000000000035       0x36 obj_cooja/mtype283.a(framer-802154.o)
 .comment       0x0000000000000035       0x36 obj_cooja/mtype283.a(nullrdc.o)
 .comment       0x0000000000000035       0x36 obj_cooja/mtype283.a(nullsec.o)
 .comment       0x0000000000000035       0x36 obj_cooja/mtype283.a(watchdog.o)
 .comment       0x0000000000000035       0x36 obj_cooja/mtype283.a(rimestats.o)
 .comment       0x0000000000000035       0x36 obj_cooja/mtype283.a(stimer.o)
 .comment       0x0000000000000035       0x36 obj_cooja/mtype283.a(uip-icmp6.o)
 .comment       0x0000000000000035       0x36 obj_cooja/mtype283.a(rpl-nbr-policy.)
 .comment       0x0000000000000035       0x36 obj_cooja/mtype283.a(rpl-timers.o)
 .comment       0x0000000000000035       0x36 obj_cooja/mtype283.a(rpl-mrhof.o)
 .comment       0x0000000000000035       0x36 obj_cooja/mtype283.a(mac-sequence.o)
 .comment       0x0000000000000035       0x36 obj_cooja/mtype283.a(frame802154.o)
 .comment       0x0000000000000035       0x36 /usr/lib/gcc/i686-linux-gnu/5/crtendS.o

.debug
 *(.debug)

.line
 *(.line)

.debug_srcinfo
 *(.debug_srcinfo)

.debug_sfnames
 *(.debug_sfnames)

.debug_aranges  0x0000000000000000      0x878
 *(.debug_aranges)
 .debug_aranges
                0x0000000000000000       0x20 border-router.co
 .debug_aranges
                0x0000000000000020       0x20 obj_cooja/mtype283.o
 .debug_aranges
                0x0000000000000040       0x20 obj_cooja/slip-bridge.o
 .debug_aranges
                0x0000000000000060       0x20 obj_cooja/httpd-simple.o
 .debug_aranges
                0x0000000000000080       0x20 obj_cooja/mtype283.a(simEnvChange.o)
 .debug_aranges
                0x00000000000000a0       0x20 obj_cooja/mtype283.a(cooja_mt.o)
 .debug_aranges
                0x00000000000000c0       0x20 obj_cooja/mtype283.a(cooja_mtarch.o)
 .debug_aranges
                0x00000000000000e0       0x20 obj_cooja/mtype283.a(rtimer-arch.o)
 .debug_aranges
                0x0000000000000100       0x20 obj_cooja/mtype283.a(slip.o)
 .debug_aranges
                0x0000000000000120       0x20 obj_cooja/mtype283.a(beep.o)
 .debug_aranges
                0x0000000000000140       0x20 obj_cooja/mtype283.a(button-sensor.o)
 .debug_aranges
                0x0000000000000160       0x20 obj_cooja/mtype283.a(leds-arch.o)
 .debug_aranges
                0x0000000000000180       0x20 obj_cooja/mtype283.a(moteid.o)
 .debug_aranges
                0x00000000000001a0       0x20 obj_cooja/mtype283.a(pir-sensor.o)
 .debug_aranges
                0x00000000000001c0       0x20 obj_cooja/mtype283.a(rs232.o)
 .debug_aranges
                0x00000000000001e0       0x20 obj_cooja/mtype283.a(vib-sensor.o)
 .debug_aranges
                0x0000000000000200       0x20 obj_cooja/mtype283.a(clock.o)
 .debug_aranges
                0x0000000000000220       0x20 obj_cooja/mtype283.a(log.o)
 .debug_aranges
                0x0000000000000240       0x20 obj_cooja/mtype283.a(cfs-cooja.o)
 .debug_aranges
                0x0000000000000260       0x20 obj_cooja/mtype283.a(cooja-radio.o)
 .debug_aranges
                0x0000000000000280       0x20 obj_cooja/mtype283.a(eeprom.o)
 .debug_aranges
                0x00000000000002a0       0x20 obj_cooja/mtype283.a(slip-arch.o)
 .debug_aranges
                0x00000000000002c0       0x20 obj_cooja/mtype283.a(random.o)
 .debug_aranges
                0x00000000000002e0       0x20 obj_cooja/mtype283.a(sensors.o)
 .debug_aranges
                0x0000000000000300       0x20 obj_cooja/mtype283.a(autostart.o)
 .debug_aranges
                0x0000000000000320       0x20 obj_cooja/mtype283.a(ctimer.o)
 .debug_aranges
                0x0000000000000340       0x20 obj_cooja/mtype283.a(etimer.o)
 .debug_aranges
                0x0000000000000360       0x20 obj_cooja/mtype283.a(process.o)
 .debug_aranges
                0x0000000000000380       0x20 obj_cooja/mtype283.a(rtimer.o)
 .debug_aranges
                0x00000000000003a0       0x20 obj_cooja/mtype283.a(timer.o)
 .debug_aranges
                0x00000000000003c0       0x20 obj_cooja/mtype283.a(serial-line.o)
 .debug_aranges
                0x00000000000003e0       0x20 obj_cooja/mtype283.a(list.o)
 .debug_aranges
                0x0000000000000400       0x20 obj_cooja/mtype283.a(memb.o)
 .debug_aranges
                0x0000000000000420       0x20 obj_cooja/mtype283.a(ringbuf.o)
 .debug_aranges
                0x0000000000000440       0x20 obj_cooja/mtype283.a(uip-ds6.o)
 .debug_aranges
                0x0000000000000460       0x20 obj_cooja/mtype283.a(uip-ds6-route.o)
 .debug_aranges
                0x0000000000000480       0x20 obj_cooja/mtype283.a(uip6.o)
 .debug_aranges
                0x00000000000004a0       0x20 obj_cooja/mtype283.a(uip-ds6-nbr.o)
 .debug_aranges
                0x00000000000004c0       0x20 obj_cooja/mtype283.a(uip-nd6.o)
 .debug_aranges
                0x00000000000004e0       0x20 obj_cooja/mtype283.a(sicslowpan.o)
 .debug_aranges
                0x0000000000000500       0x20 obj_cooja/mtype283.a(uip-packetqueue)
 .debug_aranges
                0x0000000000000520       0x20 obj_cooja/mtype283.a(psock.o)
 .debug_aranges
                0x0000000000000540       0x20 obj_cooja/mtype283.a(tcpip.o)
 .debug_aranges
                0x0000000000000560       0x20 obj_cooja/mtype283.a(uip-debug.o)
 .debug_aranges
                0x0000000000000580       0x20 obj_cooja/mtype283.a(rpl-ext-header.)
 .debug_aranges
                0x00000000000005a0       0x20 obj_cooja/mtype283.a(rpl.o)
 .debug_aranges
                0x00000000000005c0       0x20 obj_cooja/mtype283.a(rpl-icmp6.o)
 .debug_aranges
                0x00000000000005e0       0x20 obj_cooja/mtype283.a(rpl-dag.o)
 .debug_aranges
                0x0000000000000600       0x20 obj_cooja/mtype283.a(queuebuf.o)
 .debug_aranges
                0x0000000000000620       0x20 obj_cooja/mtype283.a(nbr-table.o)
 .debug_aranges
                0x0000000000000640       0x20 obj_cooja/mtype283.a(packetbuf.o)
 .debug_aranges
                0x0000000000000660       0x20 obj_cooja/mtype283.a(netstack.o)
 .debug_aranges
                0x0000000000000680       0x20 obj_cooja/mtype283.a(linkaddr.o)
 .debug_aranges
                0x00000000000006a0       0x20 obj_cooja/mtype283.a(link-stats.o)
 .debug_aranges
                0x00000000000006c0       0x20 obj_cooja/mtype283.a(csma.o)
 .debug_aranges
                0x00000000000006e0       0x20 obj_cooja/mtype283.a(mac.o)
 .debug_aranges
                0x0000000000000700       0x20 obj_cooja/mtype283.a(framer-802154.o)
 .debug_aranges
                0x0000000000000720       0x20 obj_cooja/mtype283.a(nullrdc.o)
 .debug_aranges
                0x0000000000000740       0x20 obj_cooja/mtype283.a(nullsec.o)
 .debug_aranges
                0x0000000000000760       0x20 obj_cooja/mtype283.a(watchdog.o)
 .debug_aranges
                0x0000000000000780       0x18 obj_cooja/mtype283.a(rimestats.o)
 .debug_aranges
                0x0000000000000798       0x20 obj_cooja/mtype283.a(stimer.o)
 .debug_aranges
                0x00000000000007b8       0x20 obj_cooja/mtype283.a(uip-icmp6.o)
 .debug_aranges
                0x00000000000007d8       0x20 obj_cooja/mtype283.a(rpl-nbr-policy.)
 .debug_aranges
                0x00000000000007f8       0x20 obj_cooja/mtype283.a(rpl-timers.o)
 .debug_aranges
                0x0000000000000818       0x20 obj_cooja/mtype283.a(rpl-mrhof.o)
 .debug_aranges
                0x0000000000000838       0x20 obj_cooja/mtype283.a(mac-sequence.o)
 .debug_aranges
                0x0000000000000858       0x20 obj_cooja/mtype283.a(frame802154.o)

.debug_pubnames
 *(.debug_pubnames)

.debug_info     0x0000000000000000    0x1d9de
 *(.debug_info .gnu.linkonce.wi.*)
 .debug_info    0x0000000000000000     0x12b4 border-router.co
 .debug_info    0x00000000000012b4     0x36e3 obj_cooja/mtype283.o
 .debug_info    0x0000000000004997      0x3f8 obj_cooja/slip-bridge.o
 .debug_info    0x0000000000004d8f      0x7e7 obj_cooja/httpd-simple.o
 .debug_info    0x0000000000005576      0x15a obj_cooja/mtype283.a(simEnvChange.o)
 .debug_info    0x00000000000056d0      0x1e2 obj_cooja/mtype283.a(cooja_mt.o)
 .debug_info    0x00000000000058b2      0x2ee obj_cooja/mtype283.a(cooja_mtarch.o)
 .debug_info    0x0000000000005ba0      0x181 obj_cooja/mtype283.a(rtimer-arch.o)
 .debug_info    0x0000000000005d21      0x4d6 obj_cooja/mtype283.a(slip.o)
 .debug_info    0x00000000000061f7      0x1f3 obj_cooja/mtype283.a(beep.o)
 .debug_info    0x00000000000063ea      0x257 obj_cooja/mtype283.a(button-sensor.o)
 .debug_info    0x0000000000006641      0x132 obj_cooja/mtype283.a(leds-arch.o)
 .debug_info    0x0000000000006773      0x10a obj_cooja/mtype283.a(moteid.o)
 .debug_info    0x000000000000687d      0x216 obj_cooja/mtype283.a(pir-sensor.o)
 .debug_info    0x0000000000006a93      0x21e obj_cooja/mtype283.a(rs232.o)
 .debug_info    0x0000000000006cb1      0x216 obj_cooja/mtype283.a(vib-sensor.o)
 .debug_info    0x0000000000006ec7      0x152 obj_cooja/mtype283.a(clock.o)
 .debug_info    0x0000000000007019      0x2bb obj_cooja/mtype283.a(log.o)
 .debug_info    0x00000000000072d4      0x3cf obj_cooja/mtype283.a(cfs-cooja.o)
 .debug_info    0x00000000000076a3      0xd32 obj_cooja/mtype283.a(cooja-radio.o)
 .debug_info    0x00000000000083d5      0x1d5 obj_cooja/mtype283.a(eeprom.o)
 .debug_info    0x00000000000085aa       0x93 obj_cooja/mtype283.a(slip-arch.o)
 .debug_info    0x000000000000863d       0xb3 obj_cooja/mtype283.a(random.o)
 .debug_info    0x00000000000086f0      0x36d obj_cooja/mtype283.a(sensors.o)
 .debug_info    0x0000000000008a5d      0x1a5 obj_cooja/mtype283.a(autostart.o)
 .debug_info    0x0000000000008c02      0x46c obj_cooja/mtype283.a(ctimer.o)