Archive member included to satisfy reference by file (symbol)

obj_cooja/mtype856.a(mqtt.o)  mqtt-demo.co (mqtt_disconnect)
obj_cooja/mtype856.a(simEnvChange.o)
                              obj_cooja/mtype856.o (simDontFallAsleep)
obj_cooja/mtype856.a(cooja_mt.o)
                              obj_cooja/mtype856.o (cooja_mt_start)
obj_cooja/mtype856.a(cooja_mtarch.o)
                              obj_cooja/mtype856.a(cooja_mt.o) (cooja_mtarch_init)
obj_cooja/mtype856.a(rtimer-arch.o)
                              obj_cooja/mtype856.o (rtimer_arch_check)
obj_cooja/mtype856.a(beep.o)  obj_cooja/mtype856.o (beep_interface)
obj_cooja/mtype856.a(button-sensor.o)
                              obj_cooja/mtype856.o (button_interface)
obj_cooja/mtype856.a(leds-arch.o)
                              obj_cooja/mtype856.o (leds_interface)
obj_cooja/mtype856.a(moteid.o)
                              obj_cooja/mtype856.o (moteid_interface)
obj_cooja/mtype856.a(pir-sensor.o)
                              obj_cooja/mtype856.o (pir_interface)
obj_cooja/mtype856.a(rs232.o)
                              obj_cooja/mtype856.o (rs232_interface)
obj_cooja/mtype856.a(vib-sensor.o)
                              obj_cooja/mtype856.o (vib_interface)
obj_cooja/mtype856.a(clock.o)
                              obj_cooja/mtype856.o (clock_interface)
obj_cooja/mtype856.a(log.o)   obj_cooja/mtype856.o (simlog_interface)
obj_cooja/mtype856.a(cfs-cooja.o)
                              obj_cooja/mtype856.o (cfs_interface)
obj_cooja/mtype856.a(cooja-radio.o)
                              obj_cooja/mtype856.o (radio_interface)
obj_cooja/mtype856.a(eeprom.o)
                              obj_cooja/mtype856.o (eeprom_interface)
obj_cooja/mtype856.a(random.o)
                              obj_cooja/mtype856.a(moteid.o) (random_init)
obj_cooja/mtype856.a(sensors.o)
                              obj_cooja/mtype856.o (sensors_process)
obj_cooja/mtype856.a(leds.o)  mqtt-demo.co (leds_on)
obj_cooja/mtype856.a(autostart.o)
                              obj_cooja/mtype856.o (autostart_start)
obj_cooja/mtype856.a(ctimer.o)
                              obj_cooja/mtype856.o (ctimer_init)
obj_cooja/mtype856.a(etimer.o)
                              obj_cooja/mtype856.o (etimer_process)
obj_cooja/mtype856.a(process.o)
                              obj_cooja/mtype856.a(mqtt.o) (process_current)
obj_cooja/mtype856.a(rtimer.o)
                              obj_cooja/mtype856.a(rtimer-arch.o) (rtimer_run_next)
obj_cooja/mtype856.a(timer.o)
                              mqtt-demo.co (timer_set)
obj_cooja/mtype856.a(serial-line.o)
                              obj_cooja/mtype856.a(rs232.o) (serial_line_input_byte)
obj_cooja/mtype856.a(list.o)  obj_cooja/mtype856.a(mqtt.o) (list_init)
obj_cooja/mtype856.a(ringbuf.o)
                              obj_cooja/mtype856.a(serial-line.o) (ringbuf_init)
obj_cooja/mtype856.a(uip-ds6.o)
                              obj_cooja/mtype856.o (uip_ds6_set_addr_iid)
obj_cooja/mtype856.a(uip-ds6-route.o)
                              obj_cooja/mtype856.a(uip-ds6.o) (uip_ds6_route_init)
obj_cooja/mtype856.a(uip6.o)  obj_cooja/mtype856.o (uip_lladdr)
obj_cooja/mtype856.a(uip-ds6-nbr.o)
                              obj_cooja/mtype856.a(uip-ds6.o) (uip_ds6_neighbors_init)
obj_cooja/mtype856.a(uip-nd6.o)
                              obj_cooja/mtype856.a(uip6.o) (uip_nd6_init)
obj_cooja/mtype856.a(sicslowpan.o)
                              obj_cooja/mtype856.o (sicslowpan_driver)
obj_cooja/mtype856.a(uip-packetqueue)
                              obj_cooja/mtype856.a(uip-ds6-nbr.o) (uip_packetqueue_new)
obj_cooja/mtype856.a(tcp-socket.o)
                              obj_cooja/mtype856.a(mqtt.o) (tcp_socket_register)
obj_cooja/mtype856.a(tcpip.o)
                              obj_cooja/mtype856.a(tcp-socket.o) (tcpip_event)
obj_cooja/mtype856.a(uiplib.o)
                              obj_cooja/mtype856.a(mqtt.o) (uiplib_ip6addrconv)
obj_cooja/mtype856.a(uip-debug.o)
                              obj_cooja/mtype856.a(uip-ds6-route.o) (uip_debug_ipaddr_print)
obj_cooja/mtype856.a(rpl-ext-header.)
                              obj_cooja/mtype856.a(uip6.o) (rpl_verify_hbh_header)
obj_cooja/mtype856.a(rpl.o)   obj_cooja/mtype856.a(uip-ds6-nbr.o) (rpl_link_neighbor_callback)
obj_cooja/mtype856.a(rpl-icmp6.o)
                              obj_cooja/mtype856.a(rpl.o) (dao_output)
obj_cooja/mtype856.a(rpl-dag.o)
                              obj_cooja/mtype856.a(rpl-ext-header.) (rpl_parents)
obj_cooja/mtype856.a(queuebuf.o)
                              obj_cooja/mtype856.o (queuebuf_init)
obj_cooja/mtype856.a(nbr-table.o)
                              obj_cooja/mtype856.a(uip-ds6-route.o) (nbr_table_register)
obj_cooja/mtype856.a(packetbuf.o)
                              obj_cooja/mtype856.a(cooja-radio.o) (packetbuf_attrs)
obj_cooja/mtype856.a(netstack.o)
                              obj_cooja/mtype856.o (netstack_init)
[...]
Memory Configuration

Name             Origin             Length             Attributes
*default*        0x0000000000000000 0xffffffffffffffff

Linker script and memory map

LOAD /usr/lib/gcc/i686-linux-gnu/5/../../../i386-linux-gnu/crti.o
LOAD /usr/lib/gcc/i686-linux-gnu/5/crtbeginS.o
LOAD mqtt-demo.co
LOAD obj_cooja/mtype856.o
LOAD obj_cooja/mtype856.a
LOAD /usr/lib/gcc/i686-linux-gnu/5/libgcc.a
LOAD /usr/lib/gcc/i686-linux-gnu/5/libgcc_s.so
LOAD /usr/lib/gcc/i686-linux-gnu/5/../../../i386-linux-gnu/libc.so
START GROUP
LOAD /lib/i386-linux-gnu/libc.so.6
LOAD /usr/lib/i386-linux-gnu/libc_nonshared.a
LOAD /lib/i386-linux-gnu/ld-linux.so.2
END GROUP
LOAD /usr/lib/gcc/i686-linux-gnu/5/libgcc.a
LOAD /usr/lib/gcc/i686-linux-gnu/5/libgcc_s.so
LOAD /usr/lib/gcc/i686-linux-gnu/5/crtendS.o
LOAD /usr/lib/gcc/i686-linux-gnu/5/../../../i386-linux-gnu/crtn.o
                0x0000000000000114                . = (0x0 + SIZEOF_HEADERS)

.note.gnu.build-id
                0x0000000000000114       0x24
 *(.note.gnu.build-id)
 .note.gnu.build-id
                0x0000000000000114       0x24 /usr/lib/gcc/i686-linux-gnu/5/../../../i386-linux-gnu/crti.o

.hash
 *(.hash)

.gnu.hash       0x0000000000000138     0x12dc
 *(.gnu.hash)
 .gnu.hash      0x0000000000000138     0x12dc /usr/lib/gcc/i686-linux-gnu/5/../../../i386-linux-gnu/crti.o

.dynsym         0x0000000000001414     0x23b0
 *(.dynsym)
 .dynsym        0x0000000000001414     0x23b0 /usr/lib/gcc/i686-linux-gnu/5/../../../i386-linux-gnu/crti.o

.dynstr         0x00000000000037c4     0x2505
 *(.dynstr)
 .dynstr        0x00000000000037c4     0x2505 /usr/lib/gcc/i686-linux-gnu/5/../../../i386-linux-gnu/crti.o

.gnu.version    0x0000000000005cca      0x476
 *(.gnu.version)
 .gnu.version   0x0000000000005cca      0x476 /usr/lib/gcc/i686-linux-gnu/5/../../../i386-linux-gnu/crti.o

.gnu.version_d  0x0000000000006140        0x0
 *(.gnu.version_d)
 .gnu.version_d
                0x0000000000006140        0x0 /usr/lib/gcc/i686-linux-gnu/5/../../../i386-linux-gnu/crti.o

.gnu.version_r  0x0000000000006140       0x40
 *(.gnu.version_r)
 .gnu.version_r
                0x0000000000006140       0x40 /usr/lib/gcc/i686-linux-gnu/5/../../../i386-linux-gnu/crti.o

.rel.dyn        0x0000000000006180     0x8f60
 *(.rel.init)
 .rel.init      0x0000000000006180        0x0 /usr/lib/gcc/i686-linux-gnu/5/../../../i386-linux-gnu/crti.o
 *(.rel.text .rel.text.* .rel.gnu.linkonce.t.*)
 .rel.text      0x0000000000006180     0x8750 /usr/lib/gcc/i686-linux-gnu/5/../../../i386-linux-gnu/crti.o
 *(.rel.fini)
 .rel.fini      0x000000000000e8d0        0x0 /usr/lib/gcc/i686-linux-gnu/5/../../../i386-linux-gnu/crti.o
 *(.rel.rodata .rel.rodata.* .rel.gnu.linkonce.r.*)
 .rel.rodata    0x000000000000e8d0      0x510 /usr/lib/gcc/i686-linux-gnu/5/../../../i386-linux-gnu/crti.o
 *(.rel.data.rel.ro .rel.data.rel.ro.* .rel.gnu.linkonce.d.rel.ro.*)
 *(.rel.data .rel.data.* .rel.gnu.linkonce.d.*)
 .rel.data.rel.local
                0x000000000000ede0        0x8 /usr/lib/gcc/i686-linux-gnu/5/../../../i386-linux-gnu/crti.o
 .rel.data      0x000000000000ede8      0x2c0 /usr/lib/gcc/i686-linux-gnu/5/../../../i386-linux-gnu/crti.o
 *(.rel.tdata .rel.tdata.* .rel.gnu.linkonce.td.*)
 *(.rel.tbss .rel.tbss.* .rel.gnu.linkonce.tb.*)
 *(.rel.ctors)
 *(.rel.dtors)
 *(.rel.got)
 .rel.got       0x000000000000f0a8       0x28 /usr/lib/gcc/i686-linux-gnu/5/../../../i386-linux-gnu/crti.o
 *(.rel.bss .rel.bss.* .rel.gnu.linkonce.b.*)
 *(.rel.ifunc)
 .rel.ifunc     0x000000000000f0d0        0x0 /usr/lib/gcc/i686-linux-gnu/5/../../../i386-linux-gnu/crti.o
 .rel.fini_array
                0x000000000000f0d0        0x8 /usr/lib/gcc/i686-linux-gnu/5/../../../i386-linux-gnu/crti.o
 .rel.init_array
                0x000000000000f0d8        0x8 /usr/lib/gcc/i686-linux-gnu/5/../../../i386-linux-gnu/crti.o

.rel.plt        0x000000000000f0e0        0x0
 *(.rel.plt)
 .rel.plt       0x000000000000f0e0        0x0 /usr/lib/gcc/i686-linux-gnu/5/../../../i386-linux-gnu/crti.o
 *(.rel.iplt)

.init           0x000000000000f0e0       0x23
 *(SORT(.init))
 .init          0x000000000000f0e0       0x1e /usr/lib/gcc/i686-linux-gnu/5/../../../i386-linux-gnu/crti.o
                0x000000000000f0e0                _init
 .init          0x000000000000f0fe        0x5 /usr/lib/gcc/i686-linux-gnu/5/../../../i386-linux-gnu/crtn.o

.plt            0x000000000000f110       0x10
 *(.plt)
 .plt           0x000000000000f110       0x10 /usr/lib/gcc/i686-linux-gnu/5/../../../i386-linux-gnu/crti.o
 *(.iplt)

.plt.got        0x000000000000f120       0x10
 *(.plt.got)
 .plt.got       0x000000000000f120       0x10 /usr/lib/gcc/i686-linux-gnu/5/../../../i386-linux-gnu/crti.o

.text           0x000000000000f130    0x19baa
 *(.text.unlikely .text.*_unlikely .text.unlikely.*)
 .text.unlikely
                0x000000000000f130        0x0 /usr/lib/gcc/i686-linux-gnu/5/crtbeginS.o
 *(.text.exit .text.exit.*)
 *(.text.startup .text.startup.*)
 *(.text.hot .text.hot.*)
 *(.text .stub .text.* .gnu.linkonce.t.*)
 .text          0x000000000000f130        0x0 /usr/lib/gcc/i686-linux-gnu/5/../../../i386-linux-gnu/crti.o
 .gnu.linkonce.t.__x86.get_pc_thunk.bx
                0x000000000000f130        0x4 /usr/lib/gcc/i686-linux-gnu/5/../../../i386-linux-gnu/crti.o
                0x000000000000f130                __x86.get_pc_thunk.bx
 *fill*         0x000000000000f134        0xc 
 .text          0x000000000000f140      0x11c /usr/lib/gcc/i686-linux-gnu/5/crtbeginS.o
 .text.__x86.get_pc_thunk.dx
                0x000000000000f25c        0x4 /usr/lib/gcc/i686-linux-gnu/5/crtbeginS.o
                0x000000000000f25c                __x86.get_pc_thunk.dx
 .text          0x000000000000f260      0xe9d mqtt-demo.co
                0x000000000000f260                ipaddr_sprintf
 .text          0x00000000000100fd      0x65d obj_cooja/mtype856.o
                0x0000000000010240                contiki_init
                0x0000000000010615                Java_org_contikios_cooja_corecomm_Lib8_init
                0x000000000001064c                Java_org_contikios_cooja_corecomm_Lib8_getMemory
                0x000000000001067f                Java_org_contikios_cooja_corecomm_Lib8_setMemory
                0x00000000000106df                Java_org_contikios_cooja_corecomm_Lib8_tick
                0x0000000000010747                Java_org_contikios_cooja_corecomm_Lib8_setReferenceAddress
 .text          0x000000000001075a     0x3779 obj_cooja/mtype856.a(mqtt.o)
                0x00000000000138fd                mqtt_init
                0x00000000000139bb                mqtt_register
                0x0000000000013a58                mqtt_connect
                0x0000000000013b6a                mqtt_disconnect
                0x0000000000013ba8                mqtt_subscribe
                0x0000000000013c65                mqtt_unsubscribe
                0x0000000000013d13                mqtt_publish
                0x0000000000013df4                mqtt_set_username_password
                0x0000000000013e7f                mqtt_set_last_will
 .text          0x0000000000013ed3       0x65 obj_cooja/mtype856.a(simEnvChange.o)
                0x0000000000013ed3                doActionsBeforeTick
                0x0000000000013f05                doActionsAfterTick
 .text          0x0000000000013f38       0xc2 obj_cooja/mtype856.a(cooja_mt.o)
                0x0000000000013f38                cooja_mt_init
                0x0000000000013f46                cooja_mt_remove
                0x0000000000013f54                cooja_mt_start
                0x0000000000013f7e                cooja_mt_exec
                0x0000000000013fb4                cooja_mt_exit
                0x0000000000013fd7                cooja_mt_yield
 .text          0x0000000000013ffa      0x114 obj_cooja/mtype856.a(cooja_mtarch.o)
                0x0000000000013ffa                cooja_mtarch_init
                0x0000000000014000                cooja_mtarch_start
                0x0000000000014073                cooja_sw
                0x0000000000014096                cooja_mtarch_exec
                0x00000000000140b3                cooja_mtarch_remove
                0x00000000000140b9                cooja_mtarch_yield
                0x00000000000140c4                cooja_mtarch_pstop
                0x00000000000140ca                cooja_mtarch_pstart
                0x00000000000140d0                cooja_mtarch_stack_usage
 .text          0x000000000001410e       0xc5 obj_cooja/mtype856.a(rtimer-arch.o)
                0x000000000001410e                rtimer_arch_init
                0x0000000000014132                rtimer_arch_schedule
                0x0000000000014162                rtimer_arch_next
                0x0000000000014172                rtimer_arch_pending
                0x000000000001417c                rtimer_arch_check
                0x00000000000141c3                rtimer_arch_now
 .text          0x00000000000141d3       0x81 obj_cooja/mtype856.a(beep.o)
                0x00000000000141d3                beep_alarm
                0x00000000000141e0                beep_beep
                0x00000000000141ed                beep
                0x00000000000141fa                beep_down
                0x0000000000014207                beep_on
                0x0000000000014214                beep_off
                0x0000000000014221                beep_spinup
                0x000000000001422e                beep_quick
                0x000000000001423b                beep_long
 .text          0x0000000000014254      0x10d obj_cooja/mtype856.a(button-sensor.o)
 .text          0x0000000000014361       0x49 obj_cooja/mtype856.a(leds-arch.o)
                0x0000000000014361                leds_arch_init
                0x000000000001436e                leds_arch_get
                0x000000000001437a                leds_arch_set
 .text          0x00000000000143aa       0x35 obj_cooja/mtype856.a(moteid.o)
 .text          0x00000000000143df       0xb7 obj_cooja/mtype856.a(pir-sensor.o)
 .text          0x0000000000014496      0x148 obj_cooja/mtype856.a(rs232.o)
                0x0000000000014496                rs232_init
                0x000000000001449c                rs232_set_speed
                0x00000000000144ab                rs232_set_input
                0x00000000000144b9                rs232_send
                0x00000000000144dd                rs232_print
                0x00000000000144f9                slip_arch_writeb
 .text          0x00000000000145de       0xb7 obj_cooja/mtype856.a(vib-sensor.o)
 .text          0x0000000000014695       0x38 obj_cooja/mtype856.a(clock.o)
                0x0000000000014695                clock_init
                0x000000000001469b                clock_time
                0x00000000000146a5                clock_seconds
                0x00000000000146bb                clock_delay
 .text          0x00000000000146cd      0x219 obj_cooja/mtype856.a(log.o)
                0x00000000000146cd                simlog_char
                0x0000000000014710                simlog
                0x0000000000014786                log_message
                0x00000000000147b7                log_set_putchar_with_slip
                0x00000000000147c5                log_putchar
                0x0000000000014840                log_puts
                0x0000000000014868                log_printf
 .text          0x00000000000148e6      0x2b9 obj_cooja/mtype856.a(cfs-cooja.o)
                0x00000000000148e6                cfs_open
                0x000000000001494f                cfs_close
                0x000000000001495c                cfs_read
                0x00000000000149f1                cfs_write
                0x0000000000014acd                cfs_seek
                0x0000000000014b55                cfs_remove
                0x0000000000014b79                cfs_opendir
                0x0000000000014b83                cfs_readdir
                0x0000000000014b8d                cfs_closedir
 .text          0x0000000000014b9f      0x63f obj_cooja/mtype856.a(cooja-radio.o)
                0x0000000000014c0b                radio_set_channel
                0x0000000000014c19                radio_set_txpower
                0x0000000000014c31                radio_signal_strength_last
                0x0000000000014c3b                radio_signal_strength_current
                0x0000000000014c45                radio_LQI
 .text          0x00000000000151de       0xee obj_cooja/mtype856.a(eeprom.o)
                0x00000000000151de                eeprom_init
                0x00000000000151e4                eeprom_read
                0x0000000000015252                eeprom_write
 .text          0x00000000000152cc       0x2d obj_cooja/mtype856.a(random.o)
                0x00000000000152cc                random_init
                0x00000000000152ec                random_rand
 .text          0x00000000000152f9      0x29c obj_cooja/mtype856.a(sensors.o)
                0x0000000000015334                sensors_first
                0x000000000001533e                sensors_next
                0x0000000000015358                sensors_changed
                0x000000000001538c                sensors_find
 .text          0x0000000000015595      0x15b obj_cooja/mtype856.a(leds.o)
                0x00000000000155eb                leds_init
                0x0000000000015600                leds_blink
                0x0000000000015645                leds_get
                0x0000000000015652                leds_set
                0x0000000000015671                leds_on
                0x0000000000015699                leds_off
                0x00000000000156c8                leds_toggle
 .text          0x00000000000156f0       0x92 obj_cooja/mtype856.a(autostart.o)
                0x00000000000156f0                autostart_start
                0x000000000001573a                autostart_exit
 .text          0x0000000000015782      0x355 obj_cooja/mtype856.a(ctimer.o)
                0x00000000000158aa                ctimer_init
                0x00000000000158dd                ctimer_set
                0x0000000000015903                ctimer_set_with_process
                0x0000000000015980                ctimer_reset
                0x00000000000159d4                ctimer_restart
                0x0000000000015a28                ctimer_stop
                0x0000000000015a78                ctimer_expired
 .text          0x0000000000015ad7      0x43f obj_cooja/mtype856.a(etimer.o)
                0x0000000000015cfb                etimer_request_poll
                0x0000000000015d84                etimer_set
                0x0000000000015dad                etimer_reset_with_new_interval
                0x0000000000015ddc                etimer_reset
                0x0000000000015e02                etimer_restart
                0x0000000000015e28                etimer_adjust
                0x0000000000015e45                etimer_expired
                0x0000000000015e58                etimer_expiration_time
                0x0000000000015e6a                etimer_start_time
                0x0000000000015e74                etimer_pending
                0x0000000000015e86                etimer_next_expiration_time
                0x0000000000015ea0                etimer_stop
 .text          0x0000000000015f16      0x4fb obj_cooja/mtype856.a(process.o)
                0x0000000000015f16                process_alloc_event
                0x0000000000015f2b                process_start
                0x0000000000016105                process_exit
                0x0000000000016122                process_init
                0x00000000000162b7                process_run
                0x00000000000162ea                process_nevents
                0x0000000000016305                process_post
                0x0000000000016398                process_post_synch
                0x00000000000163cd                process_poll
                0x00000000000163fd                process_is_running
 .text          0x0000000000016411       0xeb obj_cooja/mtype856.a(rtimer.o)
                0x0000000000016411                rtimer_init
                0x000000000001641f                rtimer_set
                0x000000000001649a                rtimer_run_next
 .text          0x00000000000164fc       0x9c obj_cooja/mtype856.a(timer.o)
                0x00000000000164fc                timer_set
                0x000000000001651a                timer_reset
                0x0000000000016532                timer_restart
                0x0000000000016547                timer_expired
                0x0000000000016574                timer_remaining
 .text          0x0000000000016598      0x1eb obj_cooja/mtype856.a(serial-line.o)
                0x0000000000016598                serial_line_input_byte
                0x000000000001674e                serial_line_init
 .text          0x0000000000016783      0x24a obj_cooja/mtype856.a(list.o)
                0x0000000000016783                list_init
                0x0000000000016792                list_head
                0x000000000001679c                list_copy
                0x00000000000167ac                list_tail
                0x00000000000167e2                list_add
                0x000000000001682e                list_push
                0x000000000001685a                list_chop
                0x00000000000168c4                list_pop
                0x00000000000168ec                list_remove
                0x0000000000016954                list_length
                0x0000000000016982                list_insert
                0x00000000000169b6                list_item_next
 .text          0x00000000000169cd      0x156 obj_cooja/mtype856.a(ringbuf.o)
                0x00000000000169cd                ringbuf_init
                0x00000000000169ff                ringbuf_put
                0x0000000000016a7d                ringbuf_get
                0x0000000000016aea                ringbuf_size
                0x0000000000016afc                ringbuf_elements
 .text          0x0000000000016b23      0xae0 obj_cooja/mtype856.a(uip-ds6.o)
                0x0000000000016b23                uip_ds6_init
                0x0000000000016cce                uip_ds6_periodic
                0x0000000000016d55                uip_ds6_list_loop
                0x0000000000016df9                uip_ds6_prefix_add
                0x0000000000016ea5                uip_ds6_prefix_rm
                0x0000000000016eb8                uip_ds6_prefix_lookup
                0x0000000000016ef7                uip_ds6_is_addr_onlink
                0x0000000000016f6a                uip_ds6_addr_add
                0x000000000001708a                uip_ds6_addr_rm
                0x0000000000017133                uip_ds6_addr_lookup
                0x000000000001716c                uip_ds6_get_link_local
                0x00000000000171ed                uip_ds6_get_global
                0x000000000001726e                uip_ds6_maddr_add
                0x00000000000172ce                uip_ds6_maddr_rm
                0x00000000000172e1                uip_ds6_maddr_lookup
                0x000000000001731a                uip_ds6_aaddr_add
                0x000000000001737a                uip_ds6_aaddr_rm
                0x000000000001738d                uip_ds6_aaddr_lookup
                0x00000000000173c6                uip_ds6_select_src
                0x000000000001750f                uip_ds6_set_addr_iid
                0x000000000001753a                get_match_length
                0x00000000000175cb                uip_ds6_compute_reachable_time
 .text          0x0000000000017603      0x9a0 obj_cooja/mtype856.a(uip-ds6-route.o)
                0x000000000001767a                uip_ds6_notification_add
                0x00000000000176ac                uip_ds6_notification_rm
                0x00000000000176c9                uip_ds6_route_init
                0x0000000000017768                uip_ds6_route_nexthop
                0x0000000000017797                uip_ds6_route_head
                0x00000000000177b0                uip_ds6_route_next
                0x00000000000177d9                uip_ds6_route_is_nexthop
                0x000000000001781b                uip_ds6_route_num_routes
                0x0000000000017825                uip_ds6_route_lookup
                0x00000000000178ec                uip_ds6_route_add
                0x0000000000017b18                uip_ds6_route_rm
                0x0000000000017cce                uip_ds6_route_rm_by_nexthop
                0x0000000000017d0d                uip_ds6_defrt_head
                0x0000000000017d26                uip_ds6_defrt_add
                0x0000000000017dd7                uip_ds6_defrt_rm
                0x0000000000017e58                uip_ds6_defrt_lookup
                0x0000000000017eb2                uip_ds6_defrt_choose
                0x0000000000017f28                uip_ds6_defrt_periodic
 .text          0x0000000000017fa3     0x2765 obj_cooja/mtype856.a(uip6.o)
                0x0000000000017fa3                uip_add32
                0x000000000001813d                uip_chksum
                0x000000000001821e                uip_icmp6chksum
                0x0000000000018233                uip_tcpchksum
                0x0000000000018248                uip_udpchksum
                0x000000000001825d                uip_init
                0x00000000000182e8                uip_connect
                0x0000000000018471                remove_ext_hdr
                0x0000000000018542                uip_udp_new
                0x0000000000018664                uip_unlisten
                0x00000000000186a6                uip_listen
                0x0000000000018945                uip_process
                0x000000000001a603                uip_htons
                0x000000000001a625                uip_htonl
                0x000000000001a663                uip_send
 .text          0x000000000001a708      0x2bb obj_cooja/mtype856.a(uip-ds6-nbr.o)
                0x000000000001a725                uip_ds6_neighbors_init
                0x000000000001a749                uip_ds6_nbr_add
                0x000000000001a7cd                uip_ds6_nbr_rm
                0x000000000001a816                uip_ds6_nbr_get_ipaddr
                0x000000000001a82b                uip_ds6_nbr_get_ll
                0x000000000001a847                uip_ds6_nbr_num
                0x000000000001a890                uip_ds6_nbr_lookup
                0x000000000001a8f3                uip_ds6_nbr_ll_lookup
                0x000000000001a90f                uip_ds6_nbr_ipaddr_from_lladdr
                0x000000000001a938                uip_ds6_nbr_lladdr_from_ipaddr
                0x000000000001a96c                uip_ds6_link_neighbor_callback
 .text          0x000000000001a9c3      0x6aa obj_cooja/mtype856.a(uip-nd6.o)
                0x000000000001b054                uip_nd6_init
 .text          0x000000000001b06d     0x2549 obj_cooja/mtype856.a(sicslowpan.o)
                0x000000000001b5fd                rime_sniffer_add
                0x000000000001b60b                rime_sniffer_remove
                0x000000000001d550                sicslowpan_init
                0x000000000001d5ac                sicslowpan_get_last_rssi
 .text          0x000000000001d5b6      0x146 obj_cooja/mtype856.a(uip-packetqueue)
                0x000000000001d5e4                uip_packetqueue_new
                0x000000000001d5f3                uip_packetqueue_alloc
                0x000000000001d64e                uip_packetqueue_free
                0x000000000001d695                uip_packetqueue_buf
                0x000000000001d6b2                uip_packetqueue_buflen
                0x000000000001d6d3                uip_packetqueue_set_buflen
 .text          0x000000000001d6fc      0x9d5 obj_cooja/mtype856.a(tcp-socket.o)
                0x000000000001dd47                tcp_socket_register
                0x000000000001ddd8                tcp_socket_connect
                0x000000000001de6f                tcp_socket_listen
                0x000000000001dee6                tcp_socket_unlisten
                0x000000000001df5a                tcp_socket_send
                0x000000000001dffa                tcp_socket_send_str
                0x000000000001e022                tcp_socket_close
                0x000000000001e04b                tcp_socket_unregister
                0x000000000001e0a5                tcp_socket_max_sendlen
                0x000000000001e0c2                tcp_socket_queuelen
 .text          0x000000000001e0d1      0xa05 obj_cooja/mtype856.a(tcpip.o)
                0x000000000001e0d1                tcpip_output
                0x000000000001e102                tcpip_set_outputfunc
                0x000000000001e1a3                tcp_connect
                0x000000000001e1fb                tcp_unlisten
                0x000000000001e25b                tcp_listen
                0x000000000001e2b9                tcp_attach
                0x000000000001e2df                udp_attach
                0x000000000001e305                udp_new
                0x000000000001e357                udp_broadcast_new
                0x000000000001e5dc                tcpip_input
                0x000000000001e609                tcpip_ipv6_output
                0x000000000001e926                tcpip_poll_udp
                0x000000000001e944                tcpip_poll_tcp
                0x000000000001e962                tcpip_uipcall
 .text          0x000000000001ead6      0x27b obj_cooja/mtype856.a(uiplib.o)
                0x000000000001ead6                uiplib_ip6addrconv
                0x000000000001ec8e                uiplib_ip4addrconv
 .text          0x000000000001ed51      0x160 obj_cooja/mtype856.a(uip-debug.o)
                0x000000000001ed51                uip_debug_ipaddr_print
 .text          0x000000000001eeb1      0x9fd obj_cooja/mtype856.a(rpl-ext-header.)
                0x000000000001eece                rpl_verify_hbh_header
                0x000000000001f66e                rpl_remove_header
                0x000000000001f7d0                rpl_update_header
 .text          0x000000000001f8ae      0x582 obj_cooja/mtype856.a(rpl.o)
                0x000000000001f8ae                rpl_get_mode
                0x000000000001f8b8                rpl_set_mode
                0x000000000001f94c                rpl_purge_routes
                0x000000000001fa55                rpl_remove_routes
                0x000000000001faa2                rpl_remove_routes_by_nexthop
                0x000000000001fb04                rpl_add_route
                0x000000000001fb93                rpl_link_neighbor_callback
                0x000000000001fc5e                rpl_ipv6_neighbor_callback
                0x000000000001fcce                rpl_purge_dags
                0x000000000001fdb3                rpl_init
 .text          0x000000000001fe30     0x1b6d obj_cooja/mtype856.a(rpl-icmp6.o)
                0x00000000000200a7                rpl_icmp6_update_nbr_table
                0x0000000000020185                dis_output
                0x000000000002081f                dio_output
                0x0000000000021531                dao_output
                0x00000000000215ef                dao_output_target
                0x000000000002193f                dao_ack_output
                0x0000000000021954                rpl_icmp6_register_handlers
 .text          0x000000000002199d     0x2839 obj_cooja/mtype856.a(rpl-dag.o)
                0x000000000002199d                rpl_print_neighbor_list
                0x0000000000021b78                rpl_get_nbr
                0x0000000000021bc9                rpl_dag_init
                0x0000000000021be8                rpl_get_parent
                0x0000000000021c0a                rpl_get_parent_rank
                0x0000000000021c3d                rpl_get_parent_link_metric
                0x0000000000021c97                rpl_rank_via_parent
                0x0000000000021cf1                rpl_get_parent_lladdr
                0x0000000000021d0d                rpl_get_parent_ipaddr
                0x0000000000021d34                rpl_get_parent_link_stats
                0x0000000000021d5b                rpl_parent_is_fresh
                0x0000000000021d82                rpl_parent_is_reachable
                0x00000000000220d3                rpl_set_root
                0x000000000002234f                rpl_repair_root
                0x000000000002258b                rpl_set_prefix
                0x000000000002267b                rpl_set_default_route
                0x00000000000226ec                rpl_alloc_instance
                0x000000000002277c                rpl_alloc_dag
                0x000000000002282c                rpl_set_default_instance
                0x000000000002283a                rpl_get_default_instance
                0x0000000000022844                rpl_free_instance
                0x0000000000022904                rpl_free_dag
                0x0000000000022984                rpl_add_parent
                0x0000000000022a2d                rpl_find_parent
                0x0000000000022a8b                rpl_find_parent_any_dag
                0x0000000000022aca                rpl_select_dag
                0x0000000000022ede                rpl_select_parent
                0x0000000000022fb9                rpl_remove_parent
                0x0000000000022fe4                rpl_nullify_parent
                0x00000000000230a0                rpl_move_parent
                0x000000000002315d                rpl_has_downward_route
                0x00000000000231ae                rpl_get_dag
                0x0000000000023294                rpl_get_any_dag
                0x00000000000232f3                rpl_get_instance
                0x0000000000023354                rpl_find_of
                0x0000000000023391                rpl_join_instance
                0x0000000000023676                rpl_add_dag
                0x0000000000023a5b                rpl_local_repair
                0x0000000000023b34                rpl_recalculate_ranks
                0x0000000000023bbf                rpl_process_parent_event
                0x0000000000023cf8                rpl_process_dio
 .text          0x00000000000241d6      0x2e4 obj_cooja/mtype856.a(queuebuf.o)
                0x00000000000241e0                queuebuf_init
                0x0000000000024209                queuebuf_numfree
                0x0000000000024221                queuebuf_new_from_packetbuf
                0x00000000000242c0                queuebuf_update_attr_from_packetbuf
                0x00000000000242f5                queuebuf_update_from_packetbuf
                0x0000000000024345                queuebuf_free
                0x000000000002438e                queuebuf_to_packetbuf
                0x00000000000243fa                queuebuf_dataptr
                0x0000000000024434                queuebuf_datalen
                0x0000000000024457                queuebuf_addr
                0x0000000000024489                queuebuf_attr
                0x00000000000244b4                queuebuf_debug_print
 .text          0x00000000000244ba      0x7c7 obj_cooja/mtype856.a(nbr-table.o)
                0x0000000000024933                nbr_table_register
                0x000000000002497b                nbr_table_head
                0x00000000000249d6                nbr_table_next
                0x0000000000024a37                nbr_table_add_lladdr
                0x0000000000024b01                nbr_table_get_from_lladdr
                0x0000000000024b4d                nbr_table_remove
                0x0000000000024b85                nbr_table_lock
                0x0000000000024b9f                nbr_table_unlock
                0x0000000000024bb9                nbr_table_get_lladdr
                0x0000000000024be5                nbr_table_update_lladdr
 .text          0x0000000000024c81      0x3f2 obj_cooja/mtype856.a(packetbuf.o)
                0x0000000000024c81                packetbuf_clear
                0x0000000000024cac                packetbuf_copyfrom
                0x0000000000024cfb                packetbuf_compact
                0x0000000000024d78                packetbuf_copyto
                0x0000000000024e0b                packetbuf_hdralloc
                0x0000000000024e87                packetbuf_hdrreduce
                0x0000000000024ecd                packetbuf_set_datalen
                0x0000000000024ee7                packetbuf_dataptr
                0x0000000000024f04                packetbuf_hdrptr
                0x0000000000024f0e                packetbuf_datalen
                0x0000000000024f1a                packetbuf_hdrlen
                0x0000000000024f31                packetbuf_totlen
                0x0000000000024f47                packetbuf_remaininglen
                0x0000000000024f5a                packetbuf_attr_clear
                0x0000000000024fa6                packetbuf_attr_copyto
                0x0000000000024ffe                packetbuf_attr_copyfrom
                0x0000000000025056                packetbuf_holds_broadcast
 .text          0x0000000000025073       0x2c obj_cooja/mtype856.a(netstack.o)
                0x0000000000025073                netstack_init
 .text          0x000000000002509f       0x4f obj_cooja/mtype856.a(linkaddr.o)
                0x000000000002509f                linkaddr_copy
                0x00000000000250b5                linkaddr_cmp
                0x00000000000250d8                linkaddr_set_node_addr
 .text          0x00000000000250ee      0x326 obj_cooja/mtype856.a(link-stats.o)
                0x0000000000025108                link_stats_from_lladdr
                0x0000000000025124                link_stats_is_fresh
                0x0000000000025161                guess_etx_from_rssi
                0x00000000000251dd                link_stats_packet_sent
                0x00000000000252e3                link_stats_input_callback
                0x00000000000253df                link_stats_init
 .text          0x0000000000025414      0x842 obj_cooja/mtype856.a(csma.o)
 .text          0x0000000000025c56       0x38 obj_cooja/mtype856.a(mac.o)
                0x0000000000025c56                mac_call_sent_callback
 .text          0x0000000000025c8e      0x3ec obj_cooja/mtype856.a(framer-802154.o)
 .text          0x000000000002607a      0x43f obj_cooja/mtype856.a(nullrdc.o)
 .text          0x00000000000264b9       0x68 obj_cooja/mtype856.a(nullsec.o)
 .text          0x0000000000026521       0x1e obj_cooja/mtype856.a(watchdog.o)
                0x0000000000026521                watchdog_init
                0x0000000000026527                watchdog_start
                0x000000000002652d                watchdog_periodic
                0x0000000000026533                watchdog_stop
                0x0000000000026539                watchdog_reboot
 .text          0x000000000002653f        0x0 obj_cooja/mtype856.a(rimestats.o)
 .text          0x000000000002653f       0xb2 obj_cooja/mtype856.a(stimer.o)
                0x000000000002653f                stimer_set
                0x000000000002655d                stimer_reset
                0x0000000000026575                stimer_restart
                0x000000000002658a                stimer_expired
                0x00000000000265b5                stimer_remaining
                0x00000000000265d9                stimer_elapsed
 .text          0x00000000000265f1      0x1b8 obj_cooja/mtype856.a(memb.o)
                0x00000000000265f1                memb_init
                0x0000000000026646                memb_alloc
                0x00000000000266ab                memb_free
                0x0000000000026726                memb_inmemb
                0x0000000000026765                memb_numfree
 .text          0x00000000000267a9      0x953 obj_cooja/mtype856.a(uip-icmp6.o)
                0x000000000002681e                uip_icmp6_input
                0x0000000000026875                uip_icmp6_register_input_handler
                0x0000000000026a81                uip_icmp6_error_output
                0x0000000000026dca                uip_icmp6_send
                0x0000000000027084                uip_icmp6_echo_reply_callback_add
                0x00000000000270b6                uip_icmp6_echo_reply_callback_rm
                0x00000000000270d3                uip_icmp6_init
 .text          0x00000000000270fc      0x32f obj_cooja/mtype856.a(rpl-nbr-policy.)
                0x00000000000272d3                find_removable_dis
                0x00000000000272f8                find_removable_dio
                0x000000000002737d                find_removable_dao
                0x00000000000273cd                rpl_nbr_policy_find_removable
 .text          0x000000000002742b      0x870 obj_cooja/mtype856.a(rpl-timers.o)
                0x0000000000027690                rpl_reset_periodic_timer
                0x00000000000276db                rpl_reset_dio_timer
                0x0000000000027900                rpl_schedule_dao
                0x000000000002791c                rpl_schedule_dao_immediately
                0x0000000000027935                rpl_cancel_dao
                0x00000000000279a4                rpl_schedule_unicast_dio_immediately
                0x00000000000279c8                get_probing_delay
                0x0000000000027a47                get_probing_target
                0x0000000000027c64                rpl_schedule_probing
 .text          0x0000000000027c9b      0x315 obj_cooja/mtype856.a(rpl-mrhof.o)
 .text          0x0000000000027fb0      0x1bb obj_cooja/mtype856.a(mac-sequence.o)
                0x0000000000027fe7                mac_sequence_is_duplicate
                0x0000000000028087                mac_sequence_register_seqno
 .text          0x000000000002816b      0xb6f obj_cooja/mtype856.a(frame802154.o)
                0x000000000002819c                frame802154_get_pan_id
                0x00000000000281a8                frame802154_set_pan_id
                0x00000000000281c2                frame802154_has_panid
                0x0000000000028371                frame802154_check_dest_panid
                0x00000000000283f9                frame802154_is_broadcast_addr
                0x0000000000028446                frame802154_extract_linkaddr
                0x00000000000286ab                frame802154_hdrlen
                0x000000000002871e                frame802154_create_fcf
                0x00000000000287d6                frame802154_create
                0x000000000002894b                frame802154_parse_fcf
                0x0000000000028a2d                frame802154_parse
 .text          0x0000000000028cda        0x0 /usr/lib/gcc/i686-linux-gnu/5/crtendS.o
 .text          0x0000000000028cda        0x0 /usr/lib/gcc/i686-linux-gnu/5/../../../i386-linux-gnu/crtn.o
 *(.gnu.warning)

.fini           0x0000000000028cdc       0x14
 *(SORT(.fini))
 .fini          0x0000000000028cdc        0xf /usr/lib/gcc/i686-linux-gnu/5/../../../i386-linux-gnu/crti.o
                0x0000000000028cdc                _fini
 .fini          0x0000000000028ceb        0x5 /usr/lib/gcc/i686-linux-gnu/5/../../../i386-linux-gnu/crtn.o
                [!provide]                        PROVIDE (__etext, .)
                [!provide]                        PROVIDE (_etext, .)
                [!provide]                        PROVIDE (etext, .)

.rodata         0x0000000000028d00      0x9d8
 *(.rodata .rodata.* .gnu.linkonce.r.*)
 .rodata        0x0000000000028d00      0x436 mqtt-demo.co
                0x0000000000028d08                autostart_processes
 *fill*         0x0000000000029136        0x2 
 .rodata        0x0000000000029138      0x127 obj_cooja/mtype856.o
 .rodata        0x000000000002925f       0x14 obj_cooja/mtype856.a(mqtt.o)
 *fill*         0x0000000000029273        0x1 
 .rodata        0x0000000000029274        0x8 obj_cooja/mtype856.a(beep.o)
                0x0000000000029274                beep_interface
 .rodata        0x000000000002927c       0x20 obj_cooja/mtype856.a(button-sensor.o)
                0x000000000002927c                button_interface
                0x000000000002928c                button_sensor
 .rodata        0x000000000002929c        0x8 obj_cooja/mtype856.a(leds-arch.o)
                0x000000000002929c                leds_interface
 .rodata        0x00000000000292a4        0x8 obj_cooja/mtype856.a(moteid.o)
                0x00000000000292a4                moteid_interface
 .rodata        0x00000000000292ac       0x1c obj_cooja/mtype856.a(pir-sensor.o)
                0x00000000000292ac                pir_interface
                0x00000000000292b8                pir_sensor
 .rodata        0x00000000000292c8        0xe obj_cooja/mtype856.a(rs232.o)
                0x00000000000292c8                rs232_interface
 *fill*         0x00000000000292d6        0x2 
 .rodata        0x00000000000292d8       0x24 obj_cooja/mtype856.a(vib-sensor.o)
                0x00000000000292d8                vib_interface
                0x00000000000292ec                vib_sensor
 .rodata        0x00000000000292fc        0x8 obj_cooja/mtype856.a(clock.o)
                0x00000000000292fc                clock_interface
 .rodata        0x0000000000029304        0x8 obj_cooja/mtype856.a(log.o)
                0x0000000000029304                simlog_interface
 .rodata        0x000000000002930c       0x2f obj_cooja/mtype856.a(cfs-cooja.o)
                0x000000000002930c                cfs_interface
 *fill*         0x000000000002933b        0x5 
 .rodata        0x0000000000029340       0x58 obj_cooja/mtype856.a(cooja-radio.o)
                0x0000000000029340                radio_interface
                0x0000000000029360                cooja_radio_driver
 .rodata        0x0000000000029398        0x8 obj_cooja/mtype856.a(eeprom.o)
                0x0000000000029398                eeprom_interface
 .rodata        0x00000000000293a0        0x8 obj_cooja/mtype856.a(sensors.o)
 .rodata        0x00000000000293a8        0xf obj_cooja/mtype856.a(ctimer.o)
 .rodata        0x00000000000293b7        0xc obj_cooja/mtype856.a(etimer.o)
 .rodata        0x00000000000293c3        0xe obj_cooja/mtype856.a(serial-line.o)
 *fill*         0x00000000000293d1        0x3 
 .rodata        0x00000000000293d4      0x13c obj_cooja/mtype856.a(uip6.o)
 .rodata        0x0000000000029510       0x2c obj_cooja/mtype856.a(sicslowpan.o)
                0x0000000000029510                unc_llconf
                0x0000000000029514                unc_ctxconf
                0x0000000000029518                unc_mxconf
                0x000000000002951c                llprefix
                0x0000000000029530                sicslowpan_driver
 .rodata        0x000000000002953c       0x13 obj_cooja/mtype856.a(tcp-socket.o)
 .rodata        0x000000000002954f       0x29 obj_cooja/mtype856.a(tcpip.o)
 .rodata        0x0000000000029578       0x2a obj_cooja/mtype856.a(uip-debug.o)
 *fill*         0x00000000000295a2        0x2 
 .rodata        0x00000000000295a4       0x89 obj_cooja/mtype856.a(rpl-dag.o)
 *fill*         0x000000000002962d        0x3 
 .rodata        0x0000000000029630        0x8 obj_cooja/mtype856.a(linkaddr.o)
                0x0000000000029630                linkaddr_null
 .rodata        0x0000000000029638       0x24 obj_cooja/mtype856.a(csma.o)
                0x0000000000029640                csma_driver
 .rodata        0x000000000002965c        0xc obj_cooja/mtype856.a(framer-802154.o)
                0x000000000002965c                framer_802154
 *fill*         0x0000000000029668       0x18 
 .rodata        0x0000000000029680       0x40 obj_cooja/mtype856.a(nullrdc.o)
                0x00000000000296a0                nullrdc_driver
 .rodata        0x00000000000296c0       0x18 obj_cooja/mtype856.a(nullsec.o)
                0x00000000000296c8                nullsec_driver

.rodata1
 *(.rodata1)

.eh_frame_hdr   0x00000000000296d8     0x15bc
 *(.eh_frame_hdr)
 .eh_frame_hdr  0x00000000000296d8     0x15bc mqtt-demo.co
                0x00000000000296d8                __GNU_EH_FRAME_HDR
 *(.eh_frame_entry .eh_frame_entry.*)

.eh_frame       0x000000000002ac94     0x5810
 *(.eh_frame)
 .eh_frame      0x000000000002ac94       0x3c /usr/lib/gcc/i686-linux-gnu/5/../../../i386-linux-gnu/crti.o
                                         0x40 (size before relaxing)
 .eh_frame      0x000000000002acd0      0x208 mqtt-demo.co
                                        0x220 (size before relaxing)
 .eh_frame      0x000000000002aed8      0x148 obj_cooja/mtype856.o
                                        0x160 (size before relaxing)
 .eh_frame      0x000000000002b020      0x4a4 obj_cooja/mtype856.a(mqtt.o)
                                        0x4bc (size before relaxing)
 .eh_frame      0x000000000002b4c4       0x40 obj_cooja/mtype856.a(simEnvChange.o)
                                         0x58 (size before relaxing)
 .eh_frame      0x000000000002b504       0xc0 obj_cooja/mtype856.a(cooja_mt.o)
                                         0xd8 (size before relaxing)
 .eh_frame      0x000000000002b5c4      0x120 obj_cooja/mtype856.a(cooja_mtarch.o)
                                        0x138 (size before relaxing)
 .eh_frame      0x000000000002b6e4       0xc8 obj_cooja/mtype856.a(rtimer-arch.o)
                                         0xe0 (size before relaxing)
 .eh_frame      0x000000000002b7ac      0x160 obj_cooja/mtype856.a(beep.o)
                                        0x178 (size before relaxing)
 .eh_frame      0x000000000002b90c       0xa0 obj_cooja/mtype856.a(button-sensor.o)
                                         0xb8 (size before relaxing)
 .eh_frame      0x000000000002b9ac       0xa0 obj_cooja/mtype856.a(leds-arch.o)
                                         0xb8 (size before relaxing)
 .eh_frame      0x000000000002ba4c       0x40 obj_cooja/mtype856.a(moteid.o)
                                         0x58 (size before relaxing)
 .eh_frame      0x000000000002ba8c       0xa0 obj_cooja/mtype856.a(pir-sensor.o)
                                         0xb8 (size before relaxing)
 .eh_frame      0x000000000002bb2c      0x100 obj_cooja/mtype856.a(rs232.o)
                                        0x118 (size before relaxing)
 .eh_frame      0x000000000002bc2c       0xa0 obj_cooja/mtype856.a(vib-sensor.o)
                                         0xb8 (size before relaxing)
 .eh_frame      0x000000000002bccc       0xc0 obj_cooja/mtype856.a(clock.o)
                                         0xd8 (size before relaxing)
 .eh_frame      0x000000000002bd8c      0x120 obj_cooja/mtype856.a(log.o)
                                        0x138 (size before relaxing)
 .eh_frame      0x000000000002beac      0x160 obj_cooja/mtype856.a(cfs-cooja.o)
                                        0x178 (size before relaxing)
 .eh_frame      0x000000000002c00c      0x360 obj_cooja/mtype856.a(cooja-radio.o)
                                        0x378 (size before relaxing)
 .eh_frame      0x000000000002c36c       0xa0 obj_cooja/mtype856.a(eeprom.o)
                                         0xb8 (size before relaxing)
 .eh_frame      0x000000000002c40c       0x40 obj_cooja/mtype856.a(random.o)
                                         0x58 (size before relaxing)
 .eh_frame      0x000000000002c44c       0xc0 obj_cooja/mtype856.a(sensors.o)
                                         0xd8 (size before relaxing)
 .eh_frame      0x000000000002c50c      0x100 obj_cooja/mtype856.a(leds.o)
                                        0x118 (size before relaxing)
 .eh_frame      0x000000000002c60c       0x40 obj_cooja/mtype856.a(autostart.o)
                                         0x58 (size before relaxing)
 .eh_frame      0x000000000002c64c      0x100 obj_cooja/mtype856.a(ctimer.o)
                                        0x118 (size before relaxing)
 .eh_frame      0x000000000002c74c      0x1e0 obj_cooja/mtype856.a(etimer.o)
                                        0x1f8 (size before relaxing)
 .eh_frame      0x000000000002c92c      0x1c4 obj_cooja/mtype856.a(process.o)
                                        0x1dc (size before relaxing)
 .eh_frame      0x000000000002caf0       0x60 obj_cooja/mtype856.a(rtimer.o)
                                         0x78 (size before relaxing)
 .eh_frame      0x000000000002cb50       0xa4 obj_cooja/mtype856.a(timer.o)
                                         0xbc (size before relaxing)
 .eh_frame      0x000000000002cbf4       0x60 obj_cooja/mtype856.a(serial-line.o)
                                         0x78 (size before relaxing)
 .eh_frame      0x000000000002cc54      0x180 obj_cooja/mtype856.a(list.o)
                                        0x198 (size before relaxing)
 .eh_frame      0x000000000002cdd4       0xa0 obj_cooja/mtype856.a(ringbuf.o)
                                         0xb8 (size before relaxing)
 .eh_frame      0x000000000002ce74      0x2c8 obj_cooja/mtype856.a(uip-ds6.o)
                                        0x2e0 (size before relaxing)
 .eh_frame      0x000000000002d13c      0x2c0 obj_cooja/mtype856.a(uip-ds6-route.o)
                                        0x2d8 (size before relaxing)
 .eh_frame      0x000000000002d3fc      0x274 obj_cooja/mtype856.a(uip6.o)
                                        0x28c (size before relaxing)
 .eh_frame      0x000000000002d670      0x180 obj_cooja/mtype856.a(uip-ds6-nbr.o)
                                        0x198 (size before relaxing)
 .eh_frame      0x000000000002d7f0       0x84 obj_cooja/mtype856.a(uip-nd6.o)
                                         0x9c (size before relaxing)
 .eh_frame      0x000000000002d874      0x334 obj_cooja/mtype856.a(sicslowpan.o)
                                        0x34c (size before relaxing)
 .eh_frame      0x000000000002dba8       0xe0 obj_cooja/mtype856.a(uip-packetqueue)
                                         0xf8 (size before relaxing)
 .eh_frame      0x000000000002dc88      0x248 obj_cooja/mtype856.a(tcp-socket.o)
                                        0x260 (size before relaxing)
 .eh_frame      0x000000000002ded0      0x268 obj_cooja/mtype856.a(tcpip.o)
                                        0x280 (size before relaxing)
 .eh_frame      0x000000000002e138       0x44 obj_cooja/mtype856.a(uiplib.o)
                                         0x5c (size before relaxing)
 .eh_frame      0x000000000002e17c       0x24 obj_cooja/mtype856.a(uip-debug.o)
                                         0x3c (size before relaxing)
 .eh_frame      0x000000000002e1a0       0xc0 obj_cooja/mtype856.a(rpl-ext-header.)
                                         0xd8 (size before relaxing)
 .eh_frame      0x000000000002e260      0x140 obj_cooja/mtype856.a(rpl.o)
                                        0x158 (size before relaxing)
 .eh_frame      0x000000000002e3a0      0x2ac obj_cooja/mtype856.a(rpl-icmp6.o)
                                        0x2c4 (size before relaxing)
 .eh_frame      0x000000000002e64c      0x71c obj_cooja/mtype856.a(rpl-dag.o)
                                        0x734 (size before relaxing)
 .eh_frame      0x000000000002ed68      0x1a0 obj_cooja/mtype856.a(queuebuf.o)
                                        0x1b8 (size before relaxing)
 .eh_frame      0x000000000002ef08      0x2ac obj_cooja/mtype856.a(nbr-table.o)
                                        0x2c4 (size before relaxing)
 .eh_frame      0x000000000002f1b4      0x234 obj_cooja/mtype856.a(packetbuf.o)
                                        0x24c (size before relaxing)
 .eh_frame      0x000000000002f3e8       0x20 obj_cooja/mtype856.a(netstack.o)
                                         0x38 (size before relaxing)
 .eh_frame      0x000000000002f408       0x60 obj_cooja/mtype856.a(linkaddr.o)
                                         0x78 (size before relaxing)
 .eh_frame      0x000000000002f468      0x100 obj_cooja/mtype856.a(link-stats.o)
                                        0x118 (size before relaxing)
 .eh_frame      0x000000000002f568      0x288 obj_cooja/mtype856.a(csma.o)
                                        0x2a0 (size before relaxing)
 .eh_frame      0x000000000002f7f0       0x20 obj_cooja/mtype856.a(mac.o)
                                         0x38 (size before relaxing)
 .eh_frame      0x000000000002f810      0x104 obj_cooja/mtype856.a(framer-802154.o)
                                        0x11c (size before relaxing)
 .eh_frame      0x000000000002f914      0x16c obj_cooja/mtype856.a(nullrdc.o)
                                        0x184 (size before relaxing)
 .eh_frame      0x000000000002fa80       0x80 obj_cooja/mtype856.a(nullsec.o)
                                         0x98 (size before relaxing)
 .eh_frame      0x000000000002fb00       0xa0 obj_cooja/mtype856.a(watchdog.o)
                                         0xb8 (size before relaxing)
 .eh_frame      0x000000000002fba0       0xc4 obj_cooja/mtype856.a(stimer.o)
                                         0xdc (size before relaxing)
 .eh_frame      0x000000000002fc64       0xa0 obj_cooja/mtype856.a(memb.o)
                                         0xb8 (size before relaxing)
 .eh_frame      0x000000000002fd04      0x160 obj_cooja/mtype856.a(uip-icmp6.o)
                                        0x178 (size before relaxing)
 .eh_frame      0x000000000002fe64       0xc0 obj_cooja/mtype856.a(rpl-nbr-policy.)
                                         0xd8 (size before relaxing)
 .eh_frame      0x000000000002ff24      0x22c obj_cooja/mtype856.a(rpl-timers.o)
                                        0x244 (size before relaxing)
 .eh_frame      0x0000000000030150      0x124 obj_cooja/mtype856.a(rpl-mrhof.o)
                                        0x13c (size before relaxing)
 .eh_frame      0x0000000000030274       0x88 obj_cooja/mtype856.a(mac-sequence.o)
                                         0xa0 (size before relaxing)
 .eh_frame      0x00000000000302fc      0x1a4 obj_cooja/mtype856.a(frame802154.o)
                                        0x1bc (size before relaxing)
 .eh_frame      0x00000000000304a0        0x4 /usr/lib/gcc/i686-linux-gnu/5/crtendS.o
 *(.eh_frame.*)

.gcc_except_table
 *(.gcc_except_table .gcc_except_table.*)

.gnu_extab
 *(.gnu_extab*)

.exception_ranges
 *(.exception_ranges .exception_ranges*)
                0x0000000000031f10                . = DATA_SEGMENT_ALIGN (0x1000, 0x1000)

.eh_frame
 *(.eh_frame)
 *(.eh_frame.*)

.gnu_extab
 *(.gnu_extab)

.gcc_except_table
 *(.gcc_except_table .gcc_except_table.*)

.exception_ranges
 *(.exception_ranges .exception_ranges*)

.tdata
 *(.tdata .tdata.* .gnu.linkonce.td.*)

.tbss
 *(.tbss .tbss.* .gnu.linkonce.tb.*)
 *(.tcommon)

.preinit_array
 *(.preinit_array)

.init_array     0x0000000000031f10        0x4
 *(SORT(.init_array.*) SORT(.ctors.*))
 *(.init_array EXCLUDE_FILE(*crtend?.o *crtend.o *crtbegin?.o *crtbegin.o) .ctors)
 .init_array    0x0000000000031f10        0x4 /usr/lib/gcc/i686-linux-gnu/5/crtbeginS.o

.fini_array     0x0000000000031f14        0x4
 *(SORT(.fini_array.*) SORT(.dtors.*))
 *(.fini_array EXCLUDE_FILE(*crtend?.o *crtend.o *crtbegin?.o *crtbegin.o) .dtors)
 .fini_array    0x0000000000031f14        0x4 /usr/lib/gcc/i686-linux-gnu/5/crtbeginS.o

.ctors
 *crtbegin.o(.ctors)
 *crtbegin?.o(.ctors)
 *(EXCLUDE_FILE(*crtend?.o *crtend.o) .ctors)
 *(SORT(.ctors.*))
 *(.ctors)

.dtors
 *crtbegin.o(.dtors)
 *crtbegin?.o(.dtors)
 *(EXCLUDE_FILE(*crtend?.o *crtend.o) .dtors)
 *(SORT(.dtors.*))
 *(.dtors)

.jcr            0x0000000000031f18        0x4
 *(.jcr)
 .jcr           0x0000000000031f18        0x0 /usr/lib/gcc/i686-linux-gnu/5/crtbeginS.o
 .jcr           0x0000000000031f18        0x4 /usr/lib/gcc/i686-linux-gnu/5/crtendS.o

.data.rel.ro
 *(.data.rel.ro.local* .gnu.linkonce.d.rel.ro.local.*)
 *(.data.rel.ro .data.rel.ro.* .gnu.linkonce.d.rel.ro.*)

.dynamic        0x0000000000031f1c       0xd0
 *(.dynamic)
 .dynamic       0x0000000000031f1c       0xd0 /usr/lib/gcc/i686-linux-gnu/5/../../../i386-linux-gnu/crti.o
                0x0000000000031f1c                _DYNAMIC

.got            0x0000000000031fec       0x14
 *(.got)
 .got           0x0000000000031fec       0x14 /usr/lib/gcc/i686-linux-gnu/5/../../../i386-linux-gnu/crti.o
 *(.igot)
                0x0000000000032ff4                . = DATA_SEGMENT_RELRO_END (., (SIZEOF (.got.plt) >= 0xc)?0xc:0x0)

.got.plt        0x0000000000032000        0xc
 *(.got.plt)
 .got.plt       0x0000000000032000        0xc /usr/lib/gcc/i686-linux-gnu/5/../../../i386-linux-gnu/crti.o
                0x0000000000032000                _GLOBAL_OFFSET_TABLE_
 *(.igot.plt)

.data           0x0000000000032020      0x286
 *(.data .data.* .gnu.linkonce.d.*)
 .data          0x0000000000032020        0x0 /usr/lib/gcc/i686-linux-gnu/5/../../../i386-linux-gnu/crti.o
 .data          0x0000000000032020        0x0 /usr/lib/gcc/i686-linux-gnu/5/crtbeginS.o
 .data.rel.local
                0x0000000000032020        0x4 /usr/lib/gcc/i686-linux-gnu/5/crtbeginS.o
                0x0000000000032020                __dso_handle
 .data          0x0000000000032024       0x14 mqtt-demo.co
                0x0000000000032028                mqtt_demo_process
 *fill*         0x0000000000032038        0x8 
 .data          0x0000000000032040       0x44 obj_cooja/mtype856.o
                0x0000000000032040                simInterfaces
                0x0000000000032074                sensors
 .data          0x0000000000032084       0x14 obj_cooja/mtype856.a(mqtt.o)
                0x0000000000032088                mqtt_process
 .data          0x0000000000032098        0x0 obj_cooja/mtype856.a(simEnvChange.o)
 .data          0x0000000000032098        0x0 obj_cooja/mtype856.a(cooja_mt.o)
 .data          0x0000000000032098        0x0 obj_cooja/mtype856.a(cooja_mtarch.o)
 .data          0x0000000000032098        0x0 obj_cooja/mtype856.a(rtimer-arch.o)
 .data          0x0000000000032098        0x0 obj_cooja/mtype856.a(beep.o)
 .data          0x0000000000032098        0x0 obj_cooja/mtype856.a(button-sensor.o)
 .data          0x0000000000032098        0x0 obj_cooja/mtype856.a(leds-arch.o)
 .data          0x0000000000032098        0x0 obj_cooja/mtype856.a(moteid.o)
 .data          0x0000000000032098        0x0 obj_cooja/mtype856.a(pir-sensor.o)
 .data          0x0000000000032098        0x0 obj_cooja/mtype856.a(rs232.o)
 .data          0x0000000000032098        0x0 obj_cooja/mtype856.a(vib-sensor.o)
 .data          0x0000000000032098        0x0 obj_cooja/mtype856.a(clock.o)
 .data          0x0000000000032098        0x0 obj_cooja/mtype856.a(log.o)
 .data          0x0000000000032098        0x0 obj_cooja/mtype856.a(cfs-cooja.o)
 .data          0x0000000000032098       0x2c obj_cooja/mtype856.a(cooja-radio.o)
                0x0000000000032098                simRadioHWOn
                0x000000000003209c                simSignalStrength
                0x00000000000320a0                simLastSignalStrength
                0x00000000000320a4                simPower
                0x00000000000320a8                simRadioChannel
                0x00000000000320ac                simLQI
                0x00000000000320b4                cooja_radio_process
 .data          0x00000000000320c4        0x0 obj_cooja/mtype856.a(eeprom.o)
 .data          0x00000000000320c4        0x0 obj_cooja/mtype856.a(random.o)
 .data          0x00000000000320c4       0x10 obj_cooja/mtype856.a(sensors.o)
                0x00000000000320c4                sensors_process
 .data          0x00000000000320d4        0x0 obj_cooja/mtype856.a(leds.o)
 .data          0x00000000000320d4        0x0 obj_cooja/mtype856.a(autostart.o)
 .data          0x00000000000320d4       0x14 obj_cooja/mtype856.a(ctimer.o)
                0x00000000000320d8                ctimer_process
 .data          0x00000000000320e8       0x10 obj_cooja/mtype856.a(etimer.o)
                0x00000000000320e8                etimer_process
 .data          0x00000000000320f8        0x0 obj_cooja/mtype856.a(process.o)
 .data          0x00000000000320f8        0x0 obj_cooja/mtype856.a(rtimer.o)
 .data          0x00000000000320f8        0x0 obj_cooja/mtype856.a(timer.o)
 .data          0x00000000000320f8       0x10 obj_cooja/mtype856.a(serial-line.o)
                0x00000000000320f8                serial_line_process
 .data          0x0000000000032108        0x0 obj_cooja/mtype856.a(list.o)
 .data          0x0000000000032108        0x0 obj_cooja/mtype856.a(ringbuf.o)
 .data          0x0000000000032108        0x0 obj_cooja/mtype856.a(uip-ds6.o)
 .data          0x0000000000032108       0x44 obj_cooja/mtype856.a(uip-ds6-route.o)
                0x0000000000032118                nbr_routes
 .data          0x000000000003214c        0x0 obj_cooja/mtype856.a(uip6.o)
 .data          0x000000000003214c       0x14 obj_cooja/mtype856.a(uip-ds6-nbr.o)
                0x000000000003215c                ds6_neighbors
 .data          0x0000000000032160        0xc obj_cooja/mtype856.a(uip-nd6.o)
 .data          0x000000000003216c        0x0 obj_cooja/mtype856.a(sicslowpan.o)
 .data          0x000000000003216c        0xc obj_cooja/mtype856.a(uip-packetqueue)
 .data          0x0000000000032178       0x14 obj_cooja/mtype856.a(tcp-socket.o)
                0x000000000003217c                tcp_socket_process
 .data          0x000000000003218c       0x10 obj_cooja/mtype856.a(tcpip.o)
                0x000000000003218c                tcpip_process
 .data          0x000000000003219c        0x0 obj_cooja/mtype856.a(uiplib.o)
 .data          0x000000000003219c        0x0 obj_cooja/mtype856.a(uip-debug.o)
 .data          0x000000000003219c        0x0 obj_cooja/mtype856.a(rpl-ext-header.)
 .data          0x000000000003219c        0x0 obj_cooja/mtype856.a(rpl.o)
 .data          0x000000000003219c       0x34 obj_cooja/mtype856.a(rpl-icmp6.o)
 .data          0x00000000000321d0       0x14 obj_cooja/mtype856.a(rpl-dag.o)
                0x00000000000321e0                rpl_parents
 .data          0x00000000000321e4       0x18 obj_cooja/mtype856.a(queuebuf.o)
 .data          0x00000000000321fc       0x10 obj_cooja/mtype856.a(nbr-table.o)
 .data          0x000000000003220c        0x4 obj_cooja/mtype856.a(packetbuf.o)
 .data          0x0000000000032210        0x0 obj_cooja/mtype856.a(netstack.o)
 .data          0x0000000000032210        0x0 obj_cooja/mtype856.a(linkaddr.o)
 .data          0x0000000000032210       0x14 obj_cooja/mtype856.a(link-stats.o)
 .data          0x0000000000032224       0x28 obj_cooja/mtype856.a(csma.o)
 .data          0x000000000003224c        0x0 obj_cooja/mtype856.a(mac.o)
 .data          0x000000000003224c        0x0 obj_cooja/mtype856.a(framer-802154.o)
 .data          0x000000000003224c        0x0 obj_cooja/mtype856.a(nullrdc.o)
 .data          0x000000000003224c        0x0 obj_cooja/mtype856.a(nullsec.o)
 .data          0x000000000003224c        0x0 obj_cooja/mtype856.a(watchdog.o)
 .data          0x000000000003224c        0x0 obj_cooja/mtype856.a(rimestats.o)
 .data          0x000000000003224c        0x0 obj_cooja/mtype856.a(stimer.o)
 .data          0x000000000003224c        0x0 obj_cooja/mtype856.a(memb.o)
 .data          0x000000000003224c       0x20 obj_cooja/mtype856.a(uip-icmp6.o)
 .data          0x000000000003226c        0x0 obj_cooja/mtype856.a(rpl-nbr-policy.)
 .data          0x000000000003226c        0x0 obj_cooja/mtype856.a(rpl-timers.o)
 *fill*         0x000000000003226c       0x14 
 .data          0x0000000000032280       0x24 obj_cooja/mtype856.a(rpl-mrhof.o)
                0x0000000000032280                rpl_mrhof
 .data          0x00000000000322a4        0x0 obj_cooja/mtype856.a(mac-sequence.o)
 .data          0x00000000000322a4        0x2 obj_cooja/mtype856.a(frame802154.o)
 .data          0x00000000000322a6        0x0 /usr/lib/gcc/i686-linux-gnu/5/crtendS.o
 .data          0x00000000000322a6        0x0 /usr/lib/gcc/i686-linux-gnu/5/../../../i386-linux-gnu/crtn.o

.tm_clone_table
                0x00000000000322a8        0x0
 .tm_clone_table
                0x00000000000322a8        0x0 /usr/lib/gcc/i686-linux-gnu/5/crtbeginS.o
 .tm_clone_table
                0x00000000000322a8        0x0 /usr/lib/gcc/i686-linux-gnu/5/crtendS.o

.data1
 *(.data1)
                0x00000000000322a8                _edata = .
                [!provide]                        PROVIDE (edata, .)
                0x00000000000322a8                . = .
                0x00000000000322a8                __bss_start = .

.bss            0x00000000000322c0    0x111a8
 *(.dynbss)
 .dynbss        0x00000000000322c0        0x0 /usr/lib/gcc/i686-linux-gnu/5/../../../i386-linux-gnu/crti.o
 *(.bss .bss.* .gnu.linkonce.b.*)
 .bss           0x00000000000322c0        0x0 /usr/lib/gcc/i686-linux-gnu/5/../../../i386-linux-gnu/crti.o
 .bss           0x00000000000322c0        0x1 /usr/lib/gcc/i686-linux-gnu/5/crtbeginS.o
 *fill*         0x00000000000322c1       0x1f 
 .bss           0x00000000000322e0      0xb70 mqtt-demo.co
 *fill*         0x0000000000032e50       0x10 
 .bss           0x0000000000032e60     0x2030 obj_cooja/mtype856.o
 .bss           0x0000000000034e90       0x15 obj_cooja/mtype856.a(mqtt.o)
 .bss           0x0000000000034ea5        0x1 obj_cooja/mtype856.a(simEnvChange.o)
                0x0000000000034ea5                simDontFallAsleep
 *fill*         0x0000000000034ea6        0x2 
 .bss           0x0000000000034ea8        0x4 obj_cooja/mtype856.a(cooja_mt.o)
 .bss           0x0000000000034eac        0x4 obj_cooja/mtype856.a(cooja_mtarch.o)
 .bss           0x0000000000034eb0        0x0 obj_cooja/mtype856.a(rtimer-arch.o)
 .bss           0x0000000000034eb0        0x0 obj_cooja/mtype856.a(beep.o)
 .bss           0x0000000000034eb0        0x8 obj_cooja/mtype856.a(button-sensor.o)
 .bss           0x0000000000034eb8        0x0 obj_cooja/mtype856.a(leds-arch.o)
 .bss           0x0000000000034eb8        0x0 obj_cooja/mtype856.a(moteid.o)
 .bss           0x0000000000034eb8        0x1 obj_cooja/mtype856.a(pir-sensor.o)
                0x0000000000034eb8                simPirValue
 *fill*         0x0000000000034eb9        0x3 
 .bss           0x0000000000034ebc        0x4 obj_cooja/mtype856.a(rs232.o)
 .bss           0x0000000000034ec0        0x1 obj_cooja/mtype856.a(vib-sensor.o)
                0x0000000000034ec0                simVibValue
 .bss           0x0000000000034ec1        0x0 obj_cooja/mtype856.a(clock.o)
 *fill*         0x0000000000034ec1       0x1f 
 .bss           0x0000000000034ee0      0x420 obj_cooja/mtype856.a(log.o)
 .bss           0x0000000000035300      0xfc0 obj_cooja/mtype856.a(cfs-cooja.o)
                0x0000000000035300                simCFSData
                0x00000000000362a0                simCFSSize
                0x00000000000362a4                simCFSChanged
                0x00000000000362a8                simCFSRead
                0x00000000000362ac                simCFSWritten
 .bss           0x00000000000362c0       0x24 obj_cooja/mtype856.a(cooja-radio.o)
                0x00000000000362c0                simReceiving
                0x00000000000362c4                simInSize
                0x00000000000362c8                simLastPacketTimestamp
                0x00000000000362d0                simOutSize
 .bss           0x00000000000362e4        0xc obj_cooja/mtype856.a(eeprom.o)
                0x00000000000362e4                simEEPROMChanged
                0x00000000000362e8                simEEPROMRead
                0x00000000000362ec                simEEPROMWritten
 .bss           0x00000000000362f0        0x0 obj_cooja/mtype856.a(random.o)
 .bss           0x00000000000362f0        0xc obj_cooja/mtype856.a(sensors.o)
 .bss           0x00000000000362fc        0x1 obj_cooja/mtype856.a(leds.o)
 .bss           0x00000000000362fd        0x0 obj_cooja/mtype856.a(autostart.o)
 *fill*         0x00000000000362fd        0x3 
 .bss           0x0000000000036300        0x5 obj_cooja/mtype856.a(ctimer.o)
 *fill*         0x0000000000036305        0x3 
 .bss           0x0000000000036308        0x8 obj_cooja/mtype856.a(etimer.o)
 *fill*         0x0000000000036310       0x10 
 .bss           0x0000000000036320      0x1a1 obj_cooja/mtype856.a(process.o)
                0x0000000000036320                process_list
                0x0000000000036324                process_current
 *fill*         0x00000000000364c1        0x3 
 .bss           0x00000000000364c4        0x4 obj_cooja/mtype856.a(rtimer.o)
 .bss           0x00000000000364c8        0x0 obj_cooja/mtype856.a(timer.o)
 *fill*         0x00000000000364c8       0x18 
 .bss           0x00000000000364e0      0x140 obj_cooja/mtype856.a(serial-line.o)
 .bss           0x0000000000036620        0x0 obj_cooja/mtype856.a(list.o)
 .bss           0x0000000000036620        0x0 obj_cooja/mtype856.a(ringbuf.o)
 .bss           0x0000000000036620       0x20 obj_cooja/mtype856.a(uip-ds6.o)
 .bss           0x0000000000036640     0x44a4 obj_cooja/mtype856.a(uip-ds6-route.o)
 .bss           0x000000000003aae4        0xc obj_cooja/mtype856.a(uip6.o)
                0x000000000003aae4                uip_ext_bitmap
                0x000000000003aae5                uip_ext_len
                0x000000000003aae6                uip_ext_opt_offset
 *fill*         0x000000000003aaf0       0x10 
 .bss           0x000000000003ab00     0x1c20 obj_cooja/mtype856.a(uip-ds6-nbr.o)
 .bss           0x000000000003c720       0x10 obj_cooja/mtype856.a(uip-nd6.o)
 *fill*         0x000000000003c730       0x10 
 .bss           0x000000000003c740      0x70c obj_cooja/mtype856.a(sicslowpan.o)
 *fill*         0x000000000003ce4c       0x14 
 .bss           0x000000000003ce60      0xcf8 obj_cooja/mtype856.a(uip-packetqueue)
 .bss           0x000000000003db58        0x5 obj_cooja/mtype856.a(tcp-socket.o)
 *fill*         0x000000000003db5d        0x3 
 .bss           0x000000000003db60       0x6a obj_cooja/mtype856.a(tcpip.o)
 .bss           0x000000000003dbca        0x0 obj_cooja/mtype856.a(uiplib.o)
 .bss           0x000000000003dbca        0x0 obj_cooja/mtype856.a(uip-debug.o)
 .bss           0x000000000003dbca        0x0 obj_cooja/mtype856.a(rpl-ext-header.)
 *fill*         0x000000000003dbca        0x2 
 .bss           0x000000000003dbcc        0x4 obj_cooja/mtype856.a(rpl.o)
 .bss           0x000000000003dbd0        0x0 obj_cooja/mtype856.a(rpl-icmp6.o)
 *fill*         0x000000000003dbd0       0x10 
 .bss           0x000000000003dbe0      0x960 obj_cooja/mtype856.a(rpl-dag.o)
 .bss           0x000000000003e540      0xb80 obj_cooja/mtype856.a(queuebuf.o)
 .bss           0x000000000003f0c0     0x1214 obj_cooja/mtype856.a(nbr-table.o)
 *fill*         0x00000000000402d4        0xc 
 .bss           0x00000000000402e0       0xa0 obj_cooja/mtype856.a(packetbuf.o)
 .bss           0x0000000000040380        0x0 obj_cooja/mtype856.a(netstack.o)
 .bss           0x0000000000040380        0x0 obj_cooja/mtype856.a(linkaddr.o)
 .bss           0x0000000000040380      0xe10 obj_cooja/mtype856.a(link-stats.o)
 *fill*         0x0000000000041190       0x10 
 .bss           0x00000000000411a0      0x248 obj_cooja/mtype856.a(csma.o)
 .bss           0x00000000000413e8        0x0 obj_cooja/mtype856.a(mac.o)
 .bss           0x00000000000413e8        0x2 obj_cooja/mtype856.a(framer-802154.o)
 .bss           0x00000000000413ea        0x0 obj_cooja/mtype856.a(nullrdc.o)
 .bss           0x00000000000413ea        0x0 obj_cooja/mtype856.a(nullsec.o)
 .bss           0x00000000000413ea        0x0 obj_cooja/mtype856.a(watchdog.o)
 .bss           0x00000000000413ea        0x0 obj_cooja/mtype856.a(rimestats.o)
 .bss           0x00000000000413ea        0x0 obj_cooja/mtype856.a(stimer.o)
 .bss           0x00000000000413ea        0x0 obj_cooja/mtype856.a(memb.o)
 *fill*         0x00000000000413ea        0x2 
 .bss           0x00000000000413ec       0x18 obj_cooja/mtype856.a(uip-icmp6.o)
 *fill*         0x0000000000041404       0x1c 
 .bss           0x0000000000041420       0x44 obj_cooja/mtype856.a(rpl-nbr-policy.)
 *fill*         0x0000000000041464       0x1c 
 .bss           0x0000000000041480       0x23 obj_cooja/mtype856.a(rpl-timers.o)
 .bss           0x00000000000414a3        0x0 obj_cooja/mtype856.a(rpl-mrhof.o)
 *fill*         0x00000000000414a3       0x1d 
 .bss           0x00000000000414c0      0x100 obj_cooja/mtype856.a(mac-sequence.o)
 .bss           0x00000000000415c0        0x0 obj_cooja/mtype856.a(frame802154.o)
 .bss           0x00000000000415c0        0x0 /usr/lib/gcc/i686-linux-gnu/5/crtendS.o
 .bss           0x00000000000415c0        0x0 /usr/lib/gcc/i686-linux-gnu/5/../../../i386-linux-gnu/crtn.o
 *(COMMON)
 COMMON         0x00000000000415c0        0x8 obj_cooja/mtype856.o
                0x00000000000415c0                referenceVar
                0x00000000000415c4                sensors_flags
 COMMON         0x00000000000415c8        0x1 obj_cooja/mtype856.a(mqtt.o)
                0x00000000000415c8                mqtt_update_event
 *fill*         0x00000000000415c9        0x3 
 COMMON         0x00000000000415cc        0xc obj_cooja/mtype856.a(simEnvChange.o)
                0x00000000000415cc                simEtimerPending
                0x00000000000415d0                simProcessRunValue
                0x00000000000415d4                simEtimerNextExpirationTime
 COMMON         0x00000000000415d8       0x18 obj_cooja/mtype856.a(rtimer-arch.o)
                0x00000000000415d8                simRtimerPending
                0x00000000000415e0                simRtimerCurrentTicks
                0x00000000000415e8                simRtimerNextExpirationTime
 COMMON         0x00000000000415f0        0x1 obj_cooja/mtype856.a(beep.o)
                0x00000000000415f0                simBeeped
 COMMON         0x00000000000415f1        0x3 obj_cooja/mtype856.a(button-sensor.o)
                0x00000000000415f1                simButtonIsActive
                0x00000000000415f2                simButtonIsDown
                0x00000000000415f3                simButtonChanged
 COMMON         0x00000000000415f4        0x1 obj_cooja/mtype856.a(leds-arch.o)
                0x00000000000415f4                simLedsValue
 *fill*         0x00000000000415f5        0x3 
 COMMON         0x00000000000415f8        0xc obj_cooja/mtype856.a(moteid.o)
                0x00000000000415f8                simRandomSeed
                0x00000000000415fc                simMoteIDChanged
                0x0000000000041600                simMoteID
 COMMON         0x0000000000041604        0x2 obj_cooja/mtype856.a(pir-sensor.o)
                0x0000000000041604                simPirIsActive
                0x0000000000041605                simPirChanged
 *fill*         0x0000000000041606       0x1a 
 COMMON         0x0000000000041620      0x820 obj_cooja/mtype856.a(rs232.o)
                0x0000000000041620                simSerialReceivingFlag
                0x0000000000041624                simSerialReceivingLength
                0x0000000000041640                simSerialReceivingData
 COMMON         0x0000000000041e40        0x2 obj_cooja/mtype856.a(vib-sensor.o)
                0x0000000000041e40                simVibChanged
                0x0000000000041e41                simVibIsActive
 *fill*         0x0000000000041e42        0x2 
 COMMON         0x0000000000041e44        0x4 obj_cooja/mtype856.a(clock.o)
                0x0000000000041e44                simCurrentTime
 *fill*         0x0000000000041e48       0x18 
 COMMON         0x0000000000041e60      0x420 obj_cooja/mtype856.a(log.o)
                0x0000000000041e60                simLoggedLength
                0x0000000000041e64                simLoggedFlag
                0x0000000000041e80                simLoggedData
 COMMON         0x0000000000042280      0x100 obj_cooja/mtype856.a(cooja-radio.o)
                0x0000000000042280                simOutDataBuffer
                0x0000000000042300                simInDataBuffer
 COMMON         0x0000000000042380      0x400 obj_cooja/mtype856.a(eeprom.o)
                0x0000000000042380                simEEPROMData
 COMMON         0x0000000000042780        0x1 obj_cooja/mtype856.a(sensors.o)
                0x0000000000042780                sensors_event
 COMMON         0x0000000000042781        0x1 obj_cooja/mtype856.a(serial-line.o)
                0x0000000000042781                serial_line_event_message
 *fill*         0x0000000000042782       0x1e 
 COMMON         0x00000000000427a0      0x181 obj_cooja/mtype856.a(uip-ds6.o)
                0x00000000000427a0                uip_ds6_prefix_list
                0x0000000000042800                uip_ds6_timer_periodic
                0x0000000000042810                uip_ds6_netif_addr_list_offset
                0x0000000000042820                uip_ds6_if
                0x0000000000042918                uip_ds6_timer_ra
                0x0000000000042920                uip_ds6_addr_size
 *fill*         0x0000000000042921       0x1f 
 COMMON         0x0000000000042940      0x8ec obj_cooja/mtype856.a(uip6.o)
                0x0000000000042940                uip_slen
                0x0000000000042944                uip_acc32
                0x0000000000042960                uip_conns
                0x0000000000042a20                uip_lladdr
                0x0000000000042a28                uip_appdata
                0x0000000000042a2c                uip_flags
                0x0000000000042a40                uip_aligned_buf
                0x0000000000043080                uip_listenports
                0x0000000000043090                uip_len
                0x0000000000043094                uip_sappdata
                0x00000000000430a0                uip_udp_conns
                0x0000000000043220                uip_udp_conn
                0x0000000000043224                uip_next_hdr
                0x0000000000043228                uip_conn
 COMMON         0x000000000004322c        0x1 obj_cooja/mtype856.a(tcpip.o)
                0x000000000004322c                tcpip_event
 *fill*         0x000000000004322d       0x13 
 COMMON         0x0000000000043240      0x174 obj_cooja/mtype856.a(rpl-dag.o)
                0x0000000000043240                default_instance
                0x0000000000043260                instance_table
 COMMON         0x00000000000433b4       0x30 obj_cooja/mtype856.a(packetbuf.o)
                0x00000000000433b4                packetbuf_attrs
                0x00000000000433d4                packetbuf_addrs
 COMMON         0x00000000000433e4        0x8 obj_cooja/mtype856.a(linkaddr.o)
                0x00000000000433e4                linkaddr_node_addr
 *fill*         0x00000000000433ec       0x14 
 COMMON         0x0000000000043400       0x20 obj_cooja/mtype856.a(link-stats.o)
                0x0000000000043400                periodic_timer
 COMMON         0x0000000000043420       0x48 obj_cooja/mtype856.a(rimestats.o)
                0x0000000000043420                rimestats
                0x0000000000043468                . = ALIGN ((. != 0x0)?0x4:0x1)
                0x0000000000043468                . = ALIGN (0x4)
                0x0000000000043468                . = SEGMENT_START ("ldata-segment", .)
                0x0000000000043468                . = ALIGN (0x4)
                0x0000000000043468                _end = .
                [!provide]                        PROVIDE (end, .)
                0x0000000000043468                . = DATA_SEGMENT_END (.)

.stab
 *(.stab)

.stabstr
 *(.stabstr)

.stab.excl
 *(.stab.excl)

.stab.exclstr
 *(.stab.exclstr)

.stab.index
 *(.stab.index)

.stab.indexstr
 *(.stab.indexstr)

.comment        0x0000000000000000       0x35
 *(.comment)
 .comment       0x0000000000000000       0x35 /usr/lib/gcc/i686-linux-gnu/5/crtbeginS.o
                                         0x36 (size before relaxing)
 .comment       0x0000000000000035       0x36 mqtt-demo.co
 .comment       0x0000000000000035       0x36 obj_cooja/mtype856.o
 .comment       0x0000000000000035       0x36 obj_cooja/mtype856.a(mqtt.o)
 .comment       0x0000000000000035       0x36 obj_cooja/mtype856.a(simEnvChange.o)
 .comment       0x0000000000000035       0x36 obj_cooja/mtype856.a(cooja_mt.o)
 .comment       0x0000000000000035       0x36 obj_cooja/mtype856.a(cooja_mtarch.o)
 .comment       0x0000000000000035       0x36 obj_cooja/mtype856.a(rtimer-arch.o)
 .comment       0x0000000000000035       0x36 obj_cooja/mtype856.a(beep.o)
 .comment       0x0000000000000035       0x36 obj_cooja/mtype856.a(button-sensor.o)
 .comment       0x0000000000000035       0x36 obj_cooja/mtype856.a(leds-arch.o)
 .comment       0x0000000000000035       0x36 obj_cooja/mtype856.a(moteid.o)
 .comment       0x0000000000000035       0x36 obj_cooja/mtype856.a(pir-sensor.o)
 .comment       0x0000000000000035       0x36 obj_cooja/mtype856.a(rs232.o)
 .comment       0x0000000000000035       0x36 obj_cooja/mtype856.a(vib-sensor.o)
 .comment       0x0000000000000035       0x36 obj_cooja/mtype856.a(clock.o)
 .comment       0x0000000000000035       0x36 obj_cooja/mtype856.a(log.o)
 .comment       0x0000000000000035       0x36 obj_cooja/mtype856.a(cfs-cooja.o)
 .comment       0x0000000000000035       0x36 obj_cooja/mtype856.a(cooja-radio.o)
 .comment       0x0000000000000035       0x36 obj_cooja/mtype856.a(eeprom.o)
 .comment       0x0000000000000035       0x36 obj_cooja/mtype856.a(random.o)
 .comment       0x0000000000000035       0x36 obj_cooja/mtype856.a(sensors.o)
 .comment       0x0000000000000035       0x36 obj_cooja/mtype856.a(leds.o)
 .comment       0x0000000000000035       0x36 obj_cooja/mtype856.a(autostart.o)
 .comment       0x0000000000000035       0x36 obj_cooja/mtype856.a(ctimer.o)
 .comment       0x0000000000000035       0x36 obj_cooja/mtype856.a(etimer.o)
 .comment       0x0000000000000035       0x36 obj_cooja/mtype856.a(process.o)
 .comment       0x0000000000000035       0x36 obj_cooja/mtype856.a(rtimer.o)
 .comment       0x0000000000000035       0x36 obj_cooja/mtype856.a(timer.o)
 .comment       0x0000000000000035       0x36 obj_cooja/mtype856.a(serial-line.o)
 .comment       0x0000000000000035       0x36 obj_cooja/mtype856.a(list.o)
 .comment       0x0000000000000035       0x36 obj_cooja/mtype856.a(ringbuf.o)
 .comment       0x0000000000000035       0x36 obj_cooja/mtype856.a(uip-ds6.o)
 .comment       0x0000000000000035       0x36 obj_cooja/mtype856.a(uip-ds6-route.o)
 .comment       0x0000000000000035       0x36 obj_cooja/mtype856.a(uip6.o)
 .comment       0x0000000000000035       0x36 obj_cooja/mtype856.a(uip-ds6-nbr.o)
 .comment       0x0000000000000035       0x36 obj_cooja/mtype856.a(uip-nd6.o)
 .comment       0x0000000000000035       0x36 obj_cooja/mtype856.a(sicslowpan.o)
 .comment       0x0000000000000035       0x36 obj_cooja/mtype856.a(uip-packetqueue)
 .comment       0x0000000000000035       0x36 obj_cooja/mtype856.a(tcp-socket.o)
 .comment       0x0000000000000035       0x36 obj_cooja/mtype856.a(tcpip.o)
 .comment       0x0000000000000035       0x36 obj_cooja/mtype856.a(uiplib.o)
 .comment       0x0000000000000035       0x36 obj_cooja/mtype856.a(uip-debug.o)
 .comment       0x0000000000000035       0x36 obj_cooja/mtype856.a(rpl-ext-header.)
 .comment       0x0000000000000035       0x36 obj_cooja/mtype856.a(rpl.o)
 .comment       0x0000000000000035       0x36 obj_cooja/mtype856.a(rpl-icmp6.o)
 .comment       0x0000000000000035       0x36 obj_cooja/mtype856.a(rpl-dag.o)
 .comment       0x0000000000000035       0x36 obj_cooja/mtype856.a(queuebuf.o)
 .comment       0x0000000000000035       0x36 obj_cooja/mtype856.a(nbr-table.o)
 .comment       0x0000000000000035       0x36 obj_cooja/mtype856.a(packetbuf.o)
 .comment       0x0000000000000035       0x36 obj_cooja/mtype856.a(netstack.o)
 .comment       0x0000000000000035       0x36 obj_cooja/mtype856.a(linkaddr.o)
 .comment       0x0000000000000035       0x36 obj_cooja/mtype856.a(link-stats.o)
 .comment       0x0000000000000035       0x36 obj_cooja/mtype856.a(csma.o)
 .comment       0x0000000000000035       0x36 obj_cooja/mtype856.a(mac.o)
 .comment       0x0000000000000035       0x36 obj_cooja/mtype856.a(framer-802154.o)
 .comment       0x0000000000000035       0x36 obj_cooja/mtype856.a(nullrdc.o)
 .comment       0x0000000000000035       0x36 obj_cooja/mtype856.a(nullsec.o)
 .comment       0x0000000000000035       0x36 obj_cooja/mtype856.a(watchdog.o)
 .comment       0x0000000000000035       0x36 obj_cooja/mtype856.a(rimestats.o)
 .comment       0x0000000000000035       0x36 obj_cooja/mtype856.a(stimer.o)
 .comment       0x0000000000000035       0x36 obj_cooja/mtype856.a(memb.o)
 .comment       0x0000000000000035       0x36 obj_cooja/mtype856.a(uip-icmp6.o)
 .comment       0x0000000000000035       0x36 obj_cooja/mtype856.a(rpl-nbr-policy.)
 .comment       0x0000000000000035       0x36 obj_cooja/mtype856.a(rpl-timers.o)
 .comment       0x0000000000000035       0x36 obj_cooja/mtype856.a(rpl-mrhof.o)
 .comment       0x0000000000000035       0x36 obj_cooja/mtype856.a(mac-sequence.o)
 .comment       0x0000000000000035       0x36 obj_cooja/mtype856.a(frame802154.o)
 .comment       0x0000000000000035       0x36 /usr/lib/gcc/i686-linux-gnu/5/crtendS.o

.debug
 *(.debug)

.line
 *(.line)

.debug_srcinfo
 *(.debug_srcinfo)

.debug_sfnames
 *(.debug_sfnames)

.debug_aranges  0x0000000000000000      0x858
 *(.debug_aranges)
 .debug_aranges
                0x0000000000000000       0x20 mqtt-demo.co
 .debug_aranges
                0x0000000000000020       0x20 obj_cooja/mtype856.o
 .debug_aranges
                0x0000000000000040       0x20 obj_cooja/mtype856.a(mqtt.o)
 .debug_aranges
                0x0000000000000060       0x20 obj_cooja/mtype856.a(simEnvChange.o)
 .debug_aranges
                0x0000000000000080       0x20 obj_cooja/mtype856.a(cooja_mt.o)
 .debug_aranges
                0x00000000000000a0       0x20 obj_cooja/mtype856.a(cooja_mtarch.o)
 .debug_aranges
                0x00000000000000c0       0x20 obj_cooja/mtype856.a(rtimer-arch.o)
 .debug_aranges
                0x00000000000000e0       0x20 obj_cooja/mtype856.a(beep.o)
 .debug_aranges
                0x0000000000000100       0x20 obj_cooja/mtype856.a(button-sensor.o)
 .debug_aranges
                0x0000000000000120       0x20 obj_cooja/mtype856.a(leds-arch.o)
 .debug_aranges
                0x0000000000000140       0x20 obj_cooja/mtype856.a(moteid.o)
 .debug_aranges
                0x0000000000000160       0x20 obj_cooja/mtype856.a(pir-sensor.o)
 .debug_aranges
                0x0000000000000180       0x20 obj_cooja/mtype856.a(rs232.o)
 .debug_aranges
                0x00000000000001a0       0x20 obj_cooja/mtype856.a(vib-sensor.o)
 .debug_aranges
                0x00000000000001c0       0x20 obj_cooja/mtype856.a(clock.o)
 .debug_aranges
                0x00000000000001e0       0x20 obj_cooja/mtype856.a(log.o)
 .debug_aranges
                0x0000000000000200       0x20 obj_cooja/mtype856.a(cfs-cooja.o)
 .debug_aranges
                0x0000000000000220       0x20 obj_cooja/mtype856.a(cooja-radio.o)
 .debug_aranges
                0x0000000000000240       0x20 obj_cooja/mtype856.a(eeprom.o)
 .debug_aranges
                0x0000000000000260       0x20 obj_cooja/mtype856.a(random.o)
 .debug_aranges
                0x0000000000000280       0x20 obj_cooja/mtype856.a(sensors.o)
 .debug_aranges
                0x00000000000002a0       0x20 obj_cooja/mtype856.a(leds.o)
 .debug_aranges
                0x00000000000002c0       0x20 obj_cooja/mtype856.a(autostart.o)
 .debug_aranges
                0x00000000000002e0       0x20 obj_cooja/mtype856.a(ctimer.o)
 .debug_aranges
                0x0000000000000300       0x20 obj_cooja/mtype856.a(etimer.o)
 .debug_aranges
                0x0000000000000320       0x20 obj_cooja/mtype856.a(process.o)
 .debug_aranges
                0x0000000000000340       0x20 obj_cooja/mtype856.a(rtimer.o)
 .debug_aranges
                0x0000000000000360       0x20 obj_cooja/mtype856.a(timer.o)
 .debug_aranges
                0x0000000000000380       0x20 obj_cooja/mtype856.a(serial-line.o)
 .debug_aranges
                0x00000000000003a0       0x20 obj_cooja/mtype856.a(list.o)
 .debug_aranges
                0x00000000000003c0       0x20 obj_cooja/mtype856.a(ringbuf.o)
 .debug_aranges
                0x00000000000003e0       0x20 obj_cooja/mtype856.a(uip-ds6.o)
 .debug_aranges
                0x0000000000000400       0x20 obj_cooja/mtype856.a(uip-ds6-route.o)
 .debug_aranges
                0x0000000000000420       0x20 obj_cooja/mtype856.a(uip6.o)
 .debug_aranges
                0x0000000000000440       0x20 obj_cooja/mtype856.a(uip-ds6-nbr.o)
 .debug_aranges
                0x0000000000000460       0x20 obj_cooja/mtype856.a(uip-nd6.o)
 .debug_aranges
                0x0000000000000480       0x20 obj_cooja/mtype856.a(sicslowpan.o)
 .debug_aranges
                0x00000000000004a0       0x20 obj_cooja/mtype856.a(uip-packetqueue)
 .debug_aranges
                0x00000000000004c0       0x20 obj_cooja/mtype856.a(tcp-socket.o)
 .debug_aranges
                0x00000000000004e0       0x20 obj_cooja/mtype856.a(tcpip.o)
 .debug_aranges
                0x0000000000000500       0x20 obj_cooja/mtype856.a(uiplib.o)
 .debug_aranges
                0x0000000000000520       0x20 obj_cooja/mtype856.a(uip-debug.o)
 .debug_aranges
                0x0000000000000540       0x20 obj_cooja/mtype856.a(rpl-ext-header.)
 .debug_aranges
                0x0000000000000560       0x20 obj_cooja/mtype856.a(rpl.o)
 .debug_aranges
                0x0000000000000580       0x20 obj_cooja/mtype856.a(rpl-icmp6.o)
 .debug_aranges
                0x00000000000005a0       0x20 obj_cooja/mtype856.a(rpl-dag.o)
 .debug_aranges
                0x00000000000005c0       0x20 obj_cooja/mtype856.a(queuebuf.o)
 .debug_aranges
                0x00000000000005e0       0x20 obj_cooja/mtype856.a(nbr-table.o)
 .debug_aranges
                0x0000000000000600       0x20 obj_cooja/mtype856.a(packetbuf.o)
 .debug_aranges
                0x0000000000000620       0x20 obj_cooja/mtype856.a(netstack.o)
 .debug_aranges
                0x0000000000000640       0x20 obj_cooja/mtype856.a(linkaddr.o)
 .debug_aranges
                0x0000000000000660       0x20 obj_cooja/mtype856.a(link-stats.o)
 .debug_aranges
                0x0000000000000680       0x20 obj_cooja/mtype856.a(csma.o)
 .debug_aranges
                0x00000000000006a0       0x20 obj_cooja/mtype856.a(mac.o)
 .debug_aranges
                0x00000000000006c0       0x20 obj_cooja/mtype856.a(framer-802154.o)
 .debug_aranges
                0x00000000000006e0       0x20 obj_cooja/mtype856.a(nullrdc.o)
 .debug_aranges
                0x0000000000000700       0x20 obj_cooja/mtype856.a(nullsec.o)
 .debug_aranges
                0x0000000000000720       0x20 obj_cooja/mtype856.a(watchdog.o)
 .debug_aranges
                0x0000000000000740       0x18 obj_cooja/mtype856.a(rimestats.o)
 .debug_aranges
                0x0000000000000758       0x20 obj_cooja/mtype856.a(stimer.o)
 .debug_aranges
                0x0000000000000778       0x20 obj_cooja/mtype856.a(memb.o)
 .debug_aranges
                0x0000000000000798       0x20 obj_cooja/mtype856.a(uip-icmp6.o)
 .debug_aranges
                0x00000000000007b8       0x20 obj_cooja/mtype856.a(rpl-nbr-policy.)
 .debug_aranges
                0x00000000000007d8       0x20 obj_cooja/mtype856.a(rpl-timers.o)
 .debug_aranges
                0x00000000000007f8       0x20 obj_cooja/mtype856.a(rpl-mrhof.o)
 .debug_aranges
                0x0000000000000818       0x20 obj_cooja/mtype856.a(mac-sequence.o)
 .debug_aranges
                0x0000000000000838       0x20 obj_cooja/mtype856.a(frame802154.o)

.debug_pubnames
 *(.debug_pubnames)

.debug_info     0x0000000000000000    0x1e346
 *(.debug_info .gnu.linkonce.wi.*)
 .debug_info    0x0000000000000000     0x1039 mqtt-demo.co
 .debug_info    0x0000000000001039     0x36e3 obj_cooja/mtype856.o
 .debug_info    0x000000000000471c     0x1759 obj_cooja/mtype856.a(mqtt.o)
 .debug_info    0x0000000000005e75      0x15a obj_cooja/mtype856.a(simEnvChange.o)
 .debug_info    0x0000000000005fcf      0x1e2 obj_cooja/mtype856.a(cooja_mt.o)
 .debug_info    0x00000000000061b1      0x2ee obj_cooja/mtype856.a(cooja_mtarch.o)
 .debug_info    0x000000000000649f      0x181 obj_cooja/mtype856.a(rtimer-arch.o)
 .debug_info    0x0000000000006620      0x1f3 obj_cooja/mtype856.a(beep.o)
 .debug_info    0x0000000000006813      0x257 obj_cooja/mtype856.a(button-sensor.o)
 .debug_info    0x0000000000006a6a      0x132 obj_cooja/mtype856.a(leds-arch.o)
 .debug_info    0x0000000000006b9c      0x10a obj_cooja/mtype856.a(moteid.o)
 .debug_info    0x0000000000006ca6      0x216 obj_cooja/mtype856.a(pir-sensor.o)
 .debug_info    0x0000000000006ebc      0x21e obj_cooja/mtype856.a(rs232.o)
 .debug_info    0x00000000000070da      0x216 obj_cooja/mtype856.a(vib-sensor.o)
 .debug_info    0x00000000000072f0      0x152 obj_cooja/mtype856.a(clock.o)
 .debug_info    0x0000000000007442      0x2bb obj_cooja/mtype856.a(log.o)
 .debug_info    0x00000000000076fd      0x3cf obj_cooja/mtype856.a(cfs-cooja.o)
 .debug_info    0x0000000000007acc      0xd32 obj_cooja/mtype856.a(cooja-radio.o)
 .debug_info    0x00000000000087fe      0x1d5 obj_cooja/mtype856.a(eeprom.o)
 .debug_info    0x00000000000089d3       0xb3 obj_cooja/mtype856.a(random.o)
 .debug_info    0x0000000000008a86      0x36d obj_cooja/mtype856.a(sensors.o)
 .debug_info    0x0000000000008df3      0x189 obj_cooja/mtype856.a(leds.o)
 .debug_info    0x0000000000008f7c      0x1a5 obj_cooja/mtype856.a(autostart.o)
 .debug_info    0x0000000000009121      0x46c obj_cooja/mtype856.a(ctimer.o)
 .debug_info    0x000000000000958d      0x498 obj_cooja/mtype856.a(etimer.o)
 .debug_info    0x0000000000009a25      0x4ab obj_cooja/mtype856.a(process.o)
 .debug_info    0x0000000000009ed0      0x1ba obj_cooja/mtype856.a(rtimer.o)
 .debug_info    0x000000000000a08a      0x16c obj_cooja/mtype856.a(timer.o)
 .debug_info    0x000000000000a1f6      0x2da obj_cooja/mtype856.a(serial-line.o)